2026-09-11 22:14:03.109 | INFO     | __main__:load_raw_data:93 - Loading raw data from: data/Nifty50_2Years_1Min.csv
2026-09-11 22:14:03.496 | INFO     | __main__:load_raw_data:123 - Loaded 184,373 1-min bars  |  2024-04-23 to 2026-04-23
2026-09-11 22:14:03.497 | INFO     | __main__:run_walk_forward:209 - Walk-Forward Config: TRAIN=2mo  TEST=1mo  STEP=1mo  |  Data: 2024-04-23 to 2026-04-23
2026-09-11 22:14:03.498 | INFO     | __main__:run_walk_forward:226 - Total folds planned: 22
2026-09-11 22:14:03.498 | INFO     | __main__:run_walk_forward:239 - 
========================================================================
2026-09-11 22:14:03.498 | INFO     | __main__:run_walk_forward:240 -   Fold_01__Train_2024-04-23_2024-06-23__Test_2024-06-23_2024-07-23
2026-09-11 22:14:03.498 | INFO     | __main__:run_walk_forward:241 - ========================================================================
2026-09-11 22:14:03.500 | INFO     | __main__:run_walk_forward:246 -   Train bars: 15,480  |  Test bars: 7,491
2026-09-11 22:14:03.500 | INFO     | __main__:run_walk_forward:252 -   Building TRAIN features & labels...
2026-09-11 22:14:03.503 | INFO     | app.features.feature_pipeline:generate_features:26 - Calculating Price Features...
2026-09-11 22:14:03.515 | INFO     | app.features.feature_pipeline:generate_features:33 - Calculating Market Structure Features...
2026-09-11 22:14:03.542 | INFO     | app.features.feature_pipeline:generate_features:37 - Calculating Time Features...
2026-09-11 22:14:03.544 | INFO     | app.features.feature_pipeline:generate_features:48 - Feature pipeline complete. Dropped 0 rows due to rolling window warm-up.
2026-09-11 22:14:03.575 | INFO     | app.ml.labeling:apply_advanced_regime_labeling:81 - Regime Labeling complete. Distribution: {5.0: 5383, 6.0: 2997, 7.0: 2395, 2.0: 1887, 4.0: 1356, 1.0: 760, 3.0: 642}
2026-09-11 22:14:03.577 | INFO     | __main__:run_walk_forward:258 -   Building TEST features & labels...
2026-09-11 22:14:03.580 | INFO     | app.features.feature_pipeline:generate_features:26 - Calculating Price Features...
2026-09-11 22:14:03.585 | INFO     | app.features.feature_pipeline:generate_features:33 - Calculating Market Structure Features...
2026-09-11 22:14:03.599 | INFO     | app.features.feature_pipeline:generate_features:37 - Calculating Time Features...
2026-09-11 22:14:03.601 | INFO     | app.features.feature_pipeline:generate_features:48 - Feature pipeline complete. Dropped 0 rows due to rolling window warm-up.
2026-09-11 22:14:03.616 | INFO     | app.ml.labeling:apply_advanced_regime_labeling:81 - Regime Labeling complete. Distribution: {5.0: 3877, 2.0: 908, 7.0: 755, 4.0: 611, 6.0: 528, 1.0: 497, 3.0: 255}
2026-09-11 22:14:03.618 | INFO     | __main__:run_walk_forward:273 -   TRAIN labels (0-6): {0: 760, 1: 1887, 2: 642, 3: 1356, 4: 5383, 5: 2997, 6: 2395}
2026-09-11 22:14:03.618 | INFO     | __main__:run_walk_forward:274 -   TEST  labels (0-6): {0: 497, 1: 908, 2: 255, 3: 611, 4: 3877, 5: 528, 6: 755}
2026-09-11 22:14:03.618 | INFO     | __main__:run_walk_forward:276 -   Training XGBoost...
2026-09-11 22:14:05.569 | INFO     | __main__:evaluate:185 - [Fold_01__Train_2024-04-23_2024-06-23__Test_2024-06-23_2024-07-23]  Acc=0.1616  Prec=0.3190  Rec=0.1952  F1=0.1213
2026-09-11 22:14:05.574 | INFO     | __main__:run_walk_forward:292 -   Model saved: models/walk_forward/Fold_01__Train_2024-04-23_2024-06-23__Test_2024-06-23_2024-07-23.joblib
2026-09-11 22:14:05.574 | INFO     | __main__:run_walk_forward:239 - 
========================================================================
2026-09-11 22:14:05.574 | INFO     | __main__:run_walk_forward:240 -   Fold_02__Train_2024-05-23_2024-07-23__Test_2024-07-23_2024-08-23
2026-09-11 22:14:05.574 | INFO     | __main__:run_walk_forward:241 - ========================================================================
2026-09-11 22:14:05.576 | INFO     | __main__:run_walk_forward:246 -   Train bars: 15,366  |  Test bars: 8,250
2026-09-11 22:14:05.576 | INFO     | __main__:run_walk_forward:252 -   Building TRAIN features & labels...
2026-09-11 22:14:05.580 | INFO     | app.features.feature_pipeline:generate_features:26 - Calculating Price Features...
2026-09-11 22:14:05.589 | INFO     | app.features.feature_pipeline:generate_features:33 - Calculating Market Structure Features...
2026-09-11 22:14:05.612 | INFO     | app.features.feature_pipeline:generate_features:37 - Calculating Time Features...
2026-09-11 22:14:05.615 | INFO     | app.features.feature_pipeline:generate_features:48 - Feature pipeline complete. Dropped 0 rows due to rolling window warm-up.
2026-09-11 22:14:05.644 | INFO     | app.ml.labeling:apply_advanced_regime_labeling:81 - Regime Labeling complete. Distribution: {5.0: 6560, 6.0: 2539, 7.0: 1842, 2.0: 1714, 4.0: 1244, 1.0: 887, 3.0: 520}
2026-09-11 22:14:05.645 | INFO     | __main__:run_walk_forward:258 -   Building TEST features & labels...
2026-09-11 22:14:05.648 | INFO     | app.features.feature_pipeline:generate_features:26 - Calculating Price Features...
2026-09-11 22:14:05.654 | INFO     | app.features.feature_pipeline:generate_features:33 - Calculating Market Structure Features...
2026-09-11 22:14:05.670 | INFO     | app.features.feature_pipeline:generate_features:37 - Calculating Time Features...
2026-09-11 22:14:05.672 | INFO     | app.features.feature_pipeline:generate_features:48 - Feature pipeline complete. Dropped 0 rows due to rolling window warm-up.
2026-09-11 22:14:05.689 | INFO     | app.ml.labeling:apply_advanced_regime_labeling:81 - Regime Labeling complete. Distribution: {5.0: 3520, 6.0: 1269, 7.0: 910, 2.0: 849, 4.0: 806, 1.0: 491, 3.0: 345}
2026-09-11 22:14:05.691 | INFO     | __main__:run_walk_forward:273 -   TRAIN labels (0-6): {0: 887, 1: 1714, 2: 520, 3: 1244, 4: 6560, 5: 2539, 6: 1842}
2026-09-11 22:14:05.691 | INFO     | __main__:run_walk_forward:274 -   TEST  labels (0-6): {0: 491, 1: 849, 2: 345, 3: 806, 4: 3520, 5: 1269, 6: 910}
2026-09-11 22:14:05.691 | INFO     | __main__:run_walk_forward:276 -   Training XGBoost...
2026-09-11 22:14:07.605 | INFO     | __main__:evaluate:185 - [Fold_02__Train_2024-05-23_2024-07-23__Test_2024-07-23_2024-08-23]  Acc=0.3656  Prec=0.2278  Rec=0.1945  F1=0.1929
2026-09-11 22:14:07.609 | INFO     | __main__:run_walk_forward:292 -   Model saved: models/walk_forward/Fold_02__Train_2024-05-23_2024-07-23__Test_2024-07-23_2024-08-23.joblib
2026-09-11 22:14:07.609 | INFO     | __main__:run_walk_forward:239 - 
========================================================================
2026-09-11 22:14:07.609 | INFO     | __main__:run_walk_forward:240 -   Fold_03__Train_2024-06-23_2024-08-23__Test_2024-08-23_2024-09-23
2026-09-11 22:14:07.609 | INFO     | __main__:run_walk_forward:241 - ========================================================================
2026-09-11 22:14:07.611 | INFO     | __main__:run_walk_forward:246 -   Train bars: 15,741  |  Test bars: 7,875
2026-09-11 22:14:07.611 | INFO     | __main__:run_walk_forward:252 -   Building TRAIN features & labels...
2026-09-11 22:14:07.615 | INFO     | app.features.feature_pipeline:generate_features:26 - Calculating Price Features...
2026-09-11 22:14:07.623 | INFO     | app.features.feature_pipeline:generate_features:33 - Calculating Market Structure Features...
2026-09-11 22:14:07.647 | INFO     | app.features.feature_pipeline:generate_features:37 - Calculating Time Features...
2026-09-11 22:14:07.649 | INFO     | app.features.feature_pipeline:generate_features:48 - Feature pipeline complete. Dropped 0 rows due to rolling window warm-up.
2026-09-11 22:14:07.680 | INFO     | app.ml.labeling:apply_advanced_regime_labeling:81 - Regime Labeling complete. Distribution: {5.0: 7397, 6.0: 1797, 2.0: 1762, 7.0: 1706, 4.0: 1431, 1.0: 988, 3.0: 600}
2026-09-11 22:14:07.681 | INFO     | __main__:run_walk_forward:258 -   Building TEST features & labels...
2026-09-11 22:14:07.684 | INFO     | app.features.feature_pipeline:generate_features:26 - Calculating Price Features...
2026-09-11 22:14:07.689 | INFO     | app.features.feature_pipeline:generate_features:33 - Calculating Market Structure Features...
2026-09-11 22:14:07.705 | INFO     | app.features.feature_pipeline:generate_features:37 - Calculating Time Features...
2026-09-11 22:14:07.707 | INFO     | app.features.feature_pipeline:generate_features:48 - Feature pipeline complete. Dropped 0 rows due to rolling window warm-up.
2026-09-11 22:14:07.723 | INFO     | app.ml.labeling:apply_advanced_regime_labeling:81 - Regime Labeling complete. Distribution: {5.0: 4633, 2.0: 845, 6.0: 740, 7.0: 629, 4.0: 551, 1.0: 218, 3.0: 199}
2026-09-11 22:14:07.725 | INFO     | __main__:run_walk_forward:273 -   TRAIN labels (0-6): {0: 988, 1: 1762, 2: 600, 3: 1431, 4: 7397, 5: 1797, 6: 1706}
2026-09-11 22:14:07.725 | INFO     | __main__:run_walk_forward:274 -   TEST  labels (0-6): {0: 218, 1: 845, 2: 199, 3: 551, 4: 4633, 5: 740, 6: 629}
2026-09-11 22:14:07.725 | INFO     | __main__:run_walk_forward:276 -   Training XGBoost...
2026-09-11 22:14:09.656 | INFO     | __main__:evaluate:185 - [Fold_03__Train_2024-06-23_2024-08-23__Test_2024-08-23_2024-09-23]  Acc=0.4916  Prec=0.3318  Rec=0.2106  F1=0.1912
2026-09-11 22:14:09.660 | INFO     | __main__:run_walk_forward:292 -   Model saved: models/walk_forward/Fold_03__Train_2024-06-23_2024-08-23__Test_2024-08-23_2024-09-23.joblib
2026-09-11 22:14:09.660 | INFO     | __main__:run_walk_forward:239 - 
========================================================================
2026-09-11 22:14:09.660 | INFO     | __main__:run_walk_forward:240 -   Fold_04__Train_2024-07-23_2024-09-23__Test_2024-09-23_2024-10-23
2026-09-11 22:14:09.660 | INFO     | __main__:run_walk_forward:241 - ========================================================================
2026-09-11 22:14:09.662 | INFO     | __main__:run_walk_forward:246 -   Train bars: 16,125  |  Test bars: 7,875
2026-09-11 22:14:09.662 | INFO     | __main__:run_walk_forward:252 -   Building TRAIN features & labels...
2026-09-11 22:14:09.665 | INFO     | app.features.feature_pipeline:generate_features:26 - Calculating Price Features...
2026-09-11 22:14:09.673 | INFO     | app.features.feature_pipeline:generate_features:33 - Calculating Market Structure Features...
2026-09-11 22:14:09.697 | INFO     | app.features.feature_pipeline:generate_features:37 - Calculating Time Features...
2026-09-11 22:14:09.699 | INFO     | app.features.feature_pipeline:generate_features:48 - Feature pipeline complete. Dropped 0 rows due to rolling window warm-up.
2026-09-11 22:14:09.732 | INFO     | app.ml.labeling:apply_advanced_regime_labeling:81 - Regime Labeling complete. Distribution: {5.0: 8176, 6.0: 2009, 2.0: 1694, 7.0: 1575, 4.0: 1358, 1.0: 709, 3.0: 544}
2026-09-11 22:14:09.733 | INFO     | __main__:run_walk_forward:258 -   Building TEST features & labels...
2026-09-11 22:14:09.736 | INFO     | app.features.feature_pipeline:generate_features:26 - Calculating Price Features...
2026-09-11 22:14:09.742 | INFO     | app.features.feature_pipeline:generate_features:33 - Calculating Market Structure Features...
2026-09-11 22:14:09.756 | INFO     | app.features.feature_pipeline:generate_features:37 - Calculating Time Features...
2026-09-11 22:14:09.757 | INFO     | app.features.feature_pipeline:generate_features:48 - Feature pipeline complete. Dropped 0 rows due to rolling window warm-up.
2026-09-11 22:14:09.773 | INFO     | app.ml.labeling:apply_advanced_regime_labeling:81 - Regime Labeling complete. Distribution: {5.0: 3288, 6.0: 1089, 4.0: 1062, 7.0: 894, 2.0: 707, 3.0: 437, 1.0: 338}
2026-09-11 22:14:09.775 | INFO     | __main__:run_walk_forward:273 -   TRAIN labels (0-6): {0: 709, 1: 1694, 2: 544, 3: 1358, 4: 8176, 5: 2009, 6: 1575}
2026-09-11 22:14:09.775 | INFO     | __main__:run_walk_forward:274 -   TEST  labels (0-6): {0: 338, 1: 707, 2: 437, 3: 1062, 4: 3288, 5: 1089, 6: 894}
2026-09-11 22:14:09.775 | INFO     | __main__:run_walk_forward:276 -   Training XGBoost...
2026-09-11 22:14:11.724 | INFO     | __main__:evaluate:185 - [Fold_04__Train_2024-07-23_2024-09-23__Test_2024-09-23_2024-10-23]  Acc=0.2786  Prec=0.1674  Rec=0.1599  F1=0.1469
2026-09-11 22:14:11.728 | INFO     | __main__:run_walk_forward:292 -   Model saved: models/walk_forward/Fold_04__Train_2024-07-23_2024-09-23__Test_2024-09-23_2024-10-23.joblib
2026-09-11 22:14:11.728 | INFO     | __main__:run_walk_forward:239 - 
========================================================================
2026-09-11 22:14:11.728 | INFO     | __main__:run_walk_forward:240 -   Fold_05__Train_2024-08-23_2024-10-23__Test_2024-10-23_2024-11-23
2026-09-11 22:14:11.728 | INFO     | __main__:run_walk_forward:241 - ========================================================================
2026-09-11 22:14:11.730 | INFO     | __main__:run_walk_forward:246 -   Train bars: 15,750  |  Test bars: 7,500
2026-09-11 22:14:11.730 | INFO     | __main__:run_walk_forward:252 -   Building TRAIN features & labels...
2026-09-11 22:14:11.733 | INFO     | app.features.feature_pipeline:generate_features:26 - Calculating Price Features...
2026-09-11 22:14:11.741 | INFO     | app.features.feature_pipeline:generate_features:33 - Calculating Market Structure Features...
2026-09-11 22:14:11.796 | INFO     | app.features.feature_pipeline:generate_features:37 - Calculating Time Features...
2026-09-11 22:14:11.799 | INFO     | app.features.feature_pipeline:generate_features:48 - Feature pipeline complete. Dropped 0 rows due to rolling window warm-up.
2026-09-11 22:14:11.838 | INFO     | app.ml.labeling:apply_advanced_regime_labeling:81 - Regime Labeling complete. Distribution: {5.0: 7921, 6.0: 1863, 4.0: 1613, 2.0: 1554, 7.0: 1523, 3.0: 636, 1.0: 580}
2026-09-11 22:14:11.839 | INFO     | __main__:run_walk_forward:258 -   Building TEST features & labels...
2026-09-11 22:14:11.842 | INFO     | app.features.feature_pipeline:generate_features:26 - Calculating Price Features...
2026-09-11 22:14:11.848 | INFO     | app.features.feature_pipeline:generate_features:33 - Calculating Market Structure Features...
2026-09-11 22:14:11.861 | INFO     | app.features.feature_pipeline:generate_features:37 - Calculating Time Features...
2026-09-11 22:14:11.863 | INFO     | app.features.feature_pipeline:generate_features:48 - Feature pipeline complete. Dropped 0 rows due to rolling window warm-up.
2026-09-11 22:14:11.878 | INFO     | app.ml.labeling:apply_advanced_regime_labeling:81 - Regime Labeling complete. Distribution: {5.0: 2256, 6.0: 1653, 7.0: 1281, 4.0: 831, 2.0: 678, 3.0: 381, 1.0: 360}
2026-09-11 22:14:11.881 | INFO     | __main__:run_walk_forward:273 -   TRAIN labels (0-6): {0: 580, 1: 1554, 2: 636, 3: 1613, 4: 7921, 5: 1863, 6: 1523}
2026-09-11 22:14:11.881 | INFO     | __main__:run_walk_forward:274 -   TEST  labels (0-6): {0: 360, 1: 678, 2: 381, 3: 831, 4: 2256, 5: 1653, 6: 1281}
2026-09-11 22:14:11.881 | INFO     | __main__:run_walk_forward:276 -   Training XGBoost...
2026-09-11 22:14:13.879 | INFO     | __main__:evaluate:185 - [Fold_05__Train_2024-08-23_2024-10-23__Test_2024-10-23_2024-11-23]  Acc=0.3368  Prec=0.2081  Rec=0.2030  F1=0.1693
2026-09-11 22:14:13.883 | INFO     | __main__:run_walk_forward:292 -   Model saved: models/walk_forward/Fold_05__Train_2024-08-23_2024-10-23__Test_2024-10-23_2024-11-23.joblib
2026-09-11 22:14:13.883 | INFO     | __main__:run_walk_forward:239 - 
========================================================================
2026-09-11 22:14:13.883 | INFO     | __main__:run_walk_forward:240 -   Fold_06__Train_2024-09-23_2024-11-23__Test_2024-11-23_2024-12-23
2026-09-11 22:14:13.883 | INFO     | __main__:run_walk_forward:241 - ========================================================================
2026-09-11 22:14:13.885 | INFO     | __main__:run_walk_forward:246 -   Train bars: 15,375  |  Test bars: 7,500
2026-09-11 22:14:13.885 | INFO     | __main__:run_walk_forward:252 -   Building TRAIN features & labels...
2026-09-11 22:14:13.888 | INFO     | app.features.feature_pipeline:generate_features:26 - Calculating Price Features...
2026-09-11 22:14:13.896 | INFO     | app.features.feature_pipeline:generate_features:33 - Calculating Market Structure Features...
2026-09-11 22:14:13.921 | INFO     | app.features.feature_pipeline:generate_features:37 - Calculating Time Features...
2026-09-11 22:14:13.923 | INFO     | app.features.feature_pipeline:generate_features:48 - Feature pipeline complete. Dropped 0 rows due to rolling window warm-up.
2026-09-11 22:14:13.954 | INFO     | app.ml.labeling:apply_advanced_regime_labeling:81 - Regime Labeling complete. Distribution: {5.0: 5544, 6.0: 2793, 7.0: 2179, 4.0: 1895, 2.0: 1385, 3.0: 821, 1.0: 698}
2026-09-11 22:14:13.955 | INFO     | __main__:run_walk_forward:258 -   Building TEST features & labels...
2026-09-11 22:14:13.957 | INFO     | app.features.feature_pipeline:generate_features:26 - Calculating Price Features...
2026-09-11 22:14:13.963 | INFO     | app.features.feature_pipeline:generate_features:33 - Calculating Market Structure Features...
2026-09-11 22:14:13.977 | INFO     | app.features.feature_pipeline:generate_features:37 - Calculating Time Features...
2026-09-11 22:14:13.978 | INFO     | app.features.feature_pipeline:generate_features:48 - Feature pipeline complete. Dropped 0 rows due to rolling window warm-up.
2026-09-11 22:14:13.994 | INFO     | app.ml.labeling:apply_advanced_regime_labeling:81 - Regime Labeling complete. Distribution: {5.0: 2875, 6.0: 1296, 7.0: 1176, 4.0: 862, 2.0: 673, 1.0: 300, 3.0: 258}
2026-09-11 22:14:13.996 | INFO     | __main__:run_walk_forward:273 -   TRAIN labels (0-6): {0: 698, 1: 1385, 2: 821, 3: 1895, 4: 5544, 5: 2793, 6: 2179}
2026-09-11 22:14:13.996 | INFO     | __main__:run_walk_forward:274 -   TEST  labels (0-6): {0: 300, 1: 673, 2: 258, 3: 862, 4: 2875, 5: 1296, 6: 1176}
2026-09-11 22:14:13.996 | INFO     | __main__:run_walk_forward:276 -   Training XGBoost...
2026-09-11 22:14:15.953 | INFO     | __main__:evaluate:185 - [Fold_06__Train_2024-09-23_2024-11-23__Test_2024-11-23_2024-12-23]  Acc=0.4116  Prec=0.2060  Rec=0.2207  F1=0.1943
2026-09-11 22:14:15.957 | INFO     | __main__:run_walk_forward:292 -   Model saved: models/walk_forward/Fold_06__Train_2024-09-23_2024-11-23__Test_2024-11-23_2024-12-23.joblib
2026-09-11 22:14:15.958 | INFO     | __main__:run_walk_forward:239 - 
========================================================================
2026-09-11 22:14:15.958 | INFO     | __main__:run_walk_forward:240 -   Fold_07__Train_2024-10-23_2024-12-23__Test_2024-12-23_2025-01-23
2026-09-11 22:14:15.958 | INFO     | __main__:run_walk_forward:241 - ========================================================================
2026-09-11 22:14:15.960 | INFO     | __main__:run_walk_forward:246 -   Train bars: 15,000  |  Test bars: 8,000
2026-09-11 22:14:15.960 | INFO     | __main__:run_walk_forward:252 -   Building TRAIN features & labels...
2026-09-11 22:14:15.963 | INFO     | app.features.feature_pipeline:generate_features:26 - Calculating Price Features...
2026-09-11 22:14:15.971 | INFO     | app.features.feature_pipeline:generate_features:33 - Calculating Market Structure Features...
2026-09-11 22:14:15.994 | INFO     | app.features.feature_pipeline:generate_features:37 - Calculating Time Features...
2026-09-11 22:14:15.996 | INFO     | app.features.feature_pipeline:generate_features:48 - Feature pipeline complete. Dropped 0 rows due to rolling window warm-up.
2026-09-11 22:14:16.026 | INFO     | app.ml.labeling:apply_advanced_regime_labeling:81 - Regime Labeling complete. Distribution: {5.0: 5131, 6.0: 3008, 7.0: 2457, 4.0: 1693, 2.0: 1351, 1.0: 661, 3.0: 639}
2026-09-11 22:14:16.027 | INFO     | __main__:run_walk_forward:258 -   Building TEST features & labels...
2026-09-11 22:14:16.029 | INFO     | app.features.feature_pipeline:generate_features:26 - Calculating Price Features...
2026-09-11 22:14:16.035 | INFO     | app.features.feature_pipeline:generate_features:33 - Calculating Market Structure Features...
2026-09-11 22:14:16.051 | INFO     | app.features.feature_pipeline:generate_features:37 - Calculating Time Features...
2026-09-11 22:14:16.053 | INFO     | app.features.feature_pipeline:generate_features:48 - Feature pipeline complete. Dropped 0 rows due to rolling window warm-up.
2026-09-11 22:14:16.070 | INFO     | app.ml.labeling:apply_advanced_regime_labeling:81 - Regime Labeling complete. Distribution: {5.0: 2354, 6.0: 1536, 7.0: 1235, 4.0: 997, 2.0: 788, 1.0: 539, 3.0: 491}
2026-09-11 22:14:16.072 | INFO     | __main__:run_walk_forward:273 -   TRAIN labels (0-6): {0: 661, 1: 1351, 2: 639, 3: 1693, 4: 5131, 5: 3008, 6: 2457}
2026-09-11 22:14:16.073 | INFO     | __main__:run_walk_forward:274 -   TEST  labels (0-6): {0: 539, 1: 788, 2: 491, 3: 997, 4: 2354, 5: 1536, 6: 1235}
2026-09-11 22:14:16.073 | INFO     | __main__:run_walk_forward:276 -   Training XGBoost...
2026-09-11 22:14:18.011 | INFO     | __main__:evaluate:185 - [Fold_07__Train_2024-10-23_2024-12-23__Test_2024-12-23_2025-01-23]  Acc=0.3229  Prec=0.1687  Rec=0.1909  F1=0.1591
2026-09-11 22:14:18.015 | INFO     | __main__:run_walk_forward:292 -   Model saved: models/walk_forward/Fold_07__Train_2024-10-23_2024-12-23__Test_2024-12-23_2025-01-23.joblib
2026-09-11 22:14:18.015 | INFO     | __main__:run_walk_forward:239 - 
========================================================================
2026-09-11 22:14:18.015 | INFO     | __main__:run_walk_forward:240 -   Fold_08__Train_2024-11-23_2025-01-23__Test_2025-01-23_2025-02-23
2026-09-11 22:14:18.015 | INFO     | __main__:run_walk_forward:241 - ========================================================================
2026-09-11 22:14:18.017 | INFO     | __main__:run_walk_forward:246 -   Train bars: 15,500  |  Test bars: 8,375
2026-09-11 22:14:18.017 | INFO     | __main__:run_walk_forward:252 -   Building TRAIN features & labels...
2026-09-11 22:14:18.020 | INFO     | app.features.feature_pipeline:generate_features:26 - Calculating Price Features...
2026-09-11 22:14:18.028 | INFO     | app.features.feature_pipeline:generate_features:33 - Calculating Market Structure Features...
2026-09-11 22:14:18.069 | INFO     | app.features.feature_pipeline:generate_features:37 - Calculating Time Features...
2026-09-11 22:14:18.076 | INFO     | app.features.feature_pipeline:generate_features:48 - Feature pipeline complete. Dropped 0 rows due to rolling window warm-up.
2026-09-11 22:14:18.121 | INFO     | app.ml.labeling:apply_advanced_regime_labeling:81 - Regime Labeling complete. Distribution: {5.0: 5229, 6.0: 2891, 7.0: 2411, 4.0: 1859, 2.0: 1461, 1.0: 840, 3.0: 749}
2026-09-11 22:14:18.123 | INFO     | __main__:run_walk_forward:258 -   Building TEST features & labels...
2026-09-11 22:14:18.125 | INFO     | app.features.feature_pipeline:generate_features:26 - Calculating Price Features...
2026-09-11 22:14:18.131 | INFO     | app.features.feature_pipeline:generate_features:33 - Calculating Market Structure Features...
2026-09-11 22:14:18.146 | INFO     | app.features.feature_pipeline:generate_features:37 - Calculating Time Features...
2026-09-11 22:14:18.148 | INFO     | app.features.feature_pipeline:generate_features:48 - Feature pipeline complete. Dropped 0 rows due to rolling window warm-up.
2026-09-11 22:14:18.165 | INFO     | app.ml.labeling:apply_advanced_regime_labeling:81 - Regime Labeling complete. Distribution: {5.0: 2106, 6.0: 1762, 7.0: 1644, 2.0: 1000, 4.0: 890, 1.0: 510, 3.0: 403}
2026-09-11 22:14:18.167 | INFO     | __main__:run_walk_forward:273 -   TRAIN labels (0-6): {0: 840, 1: 1461, 2: 749, 3: 1859, 4: 5229, 5: 2891, 6: 2411}
2026-09-11 22:14:18.167 | INFO     | __main__:run_walk_forward:274 -   TEST  labels (0-6): {0: 510, 1: 1000, 2: 403, 3: 890, 4: 2106, 5: 1762, 6: 1644}
2026-09-11 22:14:18.167 | INFO     | __main__:run_walk_forward:276 -   Training XGBoost...
2026-09-11 22:14:20.116 | INFO     | __main__:evaluate:185 - [Fold_08__Train_2024-11-23_2025-01-23__Test_2025-01-23_2025-02-23]  Acc=0.2273  Prec=0.1696  Rec=0.1709  F1=0.1621
2026-09-11 22:14:20.120 | INFO     | __main__:run_walk_forward:292 -   Model saved: models/walk_forward/Fold_08__Train_2024-11-23_2025-01-23__Test_2025-01-23_2025-02-23.joblib
2026-09-11 22:14:20.120 | INFO     | __main__:run_walk_forward:239 - 
========================================================================
2026-09-11 22:14:20.120 | INFO     | __main__:run_walk_forward:240 -   Fold_09__Train_2024-12-23_2025-02-23__Test_2025-02-23_2025-03-23
2026-09-11 22:14:20.120 | INFO     | __main__:run_walk_forward:241 - ========================================================================
2026-09-11 22:14:20.122 | INFO     | __main__:run_walk_forward:246 -   Train bars: 16,375  |  Test bars: 6,750
2026-09-11 22:14:20.122 | INFO     | __main__:run_walk_forward:252 -   Building TRAIN features & labels...
2026-09-11 22:14:20.126 | INFO     | app.features.feature_pipeline:generate_features:26 - Calculating Price Features...
2026-09-11 22:14:20.135 | INFO     | app.features.feature_pipeline:generate_features:33 - Calculating Market Structure Features...
2026-09-11 22:14:20.161 | INFO     | app.features.feature_pipeline:generate_features:37 - Calculating Time Features...
2026-09-11 22:14:20.163 | INFO     | app.features.feature_pipeline:generate_features:48 - Feature pipeline complete. Dropped 0 rows due to rolling window warm-up.
2026-09-11 22:14:20.195 | INFO     | app.ml.labeling:apply_advanced_regime_labeling:81 - Regime Labeling complete. Distribution: {5.0: 4460, 6.0: 3302, 7.0: 2902, 4.0: 1887, 2.0: 1820, 1.0: 1050, 3.0: 894}
2026-09-11 22:14:20.196 | INFO     | __main__:run_walk_forward:258 -   Building TEST features & labels...
2026-09-11 22:14:20.199 | INFO     | app.features.feature_pipeline:generate_features:26 - Calculating Price Features...
2026-09-11 22:14:20.204 | INFO     | app.features.feature_pipeline:generate_features:33 - Calculating Market Structure Features...
2026-09-11 22:14:20.217 | INFO     | app.features.feature_pipeline:generate_features:37 - Calculating Time Features...
2026-09-11 22:14:20.219 | INFO     | app.features.feature_pipeline:generate_features:48 - Feature pipeline complete. Dropped 0 rows due to rolling window warm-up.
2026-09-11 22:14:20.233 | INFO     | app.ml.labeling:apply_advanced_regime_labeling:81 - Regime Labeling complete. Distribution: {5.0: 2793, 7.0: 940, 2.0: 931, 6.0: 796, 4.0: 635, 1.0: 393, 3.0: 202}
2026-09-11 22:14:20.235 | INFO     | __main__:run_walk_forward:273 -   TRAIN labels (0-6): {0: 1050, 1: 1820, 2: 894, 3: 1887, 4: 4460, 5: 3302, 6: 2902}
2026-09-11 22:14:20.235 | INFO     | __main__:run_walk_forward:274 -   TEST  labels (0-6): {0: 393, 1: 931, 2: 202, 3: 635, 4: 2793, 5: 796, 6: 940}
2026-09-11 22:14:20.235 | INFO     | __main__:run_walk_forward:276 -   Training XGBoost...
2026-09-11 22:14:22.214 | INFO     | __main__:evaluate:185 - [Fold_09__Train_2024-12-23_2025-02-23__Test_2025-02-23_2025-03-23]  Acc=0.3717  Prec=0.3207  Rec=0.2498  F1=0.2293
2026-09-11 22:14:22.218 | INFO     | __main__:run_walk_forward:292 -   Model saved: models/walk_forward/Fold_09__Train_2024-12-23_2025-02-23__Test_2025-02-23_2025-03-23.joblib
2026-09-11 22:14:22.219 | INFO     | __main__:run_walk_forward:239 - 
========================================================================
2026-09-11 22:14:22.219 | INFO     | __main__:run_walk_forward:240 -   Fold_10__Train_2025-01-23_2025-03-23__Test_2025-03-23_2025-04-23
2026-09-11 22:14:22.219 | INFO     | __main__:run_walk_forward:241 - ========================================================================
2026-09-11 22:14:22.220 | INFO     | __main__:run_walk_forward:246 -   Train bars: 15,125  |  Test bars: 6,750
2026-09-11 22:14:22.221 | INFO     | __main__:run_walk_forward:252 -   Building TRAIN features & labels...
2026-09-11 22:14:22.224 | INFO     | app.features.feature_pipeline:generate_features:26 - Calculating Price Features...
2026-09-11 22:14:22.232 | INFO     | app.features.feature_pipeline:generate_features:33 - Calculating Market Structure Features...
2026-09-11 22:14:22.257 | INFO     | app.features.feature_pipeline:generate_features:37 - Calculating Time Features...
2026-09-11 22:14:22.259 | INFO     | app.features.feature_pipeline:generate_features:48 - Feature pipeline complete. Dropped 0 rows due to rolling window warm-up.
2026-09-11 22:14:22.288 | INFO     | app.ml.labeling:apply_advanced_regime_labeling:81 - Regime Labeling complete. Distribution: {5.0: 4899, 6.0: 2617, 7.0: 2584, 2.0: 1931, 4.0: 1525, 1.0: 903, 3.0: 606}
2026-09-11 22:14:22.289 | INFO     | __main__:run_walk_forward:258 -   Building TEST features & labels...
2026-09-11 22:14:22.291 | INFO     | app.features.feature_pipeline:generate_features:26 - Calculating Price Features...
2026-09-11 22:14:22.297 | INFO     | app.features.feature_pipeline:generate_features:33 - Calculating Market Structure Features...
2026-09-11 22:14:22.311 | INFO     | app.features.feature_pipeline:generate_features:37 - Calculating Time Features...
2026-09-11 22:14:22.313 | INFO     | app.features.feature_pipeline:generate_features:48 - Feature pipeline complete. Dropped 0 rows due to rolling window warm-up.
2026-09-11 22:14:22.327 | INFO     | app.ml.labeling:apply_advanced_regime_labeling:81 - Regime Labeling complete. Distribution: {5.0: 2243, 6.0: 1693, 7.0: 895, 2.0: 750, 4.0: 592, 1.0: 312, 3.0: 205}
2026-09-11 22:14:22.329 | INFO     | __main__:run_walk_forward:273 -   TRAIN labels (0-6): {0: 903, 1: 1931, 2: 606, 3: 1525, 4: 4899, 5: 2617, 6: 2584}
2026-09-11 22:14:22.329 | INFO     | __main__:run_walk_forward:274 -   TEST  labels (0-6): {0: 312, 1: 750, 2: 205, 3: 592, 4: 2243, 5: 1693, 6: 895}
2026-09-11 22:14:22.329 | INFO     | __main__:run_walk_forward:276 -   Training XGBoost...
2026-09-11 22:14:24.342 | INFO     | __main__:evaluate:185 - [Fold_10__Train_2025-01-23_2025-03-23__Test_2025-03-23_2025-04-23]  Acc=0.3617  Prec=0.2105  Rec=0.2072  F1=0.2053
2026-09-11 22:14:24.347 | INFO     | __main__:run_walk_forward:292 -   Model saved: models/walk_forward/Fold_10__Train_2025-01-23_2025-03-23__Test_2025-03-23_2025-04-23.joblib
2026-09-11 22:14:24.347 | INFO     | __main__:run_walk_forward:239 - 
========================================================================
2026-09-11 22:14:24.347 | INFO     | __main__:run_walk_forward:240 -   Fold_11__Train_2025-02-23_2025-04-23__Test_2025-04-23_2025-05-23
2026-09-11 22:14:24.347 | INFO     | __main__:run_walk_forward:241 - ========================================================================
2026-09-11 22:14:24.349 | INFO     | __main__:run_walk_forward:246 -   Train bars: 13,500  |  Test bars: 7,875
2026-09-11 22:14:24.349 | INFO     | __main__:run_walk_forward:252 -   Building TRAIN features & labels...
2026-09-11 22:14:24.353 | INFO     | app.features.feature_pipeline:generate_features:26 - Calculating Price Features...
2026-09-11 22:14:24.360 | INFO     | app.features.feature_pipeline:generate_features:33 - Calculating Market Structure Features...
2026-09-11 22:14:24.384 | INFO     | app.features.feature_pipeline:generate_features:37 - Calculating Time Features...
2026-09-11 22:14:24.386 | INFO     | app.features.feature_pipeline:generate_features:48 - Feature pipeline complete. Dropped 0 rows due to rolling window warm-up.
2026-09-11 22:14:24.413 | INFO     | app.ml.labeling:apply_advanced_regime_labeling:81 - Regime Labeling complete. Distribution: {5.0: 5036, 6.0: 2548, 7.0: 1835, 2.0: 1681, 4.0: 1227, 1.0: 706, 3.0: 407}
2026-09-11 22:14:24.414 | INFO     | __main__:run_walk_forward:258 -   Building TEST features & labels...
2026-09-11 22:14:24.416 | INFO     | app.features.feature_pipeline:generate_features:26 - Calculating Price Features...
2026-09-11 22:14:24.422 | INFO     | app.features.feature_pipeline:generate_features:33 - Calculating Market Structure Features...
2026-09-11 22:14:24.437 | INFO     | app.features.feature_pipeline:generate_features:37 - Calculating Time Features...
2026-09-11 22:14:24.438 | INFO     | app.features.feature_pipeline:generate_features:48 - Feature pipeline complete. Dropped 0 rows due to rolling window warm-up.
2026-09-11 22:14:24.454 | INFO     | app.ml.labeling:apply_advanced_regime_labeling:81 - Regime Labeling complete. Distribution: {5.0: 2751, 6.0: 1516, 7.0: 1260, 4.0: 998, 2.0: 737, 3.0: 328, 1.0: 225}
2026-09-11 22:14:24.456 | INFO     | __main__:run_walk_forward:273 -   TRAIN labels (0-6): {0: 706, 1: 1681, 2: 407, 3: 1227, 4: 5036, 5: 2548, 6: 1835}
2026-09-11 22:14:24.456 | INFO     | __main__:run_walk_forward:274 -   TEST  labels (0-6): {0: 225, 1: 737, 2: 328, 3: 998, 4: 2751, 5: 1516, 6: 1260}
2026-09-11 22:14:24.456 | INFO     | __main__:run_walk_forward:276 -   Training XGBoost...
2026-09-11 22:14:26.356 | INFO     | __main__:evaluate:185 - [Fold_11__Train_2025-02-23_2025-04-23__Test_2025-04-23_2025-05-23]  Acc=0.3661  Prec=0.2637  Rec=0.1968  F1=0.1682
2026-09-11 22:14:26.361 | INFO     | __main__:run_walk_forward:292 -   Model saved: models/walk_forward/Fold_11__Train_2025-02-23_2025-04-23__Test_2025-04-23_2025-05-23.joblib
2026-09-11 22:14:26.361 | INFO     | __main__:run_walk_forward:239 - 
========================================================================
2026-09-11 22:14:26.361 | INFO     | __main__:run_walk_forward:240 -   Fold_12__Train_2025-03-23_2025-05-23__Test_2025-05-23_2025-06-23
2026-09-11 22:14:26.361 | INFO     | __main__:run_walk_forward:241 - ========================================================================
2026-09-11 22:14:26.363 | INFO     | __main__:run_walk_forward:246 -   Train bars: 14,625  |  Test bars: 7,625
2026-09-11 22:14:26.363 | INFO     | __main__:run_walk_forward:252 -   Building TRAIN features & labels...
2026-09-11 22:14:26.366 | INFO     | app.features.feature_pipeline:generate_features:26 - Calculating Price Features...
2026-09-11 22:14:26.374 | INFO     | app.features.feature_pipeline:generate_features:33 - Calculating Market Structure Features...
2026-09-11 22:14:26.398 | INFO     | app.features.feature_pipeline:generate_features:37 - Calculating Time Features...
2026-09-11 22:14:26.400 | INFO     | app.features.feature_pipeline:generate_features:48 - Feature pipeline complete. Dropped 0 rows due to rolling window warm-up.
2026-09-11 22:14:26.429 | INFO     | app.ml.labeling:apply_advanced_regime_labeling:81 - Regime Labeling complete. Distribution: {5.0: 4994, 6.0: 3269, 7.0: 2155, 4.0: 1590, 2.0: 1487, 1.0: 537, 3.0: 533}
2026-09-11 22:14:26.430 | INFO     | __main__:run_walk_forward:258 -   Building TEST features & labels...
2026-09-11 22:14:26.432 | INFO     | app.features.feature_pipeline:generate_features:26 - Calculating Price Features...
2026-09-11 22:14:26.438 | INFO     | app.features.feature_pipeline:generate_features:33 - Calculating Market Structure Features...
2026-09-11 22:14:26.452 | INFO     | app.features.feature_pipeline:generate_features:37 - Calculating Time Features...
2026-09-11 22:14:26.454 | INFO     | app.features.feature_pipeline:generate_features:48 - Feature pipeline complete. Dropped 0 rows due to rolling window warm-up.
2026-09-11 22:14:26.469 | INFO     | app.ml.labeling:apply_advanced_regime_labeling:81 - Regime Labeling complete. Distribution: {5.0: 3902, 6.0: 1082, 7.0: 790, 2.0: 720, 4.0: 643, 3.0: 241, 1.0: 187}
2026-09-11 22:14:26.472 | INFO     | __main__:run_walk_forward:273 -   TRAIN labels (0-6): {0: 537, 1: 1487, 2: 533, 3: 1590, 4: 4994, 5: 3269, 6: 2155}
2026-09-11 22:14:26.472 | INFO     | __main__:run_walk_forward:274 -   TEST  labels (0-6): {0: 187, 1: 720, 2: 241, 3: 643, 4: 3902, 5: 1082, 6: 790}
2026-09-11 22:14:26.472 | INFO     | __main__:run_walk_forward:276 -   Training XGBoost...
2026-09-11 22:14:28.431 | INFO     | __main__:evaluate:185 - [Fold_12__Train_2025-03-23_2025-05-23__Test_2025-05-23_2025-06-23]  Acc=0.4291  Prec=0.2602  Rec=0.2378  F1=0.2163
2026-09-11 22:14:28.435 | INFO     | __main__:run_walk_forward:292 -   Model saved: models/walk_forward/Fold_12__Train_2025-03-23_2025-05-23__Test_2025-05-23_2025-06-23.joblib
2026-09-11 22:14:28.435 | INFO     | __main__:run_walk_forward:239 - 
========================================================================
2026-09-11 22:14:28.435 | INFO     | __main__:run_walk_forward:240 -   Fold_13__Train_2025-04-23_2025-06-23__Test_2025-06-23_2025-07-23
2026-09-11 22:14:28.435 | INFO     | __main__:run_walk_forward:241 - ========================================================================
2026-09-11 22:14:28.437 | INFO     | __main__:run_walk_forward:246 -   Train bars: 15,500  |  Test bars: 8,250
2026-09-11 22:14:28.437 | INFO     | __main__:run_walk_forward:252 -   Building TRAIN features & labels...
2026-09-11 22:14:28.441 | INFO     | app.features.feature_pipeline:generate_features:26 - Calculating Price Features...
2026-09-11 22:14:28.449 | INFO     | app.features.feature_pipeline:generate_features:33 - Calculating Market Structure Features...
2026-09-11 22:14:28.474 | INFO     | app.features.feature_pipeline:generate_features:37 - Calculating Time Features...
2026-09-11 22:14:28.476 | INFO     | app.features.feature_pipeline:generate_features:48 - Feature pipeline complete. Dropped 0 rows due to rolling window warm-up.
2026-09-11 22:14:28.507 | INFO     | app.ml.labeling:apply_advanced_regime_labeling:81 - Regime Labeling complete. Distribution: {5.0: 6653, 6.0: 2658, 7.0: 2050, 4.0: 1641, 2.0: 1457, 3.0: 569, 1.0: 412}
2026-09-11 22:14:28.508 | INFO     | __main__:run_walk_forward:258 -   Building TEST features & labels...
2026-09-11 22:14:28.510 | INFO     | app.features.feature_pipeline:generate_features:26 - Calculating Price Features...
2026-09-11 22:14:28.516 | INFO     | app.features.feature_pipeline:generate_features:33 - Calculating Market Structure Features...
2026-09-11 22:14:28.531 | INFO     | app.features.feature_pipeline:generate_features:37 - Calculating Time Features...
2026-09-11 22:14:28.532 | INFO     | app.features.feature_pipeline:generate_features:48 - Feature pipeline complete. Dropped 0 rows due to rolling window warm-up.
2026-09-11 22:14:28.549 | INFO     | app.ml.labeling:apply_advanced_regime_labeling:81 - Regime Labeling complete. Distribution: {5.0: 4797, 4.0: 866, 2.0: 820, 7.0: 717, 6.0: 420, 1.0: 291, 3.0: 279}
2026-09-11 22:14:28.551 | INFO     | __main__:run_walk_forward:273 -   TRAIN labels (0-6): {0: 412, 1: 1457, 2: 569, 3: 1641, 4: 6653, 5: 2658, 6: 2050}
2026-09-11 22:14:28.551 | INFO     | __main__:run_walk_forward:274 -   TEST  labels (0-6): {0: 291, 1: 820, 2: 279, 3: 866, 4: 4797, 5: 420, 6: 717}
2026-09-11 22:14:28.551 | INFO     | __main__:run_walk_forward:276 -   Training XGBoost...
2026-09-11 22:14:30.492 | INFO     | __main__:evaluate:185 - [Fold_13__Train_2025-04-23_2025-06-23__Test_2025-06-23_2025-07-23]  Acc=0.3422  Prec=0.2075  Rec=0.1756  F1=0.1411
2026-09-11 22:14:30.496 | INFO     | __main__:run_walk_forward:292 -   Model saved: models/walk_forward/Fold_13__Train_2025-04-23_2025-06-23__Test_2025-06-23_2025-07-23.joblib
2026-09-11 22:14:30.496 | INFO     | __main__:run_walk_forward:239 - 
========================================================================
2026-09-11 22:14:30.496 | INFO     | __main__:run_walk_forward:240 -   Fold_14__Train_2025-05-23_2025-07-23__Test_2025-07-23_2025-08-23
2026-09-11 22:14:30.496 | INFO     | __main__:run_walk_forward:241 - ========================================================================
2026-09-11 22:14:30.498 | INFO     | __main__:run_walk_forward:246 -   Train bars: 15,875  |  Test bars: 8,250
2026-09-11 22:14:30.498 | INFO     | __main__:run_walk_forward:252 -   Building TRAIN features & labels...
2026-09-11 22:14:30.501 | INFO     | app.features.feature_pipeline:generate_features:26 - Calculating Price Features...
2026-09-11 22:14:30.509 | INFO     | app.features.feature_pipeline:generate_features:33 - Calculating Market Structure Features...
2026-09-11 22:14:30.565 | INFO     | app.features.feature_pipeline:generate_features:37 - Calculating Time Features...
2026-09-11 22:14:30.567 | INFO     | app.features.feature_pipeline:generate_features:48 - Feature pipeline complete. Dropped 0 rows due to rolling window warm-up.
2026-09-11 22:14:30.605 | INFO     | app.ml.labeling:apply_advanced_regime_labeling:81 - Regime Labeling complete. Distribution: {5.0: 8699, 6.0: 1562, 2.0: 1540, 4.0: 1509, 7.0: 1507, 3.0: 520, 1.0: 478}
2026-09-11 22:14:30.606 | INFO     | __main__:run_walk_forward:258 -   Building TEST features & labels...
2026-09-11 22:14:30.609 | INFO     | app.features.feature_pipeline:generate_features:26 - Calculating Price Features...
2026-09-11 22:14:30.615 | INFO     | app.features.feature_pipeline:generate_features:33 - Calculating Market Structure Features...
2026-09-11 22:14:30.630 | INFO     | app.features.feature_pipeline:generate_features:37 - Calculating Time Features...
2026-09-11 22:14:30.632 | INFO     | app.features.feature_pipeline:generate_features:48 - Feature pipeline complete. Dropped 0 rows due to rolling window warm-up.
2026-09-11 22:14:30.648 | INFO     | app.ml.labeling:apply_advanced_regime_labeling:81 - Regime Labeling complete. Distribution: {5.0: 4024, 4.0: 1085, 2.0: 1025, 7.0: 1020, 3.0: 413, 6.0: 393, 1.0: 230}
2026-09-11 22:14:30.651 | INFO     | __main__:run_walk_forward:273 -   TRAIN labels (0-6): {0: 478, 1: 1540, 2: 520, 3: 1509, 4: 8699, 5: 1562, 6: 1507}
2026-09-11 22:14:30.651 | INFO     | __main__:run_walk_forward:274 -   TEST  labels (0-6): {0: 230, 1: 1025, 2: 413, 3: 1085, 4: 4024, 5: 393, 6: 1020}
2026-09-11 22:14:30.651 | INFO     | __main__:run_walk_forward:276 -   Training XGBoost...
2026-09-11 22:14:32.599 | INFO     | __main__:evaluate:185 - [Fold_14__Train_2025-05-23_2025-07-23__Test_2025-07-23_2025-08-23]  Acc=0.4713  Prec=0.2450  Rec=0.2192  F1=0.1989
2026-09-11 22:14:32.605 | INFO     | __main__:run_walk_forward:292 -   Model saved: models/walk_forward/Fold_14__Train_2025-05-23_2025-07-23__Test_2025-07-23_2025-08-23.joblib
2026-09-11 22:14:32.605 | INFO     | __main__:run_walk_forward:239 - 
========================================================================
2026-09-11 22:14:32.605 | INFO     | __main__:run_walk_forward:240 -   Fold_15__Train_2025-06-23_2025-08-23__Test_2025-08-23_2025-09-23
2026-09-11 22:14:32.605 | INFO     | __main__:run_walk_forward:241 - ========================================================================
2026-09-11 22:14:32.607 | INFO     | __main__:run_walk_forward:246 -   Train bars: 16,500  |  Test bars: 7,500
2026-09-11 22:14:32.607 | INFO     | __main__:run_walk_forward:252 -   Building TRAIN features & labels...
2026-09-11 22:14:32.612 | INFO     | app.features.feature_pipeline:generate_features:26 - Calculating Price Features...
2026-09-11 22:14:32.620 | INFO     | app.features.feature_pipeline:generate_features:33 - Calculating Market Structure Features...
2026-09-11 22:14:32.655 | INFO     | app.features.feature_pipeline:generate_features:37 - Calculating Time Features...
2026-09-11 22:14:32.657 | INFO     | app.features.feature_pipeline:generate_features:48 - Feature pipeline complete. Dropped 0 rows due to rolling window warm-up.
2026-09-11 22:14:32.691 | INFO     | app.ml.labeling:apply_advanced_regime_labeling:81 - Regime Labeling complete. Distribution: {5.0: 8821, 4.0: 1951, 2.0: 1885, 7.0: 1756, 6.0: 813, 3.0: 692, 1.0: 522}
2026-09-11 22:14:32.692 | INFO     | __main__:run_walk_forward:258 -   Building TEST features & labels...
2026-09-11 22:14:32.695 | INFO     | app.features.feature_pipeline:generate_features:26 - Calculating Price Features...
2026-09-11 22:14:32.700 | INFO     | app.features.feature_pipeline:generate_features:33 - Calculating Market Structure Features...
2026-09-11 22:14:32.715 | INFO     | app.features.feature_pipeline:generate_features:37 - Calculating Time Features...
2026-09-11 22:14:32.716 | INFO     | app.features.feature_pipeline:generate_features:48 - Feature pipeline complete. Dropped 0 rows due to rolling window warm-up.
2026-09-11 22:14:32.732 | INFO     | app.ml.labeling:apply_advanced_regime_labeling:81 - Regime Labeling complete. Distribution: {5.0: 4712, 2.0: 799, 4.0: 628, 7.0: 444, 6.0: 352, 1.0: 322, 3.0: 183}
2026-09-11 22:14:32.734 | INFO     | __main__:run_walk_forward:273 -   TRAIN labels (0-6): {0: 522, 1: 1885, 2: 692, 3: 1951, 4: 8821, 5: 813, 6: 1756}
2026-09-11 22:14:32.735 | INFO     | __main__:run_walk_forward:274 -   TEST  labels (0-6): {0: 322, 1: 799, 2: 183, 3: 628, 4: 4712, 5: 352, 6: 444}
2026-09-11 22:14:32.735 | INFO     | __main__:run_walk_forward:276 -   Training XGBoost...
2026-09-11 22:14:34.799 | INFO     | __main__:evaluate:185 - [Fold_15__Train_2025-06-23_2025-08-23__Test_2025-08-23_2025-09-23]  Acc=0.5815  Prec=0.2233  Rec=0.2164  F1=0.2171
2026-09-11 22:14:34.803 | INFO     | __main__:run_walk_forward:292 -   Model saved: models/walk_forward/Fold_15__Train_2025-06-23_2025-08-23__Test_2025-08-23_2025-09-23.joblib
2026-09-11 22:14:34.803 | INFO     | __main__:run_walk_forward:239 - 
========================================================================
2026-09-11 22:14:34.803 | INFO     | __main__:run_walk_forward:240 -   Fold_16__Train_2025-07-23_2025-09-23__Test_2025-09-23_2025-10-23
2026-09-11 22:14:34.803 | INFO     | __main__:run_walk_forward:241 - ========================================================================
2026-09-11 22:14:34.805 | INFO     | __main__:run_walk_forward:246 -   Train bars: 15,750  |  Test bars: 7,197
2026-09-11 22:14:34.805 | INFO     | __main__:run_walk_forward:252 -   Building TRAIN features & labels...
2026-09-11 22:14:34.808 | INFO     | app.features.feature_pipeline:generate_features:26 - Calculating Price Features...
2026-09-11 22:14:34.816 | INFO     | app.features.feature_pipeline:generate_features:33 - Calculating Market Structure Features...
2026-09-11 22:14:34.842 | INFO     | app.features.feature_pipeline:generate_features:37 - Calculating Time Features...
2026-09-11 22:14:34.844 | INFO     | app.features.feature_pipeline:generate_features:48 - Feature pipeline complete. Dropped 0 rows due to rolling window warm-up.
2026-09-11 22:14:34.875 | INFO     | app.ml.labeling:apply_advanced_regime_labeling:81 - Regime Labeling complete. Distribution: {5.0: 8736, 2.0: 1870, 4.0: 1713, 7.0: 1469, 6.0: 745, 3.0: 596, 1.0: 561}
2026-09-11 22:14:34.876 | INFO     | __main__:run_walk_forward:258 -   Building TEST features & labels...
2026-09-11 22:14:34.878 | INFO     | app.features.feature_pipeline:generate_features:26 - Calculating Price Features...
2026-09-11 22:14:34.884 | INFO     | app.features.feature_pipeline:generate_features:33 - Calculating Market Structure Features...
2026-09-11 22:14:34.897 | INFO     | app.features.feature_pipeline:generate_features:37 - Calculating Time Features...
2026-09-11 22:14:34.899 | INFO     | app.features.feature_pipeline:generate_features:48 - Feature pipeline complete. Dropped 0 rows due to rolling window warm-up.
2026-09-11 22:14:34.914 | INFO     | app.ml.labeling:apply_advanced_regime_labeling:81 - Regime Labeling complete. Distribution: {5.0: 3267, 2.0: 1169, 4.0: 818, 7.0: 776, 1.0: 470, 3.0: 414, 6.0: 223}
2026-09-11 22:14:34.916 | INFO     | __main__:run_walk_forward:273 -   TRAIN labels (0-6): {0: 561, 1: 1870, 2: 596, 3: 1713, 4: 8736, 5: 745, 6: 1469}
2026-09-11 22:14:34.916 | INFO     | __main__:run_walk_forward:274 -   TEST  labels (0-6): {0: 470, 1: 1169, 2: 414, 3: 818, 4: 3267, 5: 223, 6: 776}
2026-09-11 22:14:34.916 | INFO     | __main__:run_walk_forward:276 -   Training XGBoost...
2026-09-11 22:14:36.913 | INFO     | __main__:evaluate:185 - [Fold_16__Train_2025-07-23_2025-09-23__Test_2025-09-23_2025-10-23]  Acc=0.4772  Prec=0.2614  Rec=0.2079  F1=0.2001
2026-09-11 22:14:36.917 | INFO     | __main__:run_walk_forward:292 -   Model saved: models/walk_forward/Fold_16__Train_2025-07-23_2025-09-23__Test_2025-09-23_2025-10-23.joblib
2026-09-11 22:14:36.918 | INFO     | __main__:run_walk_forward:239 - 
========================================================================
2026-09-11 22:14:36.918 | INFO     | __main__:run_walk_forward:240 -   Fold_17__Train_2025-08-23_2025-10-23__Test_2025-10-23_2025-11-23
2026-09-11 22:14:36.918 | INFO     | __main__:run_walk_forward:241 - ========================================================================
2026-09-11 22:14:36.919 | INFO     | __main__:run_walk_forward:246 -   Train bars: 14,697  |  Test bars: 7,875
2026-09-11 22:14:36.919 | INFO     | __main__:run_walk_forward:252 -   Building TRAIN features & labels...
2026-09-11 22:14:36.923 | INFO     | app.features.feature_pipeline:generate_features:26 - Calculating Price Features...
2026-09-11 22:14:36.930 | INFO     | app.features.feature_pipeline:generate_features:33 - Calculating Market Structure Features...
2026-09-11 22:14:36.955 | INFO     | app.features.feature_pipeline:generate_features:37 - Calculating Time Features...
2026-09-11 22:14:36.957 | INFO     | app.features.feature_pipeline:generate_features:48 - Feature pipeline complete. Dropped 0 rows due to rolling window warm-up.
2026-09-11 22:14:36.986 | INFO     | app.ml.labeling:apply_advanced_regime_labeling:81 - Regime Labeling complete. Distribution: {5.0: 7979, 2.0: 1968, 4.0: 1473, 7.0: 1248, 1.0: 792, 3.0: 602, 6.0: 575}
2026-09-11 22:14:36.987 | INFO     | __main__:run_walk_forward:258 -   Building TEST features & labels...
2026-09-11 22:14:36.989 | INFO     | app.features.feature_pipeline:generate_features:26 - Calculating Price Features...
2026-09-11 22:14:36.995 | INFO     | app.features.feature_pipeline:generate_features:33 - Calculating Market Structure Features...
2026-09-11 22:14:37.009 | INFO     | app.features.feature_pipeline:generate_features:37 - Calculating Time Features...
2026-09-11 22:14:37.011 | INFO     | app.features.feature_pipeline:generate_features:48 - Feature pipeline complete. Dropped 0 rows due to rolling window warm-up.
2026-09-11 22:14:37.026 | INFO     | app.ml.labeling:apply_advanced_regime_labeling:81 - Regime Labeling complete. Distribution: {5.0: 4052, 2.0: 1090, 4.0: 1043, 7.0: 619, 3.0: 431, 6.0: 341, 1.0: 239}
2026-09-11 22:14:37.028 | INFO     | __main__:run_walk_forward:273 -   TRAIN labels (0-6): {0: 792, 1: 1968, 2: 602, 3: 1473, 4: 7979, 5: 575, 6: 1248}
2026-09-11 22:14:37.029 | INFO     | __main__:run_walk_forward:274 -   TEST  labels (0-6): {0: 239, 1: 1090, 2: 431, 3: 1043, 4: 4052, 5: 341, 6: 619}
2026-09-11 22:14:37.029 | INFO     | __main__:run_walk_forward:276 -   Training XGBoost...
2026-09-11 22:14:38.964 | INFO     | __main__:evaluate:185 - [Fold_17__Train_2025-08-23_2025-10-23__Test_2025-10-23_2025-11-23]  Acc=0.2865  Prec=0.1880  Rec=0.2356  F1=0.1752
2026-09-11 22:14:38.968 | INFO     | __main__:run_walk_forward:292 -   Model saved: models/walk_forward/Fold_17__Train_2025-08-23_2025-10-23__Test_2025-10-23_2025-11-23.joblib
2026-09-11 22:14:38.968 | INFO     | __main__:run_walk_forward:239 - 
========================================================================
2026-09-11 22:14:38.968 | INFO     | __main__:run_walk_forward:240 -   Fold_18__Train_2025-09-23_2025-11-23__Test_2025-11-23_2025-12-23
2026-09-11 22:14:38.968 | INFO     | __main__:run_walk_forward:241 - ========================================================================
2026-09-11 22:14:38.970 | INFO     | __main__:run_walk_forward:246 -   Train bars: 15,072  |  Test bars: 7,625
2026-09-11 22:14:38.970 | INFO     | __main__:run_walk_forward:252 -   Building TRAIN features & labels...
2026-09-11 22:14:38.974 | INFO     | app.features.feature_pipeline:generate_features:26 - Calculating Price Features...
2026-09-11 22:14:38.981 | INFO     | app.features.feature_pipeline:generate_features:33 - Calculating Market Structure Features...
2026-09-11 22:14:39.027 | INFO     | app.features.feature_pipeline:generate_features:37 - Calculating Time Features...
2026-09-11 22:14:39.034 | INFO     | app.features.feature_pipeline:generate_features:48 - Feature pipeline complete. Dropped 0 rows due to rolling window warm-up.
2026-09-11 22:14:39.075 | INFO     | app.ml.labeling:apply_advanced_regime_labeling:81 - Regime Labeling complete. Distribution: {5.0: 7319, 2.0: 2259, 4.0: 1861, 7.0: 1395, 3.0: 845, 1.0: 710, 6.0: 623}
2026-09-11 22:14:39.076 | INFO     | __main__:run_walk_forward:258 -   Building TEST features & labels...
2026-09-11 22:14:39.078 | INFO     | app.features.feature_pipeline:generate_features:26 - Calculating Price Features...
2026-09-11 22:14:39.084 | INFO     | app.features.feature_pipeline:generate_features:33 - Calculating Market Structure Features...
2026-09-11 22:14:39.098 | INFO     | app.features.feature_pipeline:generate_features:37 - Calculating Time Features...
2026-09-11 22:14:39.100 | INFO     | app.features.feature_pipeline:generate_features:48 - Feature pipeline complete. Dropped 0 rows due to rolling window warm-up.
2026-09-11 22:14:39.115 | INFO     | app.ml.labeling:apply_advanced_regime_labeling:81 - Regime Labeling complete. Distribution: {5.0: 4340, 4.0: 896, 2.0: 893, 7.0: 526, 3.0: 389, 6.0: 266, 1.0: 255}
2026-09-11 22:14:39.117 | INFO     | __main__:run_walk_forward:273 -   TRAIN labels (0-6): {0: 710, 1: 2259, 2: 845, 3: 1861, 4: 7319, 5: 623, 6: 1395}
2026-09-11 22:14:39.117 | INFO     | __main__:run_walk_forward:274 -   TEST  labels (0-6): {0: 255, 1: 893, 2: 389, 3: 896, 4: 4340, 5: 266, 6: 526}
2026-09-11 22:14:39.117 | INFO     | __main__:run_walk_forward:276 -   Training XGBoost...
2026-09-11 22:14:41.053 | INFO     | __main__:evaluate:185 - [Fold_18__Train_2025-09-23_2025-11-23__Test_2025-11-23_2025-12-23]  Acc=0.5466  Prec=0.2493  Rec=0.2110  F1=0.2029
2026-09-11 22:14:41.057 | INFO     | __main__:run_walk_forward:292 -   Model saved: models/walk_forward/Fold_18__Train_2025-09-23_2025-11-23__Test_2025-11-23_2025-12-23.joblib
2026-09-11 22:14:41.057 | INFO     | __main__:run_walk_forward:239 - 
========================================================================
2026-09-11 22:14:41.057 | INFO     | __main__:run_walk_forward:240 -   Fold_19__Train_2025-10-23_2025-12-23__Test_2025-12-23_2026-01-23
2026-09-11 22:14:41.057 | INFO     | __main__:run_walk_forward:241 - ========================================================================
2026-09-11 22:14:41.059 | INFO     | __main__:run_walk_forward:246 -   Train bars: 15,500  |  Test bars: 7,875
2026-09-11 22:14:41.059 | INFO     | __main__:run_walk_forward:252 -   Building TRAIN features & labels...
2026-09-11 22:14:41.063 | INFO     | app.features.feature_pipeline:generate_features:26 - Calculating Price Features...
2026-09-11 22:14:41.071 | INFO     | app.features.feature_pipeline:generate_features:33 - Calculating Market Structure Features...
2026-09-11 22:14:41.094 | INFO     | app.features.feature_pipeline:generate_features:37 - Calculating Time Features...
2026-09-11 22:14:41.096 | INFO     | app.features.feature_pipeline:generate_features:48 - Feature pipeline complete. Dropped 0 rows due to rolling window warm-up.
2026-09-11 22:14:41.127 | INFO     | app.ml.labeling:apply_advanced_regime_labeling:81 - Regime Labeling complete. Distribution: {5.0: 8392, 2.0: 1994, 4.0: 1948, 7.0: 1185, 3.0: 820, 6.0: 607, 1.0: 494}
2026-09-11 22:14:41.129 | INFO     | __main__:run_walk_forward:258 -   Building TEST features & labels...
2026-09-11 22:14:41.131 | INFO     | app.features.feature_pipeline:generate_features:26 - Calculating Price Features...
2026-09-11 22:14:41.137 | INFO     | app.features.feature_pipeline:generate_features:33 - Calculating Market Structure Features...
2026-09-11 22:14:41.151 | INFO     | app.features.feature_pipeline:generate_features:37 - Calculating Time Features...
2026-09-11 22:14:41.153 | INFO     | app.features.feature_pipeline:generate_features:48 - Feature pipeline complete. Dropped 0 rows due to rolling window warm-up.
2026-09-11 22:14:41.169 | INFO     | app.ml.labeling:apply_advanced_regime_labeling:81 - Regime Labeling complete. Distribution: {5.0: 3744, 4.0: 1205, 7.0: 915, 2.0: 754, 6.0: 625, 3.0: 363, 1.0: 209}
2026-09-11 22:14:41.171 | INFO     | __main__:run_walk_forward:273 -   TRAIN labels (0-6): {0: 494, 1: 1994, 2: 820, 3: 1948, 4: 8392, 5: 607, 6: 1185}
2026-09-11 22:14:41.171 | INFO     | __main__:run_walk_forward:274 -   TEST  labels (0-6): {0: 209, 1: 754, 2: 363, 3: 1205, 4: 3744, 5: 625, 6: 915}
2026-09-11 22:14:41.171 | INFO     | __main__:run_walk_forward:276 -   Training XGBoost...
2026-09-11 22:14:43.131 | INFO     | __main__:evaluate:185 - [Fold_19__Train_2025-10-23_2025-12-23__Test_2025-12-23_2026-01-23]  Acc=0.4527  Prec=0.2435  Rec=0.1986  F1=0.1993
2026-09-11 22:14:43.135 | INFO     | __main__:run_walk_forward:292 -   Model saved: models/walk_forward/Fold_19__Train_2025-10-23_2025-12-23__Test_2025-12-23_2026-01-23.joblib
2026-09-11 22:14:43.136 | INFO     | __main__:run_walk_forward:239 - 
========================================================================
2026-09-11 22:14:43.136 | INFO     | __main__:run_walk_forward:240 -   Fold_20__Train_2025-11-23_2026-01-23__Test_2026-01-23_2026-02-23
2026-09-11 22:14:43.136 | INFO     | __main__:run_walk_forward:241 - ========================================================================
2026-09-11 22:14:43.137 | INFO     | __main__:run_walk_forward:246 -   Train bars: 15,500  |  Test bars: 7,875
2026-09-11 22:14:43.137 | INFO     | __main__:run_walk_forward:252 -   Building TRAIN features & labels...
2026-09-11 22:14:43.141 | INFO     | app.features.feature_pipeline:generate_features:26 - Calculating Price Features...
2026-09-11 22:14:43.149 | INFO     | app.features.feature_pipeline:generate_features:33 - Calculating Market Structure Features...
2026-09-11 22:14:43.174 | INFO     | app.features.feature_pipeline:generate_features:37 - Calculating Time Features...
2026-09-11 22:14:43.176 | INFO     | app.features.feature_pipeline:generate_features:48 - Feature pipeline complete. Dropped 0 rows due to rolling window warm-up.
2026-09-11 22:14:43.207 | INFO     | app.ml.labeling:apply_advanced_regime_labeling:81 - Regime Labeling complete. Distribution: {5.0: 8112, 4.0: 2104, 2.0: 1647, 7.0: 1470, 6.0: 891, 3.0: 752, 1.0: 464}
2026-09-11 22:14:43.208 | INFO     | __main__:run_walk_forward:258 -   Building TEST features & labels...
2026-09-11 22:14:43.210 | INFO     | app.features.feature_pipeline:generate_features:26 - Calculating Price Features...
2026-09-11 22:14:43.216 | INFO     | app.features.feature_pipeline:generate_features:33 - Calculating Market Structure Features...
2026-09-11 22:14:43.230 | INFO     | app.features.feature_pipeline:generate_features:37 - Calculating Time Features...
2026-09-11 22:14:43.231 | INFO     | app.features.feature_pipeline:generate_features:48 - Feature pipeline complete. Dropped 0 rows due to rolling window warm-up.
2026-09-11 22:14:43.247 | INFO     | app.ml.labeling:apply_advanced_regime_labeling:81 - Regime Labeling complete. Distribution: {5.0: 2760, 6.0: 1203, 7.0: 1062, 4.0: 1049, 2.0: 975, 1.0: 440, 3.0: 326}
2026-09-11 22:14:43.249 | INFO     | __main__:run_walk_forward:273 -   TRAIN labels (0-6): {0: 464, 1: 1647, 2: 752, 3: 2104, 4: 8112, 5: 891, 6: 1470}
2026-09-11 22:14:43.249 | INFO     | __main__:run_walk_forward:274 -   TEST  labels (0-6): {0: 440, 1: 975, 2: 326, 3: 1049, 4: 2760, 5: 1203, 6: 1062}
2026-09-11 22:14:43.249 | INFO     | __main__:run_walk_forward:276 -   Training XGBoost...
2026-09-11 22:14:45.253 | INFO     | __main__:evaluate:185 - [Fold_20__Train_2025-11-23_2026-01-23__Test_2026-01-23_2026-02-23]  Acc=0.3193  Prec=0.1849  Rec=0.2104  F1=0.1877
2026-09-11 22:14:45.257 | INFO     | __main__:run_walk_forward:292 -   Model saved: models/walk_forward/Fold_20__Train_2025-11-23_2026-01-23__Test_2026-01-23_2026-02-23.joblib
2026-09-11 22:14:45.257 | INFO     | __main__:run_walk_forward:239 - 
========================================================================
2026-09-11 22:14:45.257 | INFO     | __main__:run_walk_forward:240 -   Fold_21__Train_2025-12-23_2026-02-23__Test_2026-02-23_2026-03-23
2026-09-11 22:14:45.257 | INFO     | __main__:run_walk_forward:241 - ========================================================================
2026-09-11 22:14:45.259 | INFO     | __main__:run_walk_forward:246 -   Train bars: 15,750  |  Test bars: 7,125
2026-09-11 22:14:45.259 | INFO     | __main__:run_walk_forward:252 -   Building TRAIN features & labels...
2026-09-11 22:14:45.262 | INFO     | app.features.feature_pipeline:generate_features:26 - Calculating Price Features...
2026-09-11 22:14:45.270 | INFO     | app.features.feature_pipeline:generate_features:33 - Calculating Market Structure Features...
2026-09-11 22:14:45.296 | INFO     | app.features.feature_pipeline:generate_features:37 - Calculating Time Features...
2026-09-11 22:14:45.298 | INFO     | app.features.feature_pipeline:generate_features:48 - Feature pipeline complete. Dropped 0 rows due to rolling window warm-up.
2026-09-11 22:14:45.329 | INFO     | app.ml.labeling:apply_advanced_regime_labeling:81 - Regime Labeling complete. Distribution: {5.0: 6504, 4.0: 2258, 7.0: 2020, 6.0: 1828, 2.0: 1742, 3.0: 689, 1.0: 649}
2026-09-11 22:14:45.330 | INFO     | __main__:run_walk_forward:258 -   Building TEST features & labels...
2026-09-11 22:14:45.332 | INFO     | app.features.feature_pipeline:generate_features:26 - Calculating Price Features...
2026-09-11 22:14:45.339 | INFO     | app.features.feature_pipeline:generate_features:33 - Calculating Market Structure Features...
2026-09-11 22:14:45.353 | INFO     | app.features.feature_pipeline:generate_features:37 - Calculating Time Features...
2026-09-11 22:14:45.355 | INFO     | app.features.feature_pipeline:generate_features:48 - Feature pipeline complete. Dropped 0 rows due to rolling window warm-up.
2026-09-11 22:14:45.369 | INFO     | app.ml.labeling:apply_advanced_regime_labeling:81 - Regime Labeling complete. Distribution: {6.0: 2119, 7.0: 1340, 5.0: 1284, 4.0: 862, 2.0: 710, 3.0: 484, 1.0: 266}
2026-09-11 22:14:45.371 | INFO     | __main__:run_walk_forward:273 -   TRAIN labels (0-6): {0: 649, 1: 1742, 2: 689, 3: 2258, 4: 6504, 5: 1828, 6: 2020}
2026-09-11 22:14:45.371 | INFO     | __main__:run_walk_forward:274 -   TEST  labels (0-6): {0: 266, 1: 710, 2: 484, 3: 862, 4: 1284, 5: 2119, 6: 1340}
2026-09-11 22:14:45.371 | INFO     | __main__:run_walk_forward:276 -   Training XGBoost...
2026-09-11 22:14:47.343 | INFO     | __main__:evaluate:185 - [Fold_21__Train_2025-12-23_2026-02-23__Test_2026-02-23_2026-03-23]  Acc=0.3563  Prec=0.2248  Rec=0.2326  F1=0.2094
2026-09-11 22:14:47.348 | INFO     | __main__:run_walk_forward:292 -   Model saved: models/walk_forward/Fold_21__Train_2025-12-23_2026-02-23__Test_2026-02-23_2026-03-23.joblib
2026-09-11 22:14:47.348 | INFO     | __main__:run_walk_forward:239 - 
========================================================================
2026-09-11 22:14:47.348 | INFO     | __main__:run_walk_forward:240 -   Fold_22__Train_2026-01-23_2026-03-23__Test_2026-03-23_2026-04-23
2026-09-11 22:14:47.348 | INFO     | __main__:run_walk_forward:241 - ========================================================================
2026-09-11 22:14:47.350 | INFO     | __main__:run_walk_forward:246 -   Train bars: 15,000  |  Test bars: 7,125
2026-09-11 22:14:47.350 | INFO     | __main__:run_walk_forward:252 -   Building TRAIN features & labels...
2026-09-11 22:14:47.353 | INFO     | app.features.feature_pipeline:generate_features:26 - Calculating Price Features...
2026-09-11 22:14:47.361 | INFO     | app.features.feature_pipeline:generate_features:33 - Calculating Market Structure Features...
2026-09-11 22:14:47.385 | INFO     | app.features.feature_pipeline:generate_features:37 - Calculating Time Features...
2026-09-11 22:14:47.387 | INFO     | app.features.feature_pipeline:generate_features:48 - Feature pipeline complete. Dropped 0 rows due to rolling window warm-up.
2026-09-11 22:14:47.417 | INFO     | app.ml.labeling:apply_advanced_regime_labeling:81 - Regime Labeling complete. Distribution: {5.0: 4044, 6.0: 3379, 7.0: 2402, 4.0: 1911, 2.0: 1687, 3.0: 810, 1.0: 707}
2026-09-11 22:14:47.418 | INFO     | __main__:run_walk_forward:258 -   Building TEST features & labels...
2026-09-11 22:14:47.420 | INFO     | app.features.feature_pipeline:generate_features:26 - Calculating Price Features...
2026-09-11 22:14:47.425 | INFO     | app.features.feature_pipeline:generate_features:33 - Calculating Market Structure Features...
2026-09-11 22:14:47.455 | INFO     | app.features.feature_pipeline:generate_features:37 - Calculating Time Features...
2026-09-11 22:14:47.460 | INFO     | app.features.feature_pipeline:generate_features:48 - Feature pipeline complete. Dropped 0 rows due to rolling window warm-up.
2026-09-11 22:14:47.483 | INFO     | app.ml.labeling:apply_advanced_regime_labeling:81 - Regime Labeling complete. Distribution: {6.0: 2377, 5.0: 1431, 7.0: 1203, 2.0: 782, 4.0: 585, 1.0: 360, 3.0: 327}
2026-09-11 22:14:47.487 | INFO     | __main__:run_walk_forward:273 -   TRAIN labels (0-6): {0: 707, 1: 1687, 2: 810, 3: 1911, 4: 4044, 5: 3379, 6: 2402}
2026-09-11 22:14:47.488 | INFO     | __main__:run_walk_forward:274 -   TEST  labels (0-6): {0: 360, 1: 782, 2: 327, 3: 585, 4: 1431, 5: 2377, 6: 1203}
2026-09-11 22:14:47.488 | INFO     | __main__:run_walk_forward:276 -   Training XGBoost...
2026-09-11 22:14:49.438 | INFO     | __main__:evaluate:185 - [Fold_22__Train_2026-01-23_2026-03-23__Test_2026-03-23_2026-04-23]  Acc=0.3584  Prec=0.2560  Rec=0.2108  F1=0.2018
2026-09-11 22:14:49.442 | INFO     | __main__:run_walk_forward:292 -   Model saved: models/walk_forward/Fold_22__Train_2026-01-23_2026-03-23__Test_2026-03-23_2026-04-23.joblib
2026-09-11 22:14:49.442 | INFO     | __main__:run_walk_forward:298 - 
========================================================================
2026-09-11 22:14:49.442 | INFO     | __main__:run_walk_forward:299 -   WALK-FORWARD COMPLETE
2026-09-11 22:14:49.442 | INFO     | __main__:run_walk_forward:300 - ========================================================================
2026-09-11 22:14:49.446 | INFO     | __main__:run_walk_forward:328 - Best model saved: models/walk_forward/best_model.joblib
2026-09-11 22:14:49.447 | INFO     | __main__:run_walk_forward:334 - Metrics JSON saved: data/walk_forward_results/walk_forward_metrics_20260911_221449.json
2026-09-11 22:14:49.449 | INFO     | __main__:run_walk_forward:342 - Summary CSV saved: data/walk_forward_results/walk_forward_summary_20260911_221449.csv
