2026-09-11 22:47:47.430 | INFO     | __main__:load_raw_data:89 - Loading raw data from: data/Nifty50_2Years_1Min.csv
2026-09-11 22:47:47.831 | INFO     | __main__:load_raw_data:119 - Loaded 184,373 1-min bars  |  2024-04-23 to 2026-04-23
2026-09-11 22:47:47.831 | INFO     | __main__:run_walk_forward:205 - Walk-Forward Config: TRAIN=3mo  TEST=1mo  STEP=1mo  |  Data: 2024-04-23 to 2026-04-23
2026-09-11 22:47:47.832 | INFO     | __main__:run_walk_forward:222 - Total folds planned: 21
2026-09-11 22:47:47.832 | INFO     | __main__:run_walk_forward:235 - 
========================================================================
2026-09-11 22:47:47.832 | INFO     | __main__:run_walk_forward:236 -   Fold_01__Train_2024-04-23_2024-07-23__Test_2024-07-23_2024-08-23
2026-09-11 22:47:47.832 | INFO     | __main__:run_walk_forward:237 - ========================================================================
2026-09-11 22:47:47.834 | INFO     | __main__:run_walk_forward:242 -   Train bars: 22,971  |  Test bars: 8,250
2026-09-11 22:47:47.834 | INFO     | __main__:run_walk_forward:248 -   Building TRAIN features & labels...
2026-09-11 22:47:47.837 | INFO     | app.features.feature_pipeline:generate_features:38 - Calculating Price Features...
2026-09-11 22:47:47.850 | INFO     | app.features.feature_pipeline:generate_features:46 - Calculating RSI Divergence Features...
2026-09-11 22:47:47.852 | INFO     | app.features.feature_pipeline:generate_features:50 - Calculating VWAP Band Features...
2026-09-11 22:47:47.855 | INFO     | app.features.feature_pipeline:generate_features:54 - Calculating Volume Spike Features...
2026-09-11 22:47:47.890 | INFO     | app.features.feature_pipeline:generate_features:58 - Calculating Bollinger Band Features...
2026-09-11 22:47:47.901 | INFO     | app.features.feature_pipeline:generate_features:62 - Calculating Market Structure Features...
2026-09-11 22:47:47.941 | INFO     | app.features.feature_pipeline:generate_features:67 - Calculating Time Features...
2026-09-11 22:47:47.947 | INFO     | app.features.feature_pipeline:generate_features:78 - Feature pipeline complete. 55 features | Dropped 4 rows due to rolling window warm-up.
2026-09-11 22:47:47.954 | INFO     | app.ml.labeling:apply_3class_regime_labeling:128 - 3-Class Regime Labeling complete. Distribution: {'BULLISH': 7545, 'RANGE': 9611, 'BEARISH': 5751}
2026-09-11 22:47:47.955 | INFO     | __main__:run_walk_forward:254 -   Building TEST features & labels...
2026-09-11 22:47:47.958 | INFO     | app.features.feature_pipeline:generate_features:38 - Calculating Price Features...
2026-09-11 22:47:47.965 | INFO     | app.features.feature_pipeline:generate_features:46 - Calculating RSI Divergence Features...
2026-09-11 22:47:47.966 | INFO     | app.features.feature_pipeline:generate_features:50 - Calculating VWAP Band Features...
2026-09-11 22:47:47.968 | INFO     | app.features.feature_pipeline:generate_features:54 - Calculating Volume Spike Features...
2026-09-11 22:47:47.981 | INFO     | app.features.feature_pipeline:generate_features:58 - Calculating Bollinger Band Features...
2026-09-11 22:47:47.986 | INFO     | app.features.feature_pipeline:generate_features:62 - Calculating Market Structure Features...
2026-09-11 22:47:48.003 | INFO     | app.features.feature_pipeline:generate_features:67 - Calculating Time Features...
2026-09-11 22:47:48.006 | INFO     | app.features.feature_pipeline:generate_features:78 - Feature pipeline complete. 55 features | Dropped 4 rows due to rolling window warm-up.
2026-09-11 22:47:48.008 | INFO     | app.ml.labeling:apply_3class_regime_labeling:128 - 3-Class Regime Labeling complete. Distribution: {'BULLISH': 2566, 'RANGE': 3453, 'BEARISH': 2167}
2026-09-11 22:47:48.011 | INFO     | __main__:run_walk_forward:269 -   TRAIN labels (0-6): {0: 7545, 1: 9611, 2: 5751}
2026-09-11 22:47:48.011 | INFO     | __main__:run_walk_forward:270 -   TEST  labels (0-6): {0: 2566, 1: 3453, 2: 2167}
2026-09-11 22:47:48.011 | INFO     | __main__:run_walk_forward:272 -   Training XGBoost...
2026-09-11 22:47:49.912 | INFO     | __main__:evaluate:178 - [Fold_01__Train_2024-04-23_2024-07-23__Test_2024-07-23_2024-08-23]  Acc=0.3786  Prec=0.3774  Rec=0.3654  F1=0.3667  | BULL=0.339 RANGE=0.489 BEAR=0.273
2026-09-11 22:47:49.915 | INFO     | __main__:run_walk_forward:288 -   Model saved: models/walk_forward/Fold_01__Train_2024-04-23_2024-07-23__Test_2024-07-23_2024-08-23.joblib
2026-09-11 22:47:49.915 | INFO     | __main__:run_walk_forward:235 - 
========================================================================
2026-09-11 22:47:49.915 | INFO     | __main__:run_walk_forward:236 -   Fold_02__Train_2024-05-23_2024-08-23__Test_2024-08-23_2024-09-23
2026-09-11 22:47:49.915 | INFO     | __main__:run_walk_forward:237 - ========================================================================
2026-09-11 22:47:49.917 | INFO     | __main__:run_walk_forward:242 -   Train bars: 23,616  |  Test bars: 7,875
2026-09-11 22:47:49.917 | INFO     | __main__:run_walk_forward:248 -   Building TRAIN features & labels...
2026-09-11 22:47:49.921 | INFO     | app.features.feature_pipeline:generate_features:38 - Calculating Price Features...
2026-09-11 22:47:49.931 | INFO     | app.features.feature_pipeline:generate_features:46 - Calculating RSI Divergence Features...
2026-09-11 22:47:49.932 | INFO     | app.features.feature_pipeline:generate_features:50 - Calculating VWAP Band Features...
2026-09-11 22:47:49.935 | INFO     | app.features.feature_pipeline:generate_features:54 - Calculating Volume Spike Features...
2026-09-11 22:47:49.965 | INFO     | app.features.feature_pipeline:generate_features:58 - Calculating Bollinger Band Features...
2026-09-11 22:47:49.974 | INFO     | app.features.feature_pipeline:generate_features:62 - Calculating Market Structure Features...
2026-09-11 22:47:50.009 | INFO     | app.features.feature_pipeline:generate_features:67 - Calculating Time Features...
2026-09-11 22:47:50.014 | INFO     | app.features.feature_pipeline:generate_features:78 - Feature pipeline complete. 55 features | Dropped 4 rows due to rolling window warm-up.
2026-09-11 22:47:50.019 | INFO     | app.ml.labeling:apply_3class_regime_labeling:128 - 3-Class Regime Labeling complete. Distribution: {'BULLISH': 7632, 'RANGE': 10064, 'BEARISH': 5856}
2026-09-11 22:47:50.020 | INFO     | __main__:run_walk_forward:254 -   Building TEST features & labels...
2026-09-11 22:47:50.023 | INFO     | app.features.feature_pipeline:generate_features:38 - Calculating Price Features...
2026-09-11 22:47:50.029 | INFO     | app.features.feature_pipeline:generate_features:46 - Calculating RSI Divergence Features...
2026-09-11 22:47:50.030 | INFO     | app.features.feature_pipeline:generate_features:50 - Calculating VWAP Band Features...
2026-09-11 22:47:50.032 | INFO     | app.features.feature_pipeline:generate_features:54 - Calculating Volume Spike Features...
2026-09-11 22:47:50.044 | INFO     | app.features.feature_pipeline:generate_features:58 - Calculating Bollinger Band Features...
2026-09-11 22:47:50.048 | INFO     | app.features.feature_pipeline:generate_features:62 - Calculating Market Structure Features...
2026-09-11 22:47:50.063 | INFO     | app.features.feature_pipeline:generate_features:67 - Calculating Time Features...
2026-09-11 22:47:50.065 | INFO     | app.features.feature_pipeline:generate_features:78 - Feature pipeline complete. 55 features | Dropped 4 rows due to rolling window warm-up.
2026-09-11 22:47:50.067 | INFO     | app.ml.labeling:apply_3class_regime_labeling:128 - 3-Class Regime Labeling complete. Distribution: {'BULLISH': 2052, 'RANGE': 4322, 'BEARISH': 1437}
2026-09-11 22:47:50.070 | INFO     | __main__:run_walk_forward:269 -   TRAIN labels (0-6): {0: 7632, 1: 10064, 2: 5856}
2026-09-11 22:47:50.070 | INFO     | __main__:run_walk_forward:270 -   TEST  labels (0-6): {0: 2052, 1: 4322, 2: 1437}
2026-09-11 22:47:50.070 | INFO     | __main__:run_walk_forward:272 -   Training XGBoost...
2026-09-11 22:47:51.929 | INFO     | __main__:evaluate:178 - [Fold_02__Train_2024-05-23_2024-08-23__Test_2024-08-23_2024-09-23]  Acc=0.3659  Prec=0.4766  Rec=0.3833  F1=0.3161  | BULL=0.154 RANGE=0.485 BEAR=0.309
2026-09-11 22:47:51.934 | INFO     | __main__:run_walk_forward:288 -   Model saved: models/walk_forward/Fold_02__Train_2024-05-23_2024-08-23__Test_2024-08-23_2024-09-23.joblib
2026-09-11 22:47:51.934 | INFO     | __main__:run_walk_forward:235 - 
========================================================================
2026-09-11 22:47:51.934 | INFO     | __main__:run_walk_forward:236 -   Fold_03__Train_2024-06-23_2024-09-23__Test_2024-09-23_2024-10-23
2026-09-11 22:47:51.934 | INFO     | __main__:run_walk_forward:237 - ========================================================================
2026-09-11 22:47:51.936 | INFO     | __main__:run_walk_forward:242 -   Train bars: 23,616  |  Test bars: 7,875
2026-09-11 22:47:51.936 | INFO     | __main__:run_walk_forward:248 -   Building TRAIN features & labels...
2026-09-11 22:47:51.939 | INFO     | app.features.feature_pipeline:generate_features:38 - Calculating Price Features...
2026-09-11 22:47:51.949 | INFO     | app.features.feature_pipeline:generate_features:46 - Calculating RSI Divergence Features...
2026-09-11 22:47:51.950 | INFO     | app.features.feature_pipeline:generate_features:50 - Calculating VWAP Band Features...
2026-09-11 22:47:51.953 | INFO     | app.features.feature_pipeline:generate_features:54 - Calculating Volume Spike Features...
2026-09-11 22:47:51.983 | INFO     | app.features.feature_pipeline:generate_features:58 - Calculating Bollinger Band Features...
2026-09-11 22:47:51.991 | INFO     | app.features.feature_pipeline:generate_features:62 - Calculating Market Structure Features...
2026-09-11 22:47:52.027 | INFO     | app.features.feature_pipeline:generate_features:67 - Calculating Time Features...
2026-09-11 22:47:52.032 | INFO     | app.features.feature_pipeline:generate_features:78 - Feature pipeline complete. 55 features | Dropped 4 rows due to rolling window warm-up.
2026-09-11 22:47:52.037 | INFO     | app.ml.labeling:apply_3class_regime_labeling:128 - 3-Class Regime Labeling complete. Distribution: {'BULLISH': 6961, 'RANGE': 11403, 'BEARISH': 5188}
2026-09-11 22:47:52.038 | INFO     | __main__:run_walk_forward:254 -   Building TEST features & labels...
2026-09-11 22:47:52.041 | INFO     | app.features.feature_pipeline:generate_features:38 - Calculating Price Features...
2026-09-11 22:47:52.046 | INFO     | app.features.feature_pipeline:generate_features:46 - Calculating RSI Divergence Features...
2026-09-11 22:47:52.048 | INFO     | app.features.feature_pipeline:generate_features:50 - Calculating VWAP Band Features...
2026-09-11 22:47:52.050 | INFO     | app.features.feature_pipeline:generate_features:54 - Calculating Volume Spike Features...
2026-09-11 22:47:52.061 | INFO     | app.features.feature_pipeline:generate_features:58 - Calculating Bollinger Band Features...
2026-09-11 22:47:52.065 | INFO     | app.features.feature_pipeline:generate_features:62 - Calculating Market Structure Features...
2026-09-11 22:47:52.080 | INFO     | app.features.feature_pipeline:generate_features:67 - Calculating Time Features...
2026-09-11 22:47:52.083 | INFO     | app.features.feature_pipeline:generate_features:78 - Feature pipeline complete. 55 features | Dropped 4 rows due to rolling window warm-up.
2026-09-11 22:47:52.085 | INFO     | app.ml.labeling:apply_3class_regime_labeling:128 - 3-Class Regime Labeling complete. Distribution: {'BULLISH': 1994, 'RANGE': 3102, 'BEARISH': 2715}
2026-09-11 22:47:52.087 | INFO     | __main__:run_walk_forward:269 -   TRAIN labels (0-6): {0: 6961, 1: 11403, 2: 5188}
2026-09-11 22:47:52.087 | INFO     | __main__:run_walk_forward:270 -   TEST  labels (0-6): {0: 1994, 1: 3102, 2: 2715}
2026-09-11 22:47:52.087 | INFO     | __main__:run_walk_forward:272 -   Training XGBoost...
2026-09-11 22:47:53.989 | INFO     | __main__:evaluate:178 - [Fold_03__Train_2024-06-23_2024-09-23__Test_2024-09-23_2024-10-23]  Acc=0.3244  Prec=0.3173  Rec=0.3282  F1=0.3166  | BULL=0.329 RANGE=0.397 BEAR=0.224
2026-09-11 22:47:53.993 | INFO     | __main__:run_walk_forward:288 -   Model saved: models/walk_forward/Fold_03__Train_2024-06-23_2024-09-23__Test_2024-09-23_2024-10-23.joblib
2026-09-11 22:47:53.993 | INFO     | __main__:run_walk_forward:235 - 
========================================================================
2026-09-11 22:47:53.993 | INFO     | __main__:run_walk_forward:236 -   Fold_04__Train_2024-07-23_2024-10-23__Test_2024-10-23_2024-11-23
2026-09-11 22:47:53.993 | INFO     | __main__:run_walk_forward:237 - ========================================================================
2026-09-11 22:47:53.995 | INFO     | __main__:run_walk_forward:242 -   Train bars: 24,000  |  Test bars: 7,500
2026-09-11 22:47:53.995 | INFO     | __main__:run_walk_forward:248 -   Building TRAIN features & labels...
2026-09-11 22:47:53.999 | INFO     | app.features.feature_pipeline:generate_features:38 - Calculating Price Features...
2026-09-11 22:47:54.009 | INFO     | app.features.feature_pipeline:generate_features:46 - Calculating RSI Divergence Features...
2026-09-11 22:47:54.010 | INFO     | app.features.feature_pipeline:generate_features:50 - Calculating VWAP Band Features...
2026-09-11 22:47:54.013 | INFO     | app.features.feature_pipeline:generate_features:54 - Calculating Volume Spike Features...
2026-09-11 22:47:54.044 | INFO     | app.features.feature_pipeline:generate_features:58 - Calculating Bollinger Band Features...
2026-09-11 22:47:54.053 | INFO     | app.features.feature_pipeline:generate_features:62 - Calculating Market Structure Features...
2026-09-11 22:47:54.090 | INFO     | app.features.feature_pipeline:generate_features:67 - Calculating Time Features...
2026-09-11 22:47:54.096 | INFO     | app.features.feature_pipeline:generate_features:78 - Feature pipeline complete. 55 features | Dropped 4 rows due to rolling window warm-up.
2026-09-11 22:47:54.101 | INFO     | app.ml.labeling:apply_3class_regime_labeling:128 - 3-Class Regime Labeling complete. Distribution: {'BULLISH': 6677, 'RANGE': 10935, 'BEARISH': 6324}
2026-09-11 22:47:54.102 | INFO     | __main__:run_walk_forward:254 -   Building TEST features & labels...
2026-09-11 22:47:54.105 | INFO     | app.features.feature_pipeline:generate_features:38 - Calculating Price Features...
2026-09-11 22:47:54.110 | INFO     | app.features.feature_pipeline:generate_features:46 - Calculating RSI Divergence Features...
2026-09-11 22:47:54.111 | INFO     | app.features.feature_pipeline:generate_features:50 - Calculating VWAP Band Features...
2026-09-11 22:47:54.113 | INFO     | app.features.feature_pipeline:generate_features:54 - Calculating Volume Spike Features...
2026-09-11 22:47:54.125 | INFO     | app.features.feature_pipeline:generate_features:58 - Calculating Bollinger Band Features...
2026-09-11 22:47:54.129 | INFO     | app.features.feature_pipeline:generate_features:62 - Calculating Market Structure Features...
2026-09-11 22:47:54.144 | INFO     | app.features.feature_pipeline:generate_features:67 - Calculating Time Features...
2026-09-11 22:47:54.146 | INFO     | app.features.feature_pipeline:generate_features:78 - Feature pipeline complete. 55 features | Dropped 4 rows due to rolling window warm-up.
2026-09-11 22:47:54.148 | INFO     | app.ml.labeling:apply_3class_regime_labeling:128 - 3-Class Regime Labeling complete. Distribution: {'BULLISH': 2106, 'RANGE': 2800, 'BEARISH': 2530}
2026-09-11 22:47:54.150 | INFO     | __main__:run_walk_forward:269 -   TRAIN labels (0-6): {0: 6677, 1: 10935, 2: 6324}
2026-09-11 22:47:54.150 | INFO     | __main__:run_walk_forward:270 -   TEST  labels (0-6): {0: 2106, 1: 2800, 2: 2530}
2026-09-11 22:47:54.150 | INFO     | __main__:run_walk_forward:272 -   Training XGBoost...
2026-09-11 22:47:56.059 | INFO     | __main__:evaluate:178 - [Fold_04__Train_2024-07-23_2024-10-23__Test_2024-10-23_2024-11-23]  Acc=0.3205  Prec=0.3754  Rec=0.3387  F1=0.3120  | BULL=0.366 RANGE=0.295 BEAR=0.275
2026-09-11 22:47:56.063 | INFO     | __main__:run_walk_forward:288 -   Model saved: models/walk_forward/Fold_04__Train_2024-07-23_2024-10-23__Test_2024-10-23_2024-11-23.joblib
2026-09-11 22:47:56.063 | INFO     | __main__:run_walk_forward:235 - 
========================================================================
2026-09-11 22:47:56.063 | INFO     | __main__:run_walk_forward:236 -   Fold_05__Train_2024-08-23_2024-11-23__Test_2024-11-23_2024-12-23
2026-09-11 22:47:56.063 | INFO     | __main__:run_walk_forward:237 - ========================================================================
2026-09-11 22:47:56.065 | INFO     | __main__:run_walk_forward:242 -   Train bars: 23,250  |  Test bars: 7,500
2026-09-11 22:47:56.065 | INFO     | __main__:run_walk_forward:248 -   Building TRAIN features & labels...
2026-09-11 22:47:56.068 | INFO     | app.features.feature_pipeline:generate_features:38 - Calculating Price Features...
2026-09-11 22:47:56.078 | INFO     | app.features.feature_pipeline:generate_features:46 - Calculating RSI Divergence Features...
2026-09-11 22:47:56.079 | INFO     | app.features.feature_pipeline:generate_features:50 - Calculating VWAP Band Features...
2026-09-11 22:47:56.082 | INFO     | app.features.feature_pipeline:generate_features:54 - Calculating Volume Spike Features...
2026-09-11 22:47:56.113 | INFO     | app.features.feature_pipeline:generate_features:58 - Calculating Bollinger Band Features...
2026-09-11 22:47:56.122 | INFO     | app.features.feature_pipeline:generate_features:62 - Calculating Market Structure Features...
2026-09-11 22:47:56.158 | INFO     | app.features.feature_pipeline:generate_features:67 - Calculating Time Features...
2026-09-11 22:47:56.164 | INFO     | app.features.feature_pipeline:generate_features:78 - Feature pipeline complete. 55 features | Dropped 4 rows due to rolling window warm-up.
2026-09-11 22:47:56.169 | INFO     | app.ml.labeling:apply_3class_regime_labeling:128 - 3-Class Regime Labeling complete. Distribution: {'BULLISH': 6238, 'RANGE': 10233, 'BEARISH': 6715}
2026-09-11 22:47:56.170 | INFO     | __main__:run_walk_forward:254 -   Building TEST features & labels...
2026-09-11 22:47:56.173 | INFO     | app.features.feature_pipeline:generate_features:38 - Calculating Price Features...
2026-09-11 22:47:56.179 | INFO     | app.features.feature_pipeline:generate_features:46 - Calculating RSI Divergence Features...
2026-09-11 22:47:56.180 | INFO     | app.features.feature_pipeline:generate_features:50 - Calculating VWAP Band Features...
2026-09-11 22:47:56.182 | INFO     | app.features.feature_pipeline:generate_features:54 - Calculating Volume Spike Features...
2026-09-11 22:47:56.193 | INFO     | app.features.feature_pipeline:generate_features:58 - Calculating Bollinger Band Features...
2026-09-11 22:47:56.197 | INFO     | app.features.feature_pipeline:generate_features:62 - Calculating Market Structure Features...
2026-09-11 22:47:56.212 | INFO     | app.features.feature_pipeline:generate_features:67 - Calculating Time Features...
2026-09-11 22:47:56.214 | INFO     | app.features.feature_pipeline:generate_features:78 - Feature pipeline complete. 55 features | Dropped 4 rows due to rolling window warm-up.
2026-09-11 22:47:56.216 | INFO     | app.ml.labeling:apply_3class_regime_labeling:128 - 3-Class Regime Labeling complete. Distribution: {'BULLISH': 1897, 'RANGE': 3167, 'BEARISH': 2372}
2026-09-11 22:47:56.219 | INFO     | __main__:run_walk_forward:269 -   TRAIN labels (0-6): {0: 6238, 1: 10233, 2: 6715}
2026-09-11 22:47:56.219 | INFO     | __main__:run_walk_forward:270 -   TEST  labels (0-6): {0: 1897, 1: 3167, 2: 2372}
2026-09-11 22:47:56.219 | INFO     | __main__:run_walk_forward:272 -   Training XGBoost...
2026-09-11 22:47:58.066 | INFO     | __main__:evaluate:178 - [Fold_05__Train_2024-08-23_2024-11-23__Test_2024-11-23_2024-12-23]  Acc=0.4042  Prec=0.3990  Rec=0.3898  F1=0.3770  | BULL=0.222 RANGE=0.471 BEAR=0.438
2026-09-11 22:47:58.070 | INFO     | __main__:run_walk_forward:288 -   Model saved: models/walk_forward/Fold_05__Train_2024-08-23_2024-11-23__Test_2024-11-23_2024-12-23.joblib
2026-09-11 22:47:58.073 | INFO     | __main__:run_walk_forward:235 - 
========================================================================
2026-09-11 22:47:58.073 | INFO     | __main__:run_walk_forward:236 -   Fold_06__Train_2024-09-23_2024-12-23__Test_2024-12-23_2025-01-23
2026-09-11 22:47:58.074 | INFO     | __main__:run_walk_forward:237 - ========================================================================
2026-09-11 22:47:58.076 | INFO     | __main__:run_walk_forward:242 -   Train bars: 22,875  |  Test bars: 8,000
2026-09-11 22:47:58.076 | INFO     | __main__:run_walk_forward:248 -   Building TRAIN features & labels...
2026-09-11 22:47:58.079 | INFO     | app.features.feature_pipeline:generate_features:38 - Calculating Price Features...
2026-09-11 22:47:58.089 | INFO     | app.features.feature_pipeline:generate_features:46 - Calculating RSI Divergence Features...
2026-09-11 22:47:58.092 | INFO     | app.features.feature_pipeline:generate_features:50 - Calculating VWAP Band Features...
2026-09-11 22:47:58.095 | INFO     | app.features.feature_pipeline:generate_features:54 - Calculating Volume Spike Features...
2026-09-11 22:47:58.126 | INFO     | app.features.feature_pipeline:generate_features:58 - Calculating Bollinger Band Features...
2026-09-11 22:47:58.135 | INFO     | app.features.feature_pipeline:generate_features:62 - Calculating Market Structure Features...
2026-09-11 22:47:58.174 | INFO     | app.features.feature_pipeline:generate_features:67 - Calculating Time Features...
2026-09-11 22:47:58.179 | INFO     | app.features.feature_pipeline:generate_features:78 - Feature pipeline complete. 55 features | Dropped 4 rows due to rolling window warm-up.
2026-09-11 22:47:58.184 | INFO     | app.ml.labeling:apply_3class_regime_labeling:128 - 3-Class Regime Labeling complete. Distribution: {'BULLISH': 6083, 'RANGE': 9078, 'BEARISH': 7650}
2026-09-11 22:47:58.186 | INFO     | __main__:run_walk_forward:254 -   Building TEST features & labels...
2026-09-11 22:47:58.189 | INFO     | app.features.feature_pipeline:generate_features:38 - Calculating Price Features...
2026-09-11 22:47:58.195 | INFO     | app.features.feature_pipeline:generate_features:46 - Calculating RSI Divergence Features...
2026-09-11 22:47:58.196 | INFO     | app.features.feature_pipeline:generate_features:50 - Calculating VWAP Band Features...
2026-09-11 22:47:58.199 | INFO     | app.features.feature_pipeline:generate_features:54 - Calculating Volume Spike Features...
2026-09-11 22:47:58.211 | INFO     | app.features.feature_pipeline:generate_features:58 - Calculating Bollinger Band Features...
2026-09-11 22:47:58.215 | INFO     | app.features.feature_pipeline:generate_features:62 - Calculating Market Structure Features...
2026-09-11 22:47:58.232 | INFO     | app.features.feature_pipeline:generate_features:67 - Calculating Time Features...
2026-09-11 22:47:58.235 | INFO     | app.features.feature_pipeline:generate_features:78 - Feature pipeline complete. 55 features | Dropped 4 rows due to rolling window warm-up.
2026-09-11 22:47:58.237 | INFO     | app.ml.labeling:apply_3class_regime_labeling:128 - 3-Class Regime Labeling complete. Distribution: {'BULLISH': 2340, 'RANGE': 2781, 'BEARISH': 2815}
2026-09-11 22:47:58.240 | INFO     | __main__:run_walk_forward:269 -   TRAIN labels (0-6): {0: 6083, 1: 9078, 2: 7650}
2026-09-11 22:47:58.240 | INFO     | __main__:run_walk_forward:270 -   TEST  labels (0-6): {0: 2340, 1: 2781, 2: 2815}
2026-09-11 22:47:58.240 | INFO     | __main__:run_walk_forward:272 -   Training XGBoost...
2026-09-11 22:48:00.130 | INFO     | __main__:evaluate:178 - [Fold_06__Train_2024-09-23_2024-12-23__Test_2024-12-23_2025-01-23]  Acc=0.3818  Prec=0.4014  Rec=0.3885  F1=0.3816  | BULL=0.389 RANGE=0.387 BEAR=0.369
2026-09-11 22:48:00.134 | INFO     | __main__:run_walk_forward:288 -   Model saved: models/walk_forward/Fold_06__Train_2024-09-23_2024-12-23__Test_2024-12-23_2025-01-23.joblib
2026-09-11 22:48:00.135 | INFO     | __main__:run_walk_forward:235 - 
========================================================================
2026-09-11 22:48:00.135 | INFO     | __main__:run_walk_forward:236 -   Fold_07__Train_2024-10-23_2025-01-23__Test_2025-01-23_2025-02-23
2026-09-11 22:48:00.135 | INFO     | __main__:run_walk_forward:237 - ========================================================================
2026-09-11 22:48:00.136 | INFO     | __main__:run_walk_forward:242 -   Train bars: 23,000  |  Test bars: 8,375
2026-09-11 22:48:00.136 | INFO     | __main__:run_walk_forward:248 -   Building TRAIN features & labels...
2026-09-11 22:48:00.140 | INFO     | app.features.feature_pipeline:generate_features:38 - Calculating Price Features...
2026-09-11 22:48:00.150 | INFO     | app.features.feature_pipeline:generate_features:46 - Calculating RSI Divergence Features...
2026-09-11 22:48:00.151 | INFO     | app.features.feature_pipeline:generate_features:50 - Calculating VWAP Band Features...
2026-09-11 22:48:00.154 | INFO     | app.features.feature_pipeline:generate_features:54 - Calculating Volume Spike Features...
2026-09-11 22:48:00.184 | INFO     | app.features.feature_pipeline:generate_features:58 - Calculating Bollinger Band Features...
2026-09-11 22:48:00.192 | INFO     | app.features.feature_pipeline:generate_features:62 - Calculating Market Structure Features...
2026-09-11 22:48:00.229 | INFO     | app.features.feature_pipeline:generate_features:67 - Calculating Time Features...
2026-09-11 22:48:00.233 | INFO     | app.features.feature_pipeline:generate_features:78 - Feature pipeline complete. 55 features | Dropped 4 rows due to rolling window warm-up.
2026-09-11 22:48:00.238 | INFO     | app.ml.labeling:apply_3class_regime_labeling:128 - 3-Class Regime Labeling complete. Distribution: {'BULLISH': 6463, 'RANGE': 8756, 'BEARISH': 7717}
2026-09-11 22:48:00.239 | INFO     | __main__:run_walk_forward:254 -   Building TEST features & labels...
2026-09-11 22:48:00.242 | INFO     | app.features.feature_pipeline:generate_features:38 - Calculating Price Features...
2026-09-11 22:48:00.248 | INFO     | app.features.feature_pipeline:generate_features:46 - Calculating RSI Divergence Features...
2026-09-11 22:48:00.249 | INFO     | app.features.feature_pipeline:generate_features:50 - Calculating VWAP Band Features...
2026-09-11 22:48:00.251 | INFO     | app.features.feature_pipeline:generate_features:54 - Calculating Volume Spike Features...
2026-09-11 22:48:00.264 | INFO     | app.features.feature_pipeline:generate_features:58 - Calculating Bollinger Band Features...
2026-09-11 22:48:00.268 | INFO     | app.features.feature_pipeline:generate_features:62 - Calculating Market Structure Features...
2026-09-11 22:48:00.285 | INFO     | app.features.feature_pipeline:generate_features:67 - Calculating Time Features...
2026-09-11 22:48:00.287 | INFO     | app.features.feature_pipeline:generate_features:78 - Feature pipeline complete. 55 features | Dropped 4 rows due to rolling window warm-up.
2026-09-11 22:48:00.289 | INFO     | app.ml.labeling:apply_3class_regime_labeling:128 - 3-Class Regime Labeling complete. Distribution: {'BULLISH': 2704, 'RANGE': 2834, 'BEARISH': 2773}
2026-09-11 22:48:00.292 | INFO     | __main__:run_walk_forward:269 -   TRAIN labels (0-6): {0: 6463, 1: 8756, 2: 7717}
2026-09-11 22:48:00.292 | INFO     | __main__:run_walk_forward:270 -   TEST  labels (0-6): {0: 2704, 1: 2834, 2: 2773}
2026-09-11 22:48:00.292 | INFO     | __main__:run_walk_forward:272 -   Training XGBoost...
2026-09-11 22:48:02.159 | INFO     | __main__:evaluate:178 - [Fold_07__Train_2024-10-23_2025-01-23__Test_2025-01-23_2025-02-23]  Acc=0.3923  Prec=0.3919  Rec=0.3949  F1=0.3750  | BULL=0.484 RANGE=0.369 BEAR=0.272
2026-09-11 22:48:02.163 | INFO     | __main__:run_walk_forward:288 -   Model saved: models/walk_forward/Fold_07__Train_2024-10-23_2025-01-23__Test_2025-01-23_2025-02-23.joblib
2026-09-11 22:48:02.163 | INFO     | __main__:run_walk_forward:235 - 
========================================================================
2026-09-11 22:48:02.163 | INFO     | __main__:run_walk_forward:236 -   Fold_08__Train_2024-11-23_2025-02-23__Test_2025-02-23_2025-03-23
2026-09-11 22:48:02.163 | INFO     | __main__:run_walk_forward:237 - ========================================================================
2026-09-11 22:48:02.165 | INFO     | __main__:run_walk_forward:242 -   Train bars: 23,875  |  Test bars: 6,750
2026-09-11 22:48:02.165 | INFO     | __main__:run_walk_forward:248 -   Building TRAIN features & labels...
2026-09-11 22:48:02.168 | INFO     | app.features.feature_pipeline:generate_features:38 - Calculating Price Features...
2026-09-11 22:48:02.178 | INFO     | app.features.feature_pipeline:generate_features:46 - Calculating RSI Divergence Features...
2026-09-11 22:48:02.180 | INFO     | app.features.feature_pipeline:generate_features:50 - Calculating VWAP Band Features...
2026-09-11 22:48:02.182 | INFO     | app.features.feature_pipeline:generate_features:54 - Calculating Volume Spike Features...
2026-09-11 22:48:02.213 | INFO     | app.features.feature_pipeline:generate_features:58 - Calculating Bollinger Band Features...
2026-09-11 22:48:02.221 | INFO     | app.features.feature_pipeline:generate_features:62 - Calculating Market Structure Features...
2026-09-11 22:48:02.258 | INFO     | app.features.feature_pipeline:generate_features:67 - Calculating Time Features...
2026-09-11 22:48:02.264 | INFO     | app.features.feature_pipeline:generate_features:78 - Feature pipeline complete. 55 features | Dropped 4 rows due to rolling window warm-up.
2026-09-11 22:48:02.269 | INFO     | app.ml.labeling:apply_3class_regime_labeling:128 - 3-Class Regime Labeling complete. Distribution: {'BULLISH': 7045, 'RANGE': 8806, 'BEARISH': 7960}
2026-09-11 22:48:02.271 | INFO     | __main__:run_walk_forward:254 -   Building TEST features & labels...
2026-09-11 22:48:02.273 | INFO     | app.features.feature_pipeline:generate_features:38 - Calculating Price Features...
2026-09-11 22:48:02.279 | INFO     | app.features.feature_pipeline:generate_features:46 - Calculating RSI Divergence Features...
2026-09-11 22:48:02.280 | INFO     | app.features.feature_pipeline:generate_features:50 - Calculating VWAP Band Features...
2026-09-11 22:48:02.282 | INFO     | app.features.feature_pipeline:generate_features:54 - Calculating Volume Spike Features...
2026-09-11 22:48:02.292 | INFO     | app.features.feature_pipeline:generate_features:58 - Calculating Bollinger Band Features...
2026-09-11 22:48:02.296 | INFO     | app.features.feature_pipeline:generate_features:62 - Calculating Market Structure Features...
2026-09-11 22:48:02.310 | INFO     | app.features.feature_pipeline:generate_features:67 - Calculating Time Features...
2026-09-11 22:48:02.312 | INFO     | app.features.feature_pipeline:generate_features:78 - Feature pipeline complete. 55 features | Dropped 4 rows due to rolling window warm-up.
2026-09-11 22:48:02.314 | INFO     | app.ml.labeling:apply_3class_regime_labeling:128 - 3-Class Regime Labeling complete. Distribution: {'BULLISH': 2253, 'RANGE': 2907, 'BEARISH': 1526}
2026-09-11 22:48:02.317 | INFO     | __main__:run_walk_forward:269 -   TRAIN labels (0-6): {0: 7045, 1: 8806, 2: 7960}
2026-09-11 22:48:02.317 | INFO     | __main__:run_walk_forward:270 -   TEST  labels (0-6): {0: 2253, 1: 2907, 2: 1526}
2026-09-11 22:48:02.317 | INFO     | __main__:run_walk_forward:272 -   Training XGBoost...
2026-09-11 22:48:04.184 | INFO     | __main__:evaluate:178 - [Fold_08__Train_2024-11-23_2025-02-23__Test_2025-02-23_2025-03-23]  Acc=0.3033  Prec=0.2801  Rec=0.2925  F1=0.2312  | BULL=0.428 RANGE=0.200 BEAR=0.065
2026-09-11 22:48:04.188 | INFO     | __main__:run_walk_forward:288 -   Model saved: models/walk_forward/Fold_08__Train_2024-11-23_2025-02-23__Test_2025-02-23_2025-03-23.joblib
2026-09-11 22:48:04.188 | INFO     | __main__:run_walk_forward:235 - 
========================================================================
2026-09-11 22:48:04.188 | INFO     | __main__:run_walk_forward:236 -   Fold_09__Train_2024-12-23_2025-03-23__Test_2025-03-23_2025-04-23
2026-09-11 22:48:04.188 | INFO     | __main__:run_walk_forward:237 - ========================================================================
2026-09-11 22:48:04.190 | INFO     | __main__:run_walk_forward:242 -   Train bars: 23,125  |  Test bars: 6,750
2026-09-11 22:48:04.190 | INFO     | __main__:run_walk_forward:248 -   Building TRAIN features & labels...
2026-09-11 22:48:04.193 | INFO     | app.features.feature_pipeline:generate_features:38 - Calculating Price Features...
2026-09-11 22:48:04.203 | INFO     | app.features.feature_pipeline:generate_features:46 - Calculating RSI Divergence Features...
2026-09-11 22:48:04.205 | INFO     | app.features.feature_pipeline:generate_features:50 - Calculating VWAP Band Features...
2026-09-11 22:48:04.208 | INFO     | app.features.feature_pipeline:generate_features:54 - Calculating Volume Spike Features...
2026-09-11 22:48:04.239 | INFO     | app.features.feature_pipeline:generate_features:58 - Calculating Bollinger Band Features...
2026-09-11 22:48:04.247 | INFO     | app.features.feature_pipeline:generate_features:62 - Calculating Market Structure Features...
2026-09-11 22:48:04.284 | INFO     | app.features.feature_pipeline:generate_features:67 - Calculating Time Features...
2026-09-11 22:48:04.288 | INFO     | app.features.feature_pipeline:generate_features:78 - Feature pipeline complete. 55 features | Dropped 4 rows due to rolling window warm-up.
2026-09-11 22:48:04.293 | INFO     | app.ml.labeling:apply_3class_regime_labeling:128 - 3-Class Regime Labeling complete. Distribution: {'BULLISH': 7341, 'RANGE': 8542, 'BEARISH': 7178}
2026-09-11 22:48:04.294 | INFO     | __main__:run_walk_forward:254 -   Building TEST features & labels...
2026-09-11 22:48:04.305 | INFO     | app.features.feature_pipeline:generate_features:38 - Calculating Price Features...
2026-09-11 22:48:04.311 | INFO     | app.features.feature_pipeline:generate_features:46 - Calculating RSI Divergence Features...
2026-09-11 22:48:04.312 | INFO     | app.features.feature_pipeline:generate_features:50 - Calculating VWAP Band Features...
2026-09-11 22:48:04.314 | INFO     | app.features.feature_pipeline:generate_features:54 - Calculating Volume Spike Features...
2026-09-11 22:48:04.325 | INFO     | app.features.feature_pipeline:generate_features:58 - Calculating Bollinger Band Features...
2026-09-11 22:48:04.328 | INFO     | app.features.feature_pipeline:generate_features:62 - Calculating Market Structure Features...
2026-09-11 22:48:04.343 | INFO     | app.features.feature_pipeline:generate_features:67 - Calculating Time Features...
2026-09-11 22:48:04.345 | INFO     | app.features.feature_pipeline:generate_features:78 - Feature pipeline complete. 55 features | Dropped 4 rows due to rolling window warm-up.
2026-09-11 22:48:04.347 | INFO     | app.ml.labeling:apply_3class_regime_labeling:128 - 3-Class Regime Labeling complete. Distribution: {'BULLISH': 2303, 'RANGE': 2469, 'BEARISH': 1914}
2026-09-11 22:48:04.349 | INFO     | __main__:run_walk_forward:269 -   TRAIN labels (0-6): {0: 7341, 1: 8542, 2: 7178}
2026-09-11 22:48:04.349 | INFO     | __main__:run_walk_forward:270 -   TEST  labels (0-6): {0: 2303, 1: 2469, 2: 1914}
2026-09-11 22:48:04.349 | INFO     | __main__:run_walk_forward:272 -   Training XGBoost...
2026-09-11 22:48:06.239 | INFO     | __main__:evaluate:178 - [Fold_09__Train_2024-12-23_2025-03-23__Test_2025-03-23_2025-04-23]  Acc=0.3519  Prec=0.3680  Rec=0.3538  F1=0.3509  | BULL=0.403 RANGE=0.351 BEAR=0.299
2026-09-11 22:48:06.243 | INFO     | __main__:run_walk_forward:288 -   Model saved: models/walk_forward/Fold_09__Train_2024-12-23_2025-03-23__Test_2025-03-23_2025-04-23.joblib
2026-09-11 22:48:06.243 | INFO     | __main__:run_walk_forward:235 - 
========================================================================
2026-09-11 22:48:06.243 | INFO     | __main__:run_walk_forward:236 -   Fold_10__Train_2025-01-23_2025-04-23__Test_2025-04-23_2025-05-23
2026-09-11 22:48:06.243 | INFO     | __main__:run_walk_forward:237 - ========================================================================
2026-09-11 22:48:06.245 | INFO     | __main__:run_walk_forward:242 -   Train bars: 21,875  |  Test bars: 7,875
2026-09-11 22:48:06.245 | INFO     | __main__:run_walk_forward:248 -   Building TRAIN features & labels...
2026-09-11 22:48:06.248 | INFO     | app.features.feature_pipeline:generate_features:38 - Calculating Price Features...
2026-09-11 22:48:06.258 | INFO     | app.features.feature_pipeline:generate_features:46 - Calculating RSI Divergence Features...
2026-09-11 22:48:06.259 | INFO     | app.features.feature_pipeline:generate_features:50 - Calculating VWAP Band Features...
2026-09-11 22:48:06.262 | INFO     | app.features.feature_pipeline:generate_features:54 - Calculating Volume Spike Features...
2026-09-11 22:48:06.291 | INFO     | app.features.feature_pipeline:generate_features:58 - Calculating Bollinger Band Features...
2026-09-11 22:48:06.299 | INFO     | app.features.feature_pipeline:generate_features:62 - Calculating Market Structure Features...
2026-09-11 22:48:06.335 | INFO     | app.features.feature_pipeline:generate_features:67 - Calculating Time Features...
2026-09-11 22:48:06.340 | INFO     | app.features.feature_pipeline:generate_features:78 - Feature pipeline complete. 55 features | Dropped 4 rows due to rolling window warm-up.
2026-09-11 22:48:06.344 | INFO     | app.ml.labeling:apply_3class_regime_labeling:128 - 3-Class Regime Labeling complete. Distribution: {'BULLISH': 7324, 'RANGE': 8210, 'BEARISH': 6277}
2026-09-11 22:48:06.346 | INFO     | __main__:run_walk_forward:254 -   Building TEST features & labels...
2026-09-11 22:48:06.349 | INFO     | app.features.feature_pipeline:generate_features:38 - Calculating Price Features...
2026-09-11 22:48:06.354 | INFO     | app.features.feature_pipeline:generate_features:46 - Calculating RSI Divergence Features...
2026-09-11 22:48:06.355 | INFO     | app.features.feature_pipeline:generate_features:50 - Calculating VWAP Band Features...
2026-09-11 22:48:06.357 | INFO     | app.features.feature_pipeline:generate_features:54 - Calculating Volume Spike Features...
2026-09-11 22:48:06.369 | INFO     | app.features.feature_pipeline:generate_features:58 - Calculating Bollinger Band Features...
2026-09-11 22:48:06.373 | INFO     | app.features.feature_pipeline:generate_features:62 - Calculating Market Structure Features...
2026-09-11 22:48:06.389 | INFO     | app.features.feature_pipeline:generate_features:67 - Calculating Time Features...
2026-09-11 22:48:06.391 | INFO     | app.features.feature_pipeline:generate_features:78 - Feature pipeline complete. 55 features | Dropped 4 rows due to rolling window warm-up.
2026-09-11 22:48:06.393 | INFO     | app.ml.labeling:apply_3class_regime_labeling:128 - 3-Class Regime Labeling complete. Distribution: {'BULLISH': 2153, 'RANGE': 3160, 'BEARISH': 2498}
2026-09-11 22:48:06.396 | INFO     | __main__:run_walk_forward:269 -   TRAIN labels (0-6): {0: 7324, 1: 8210, 2: 6277}
2026-09-11 22:48:06.396 | INFO     | __main__:run_walk_forward:270 -   TEST  labels (0-6): {0: 2153, 1: 3160, 2: 2498}
2026-09-11 22:48:06.396 | INFO     | __main__:run_walk_forward:272 -   Training XGBoost...
2026-09-11 22:48:08.286 | INFO     | __main__:evaluate:178 - [Fold_10__Train_2025-01-23_2025-04-23__Test_2025-04-23_2025-05-23]  Acc=0.4451  Prec=0.4220  Rec=0.4160  F1=0.4087  | BULL=0.295 RANGE=0.576 BEAR=0.356
2026-09-11 22:48:08.290 | INFO     | __main__:run_walk_forward:288 -   Model saved: models/walk_forward/Fold_10__Train_2025-01-23_2025-04-23__Test_2025-04-23_2025-05-23.joblib
2026-09-11 22:48:08.290 | INFO     | __main__:run_walk_forward:235 - 
========================================================================
2026-09-11 22:48:08.290 | INFO     | __main__:run_walk_forward:236 -   Fold_11__Train_2025-02-23_2025-05-23__Test_2025-05-23_2025-06-23
2026-09-11 22:48:08.290 | INFO     | __main__:run_walk_forward:237 - ========================================================================
2026-09-11 22:48:08.292 | INFO     | __main__:run_walk_forward:242 -   Train bars: 21,375  |  Test bars: 7,625
2026-09-11 22:48:08.292 | INFO     | __main__:run_walk_forward:248 -   Building TRAIN features & labels...
2026-09-11 22:48:08.296 | INFO     | app.features.feature_pipeline:generate_features:38 - Calculating Price Features...
2026-09-11 22:48:08.305 | INFO     | app.features.feature_pipeline:generate_features:46 - Calculating RSI Divergence Features...
2026-09-11 22:48:08.306 | INFO     | app.features.feature_pipeline:generate_features:50 - Calculating VWAP Band Features...
2026-09-11 22:48:08.309 | INFO     | app.features.feature_pipeline:generate_features:54 - Calculating Volume Spike Features...
2026-09-11 22:48:08.337 | INFO     | app.features.feature_pipeline:generate_features:58 - Calculating Bollinger Band Features...
2026-09-11 22:48:08.345 | INFO     | app.features.feature_pipeline:generate_features:62 - Calculating Market Structure Features...
2026-09-11 22:48:08.379 | INFO     | app.features.feature_pipeline:generate_features:67 - Calculating Time Features...
2026-09-11 22:48:08.384 | INFO     | app.features.feature_pipeline:generate_features:78 - Feature pipeline complete. 55 features | Dropped 4 rows due to rolling window warm-up.
2026-09-11 22:48:08.388 | INFO     | app.ml.labeling:apply_3class_regime_labeling:128 - 3-Class Regime Labeling complete. Distribution: {'BULLISH': 6833, 'RANGE': 8536, 'BEARISH': 5942}
2026-09-11 22:48:08.390 | INFO     | __main__:run_walk_forward:254 -   Building TEST features & labels...
2026-09-11 22:48:08.392 | INFO     | app.features.feature_pipeline:generate_features:38 - Calculating Price Features...
2026-09-11 22:48:08.398 | INFO     | app.features.feature_pipeline:generate_features:46 - Calculating RSI Divergence Features...
2026-09-11 22:48:08.399 | INFO     | app.features.feature_pipeline:generate_features:50 - Calculating VWAP Band Features...
2026-09-11 22:48:08.401 | INFO     | app.features.feature_pipeline:generate_features:54 - Calculating Volume Spike Features...
2026-09-11 22:48:08.413 | INFO     | app.features.feature_pipeline:generate_features:58 - Calculating Bollinger Band Features...
2026-09-11 22:48:08.417 | INFO     | app.features.feature_pipeline:generate_features:62 - Calculating Market Structure Features...
2026-09-11 22:48:08.433 | INFO     | app.features.feature_pipeline:generate_features:67 - Calculating Time Features...
2026-09-11 22:48:08.436 | INFO     | app.features.feature_pipeline:generate_features:78 - Feature pipeline complete. 55 features | Dropped 4 rows due to rolling window warm-up.
2026-09-11 22:48:08.438 | INFO     | app.ml.labeling:apply_3class_regime_labeling:128 - 3-Class Regime Labeling complete. Distribution: {'BULLISH': 2130, 'RANGE': 3695, 'BEARISH': 1736}
2026-09-11 22:48:08.440 | INFO     | __main__:run_walk_forward:269 -   TRAIN labels (0-6): {0: 6833, 1: 8536, 2: 5942}
2026-09-11 22:48:08.440 | INFO     | __main__:run_walk_forward:270 -   TEST  labels (0-6): {0: 2130, 1: 3695, 2: 1736}
2026-09-11 22:48:08.440 | INFO     | __main__:run_walk_forward:272 -   Training XGBoost...
2026-09-11 22:48:10.350 | INFO     | __main__:evaluate:178 - [Fold_11__Train_2025-02-23_2025-05-23__Test_2025-05-23_2025-06-23]  Acc=0.3071  Prec=0.3807  Rec=0.3580  F1=0.2793  | BULL=0.175 RANGE=0.298 BEAR=0.364
2026-09-11 22:48:10.354 | INFO     | __main__:run_walk_forward:288 -   Model saved: models/walk_forward/Fold_11__Train_2025-02-23_2025-05-23__Test_2025-05-23_2025-06-23.joblib
2026-09-11 22:48:10.354 | INFO     | __main__:run_walk_forward:235 - 
========================================================================
2026-09-11 22:48:10.354 | INFO     | __main__:run_walk_forward:236 -   Fold_12__Train_2025-03-23_2025-06-23__Test_2025-06-23_2025-07-23
2026-09-11 22:48:10.354 | INFO     | __main__:run_walk_forward:237 - ========================================================================
2026-09-11 22:48:10.356 | INFO     | __main__:run_walk_forward:242 -   Train bars: 22,250  |  Test bars: 8,250
2026-09-11 22:48:10.356 | INFO     | __main__:run_walk_forward:248 -   Building TRAIN features & labels...
2026-09-11 22:48:10.360 | INFO     | app.features.feature_pipeline:generate_features:38 - Calculating Price Features...
2026-09-11 22:48:10.370 | INFO     | app.features.feature_pipeline:generate_features:46 - Calculating RSI Divergence Features...
2026-09-11 22:48:10.371 | INFO     | app.features.feature_pipeline:generate_features:50 - Calculating VWAP Band Features...
2026-09-11 22:48:10.374 | INFO     | app.features.feature_pipeline:generate_features:54 - Calculating Volume Spike Features...
2026-09-11 22:48:10.403 | INFO     | app.features.feature_pipeline:generate_features:58 - Calculating Bollinger Band Features...
2026-09-11 22:48:10.412 | INFO     | app.features.feature_pipeline:generate_features:62 - Calculating Market Structure Features...
2026-09-11 22:48:10.447 | INFO     | app.features.feature_pipeline:generate_features:67 - Calculating Time Features...
2026-09-11 22:48:10.452 | INFO     | app.features.feature_pipeline:generate_features:78 - Feature pipeline complete. 55 features | Dropped 4 rows due to rolling window warm-up.
2026-09-11 22:48:10.456 | INFO     | app.ml.labeling:apply_3class_regime_labeling:128 - 3-Class Regime Labeling complete. Distribution: {'BULLISH': 6710, 'RANGE': 9324, 'BEARISH': 6152}
2026-09-11 22:48:10.458 | INFO     | __main__:run_walk_forward:254 -   Building TEST features & labels...
2026-09-11 22:48:10.460 | INFO     | app.features.feature_pipeline:generate_features:38 - Calculating Price Features...
2026-09-11 22:48:10.466 | INFO     | app.features.feature_pipeline:generate_features:46 - Calculating RSI Divergence Features...
2026-09-11 22:48:10.467 | INFO     | app.features.feature_pipeline:generate_features:50 - Calculating VWAP Band Features...
2026-09-11 22:48:10.469 | INFO     | app.features.feature_pipeline:generate_features:54 - Calculating Volume Spike Features...
2026-09-11 22:48:10.482 | INFO     | app.features.feature_pipeline:generate_features:58 - Calculating Bollinger Band Features...
2026-09-11 22:48:10.486 | INFO     | app.features.feature_pipeline:generate_features:62 - Calculating Market Structure Features...
2026-09-11 22:48:10.502 | INFO     | app.features.feature_pipeline:generate_features:67 - Calculating Time Features...
2026-09-11 22:48:10.504 | INFO     | app.features.feature_pipeline:generate_features:78 - Feature pipeline complete. 55 features | Dropped 4 rows due to rolling window warm-up.
2026-09-11 22:48:10.506 | INFO     | app.ml.labeling:apply_3class_regime_labeling:128 - 3-Class Regime Labeling complete. Distribution: {'BULLISH': 1920, 'RANGE': 4305, 'BEARISH': 1961}
2026-09-11 22:48:10.508 | INFO     | __main__:run_walk_forward:269 -   TRAIN labels (0-6): {0: 6710, 1: 9324, 2: 6152}
2026-09-11 22:48:10.509 | INFO     | __main__:run_walk_forward:270 -   TEST  labels (0-6): {0: 1920, 1: 4305, 2: 1961}
2026-09-11 22:48:10.509 | INFO     | __main__:run_walk_forward:272 -   Training XGBoost...
2026-09-11 22:48:12.357 | INFO     | __main__:evaluate:178 - [Fold_12__Train_2025-03-23_2025-06-23__Test_2025-06-23_2025-07-23]  Acc=0.3745  Prec=0.4457  Rec=0.3742  F1=0.3048  | BULL=0.078 RANGE=0.452 BEAR=0.384
2026-09-11 22:48:12.360 | INFO     | __main__:run_walk_forward:288 -   Model saved: models/walk_forward/Fold_12__Train_2025-03-23_2025-06-23__Test_2025-06-23_2025-07-23.joblib
2026-09-11 22:48:12.360 | INFO     | __main__:run_walk_forward:235 - 
========================================================================
2026-09-11 22:48:12.360 | INFO     | __main__:run_walk_forward:236 -   Fold_13__Train_2025-04-23_2025-07-23__Test_2025-07-23_2025-08-23
2026-09-11 22:48:12.360 | INFO     | __main__:run_walk_forward:237 - ========================================================================
2026-09-11 22:48:12.362 | INFO     | __main__:run_walk_forward:242 -   Train bars: 23,750  |  Test bars: 8,250
2026-09-11 22:48:12.362 | INFO     | __main__:run_walk_forward:248 -   Building TRAIN features & labels...
2026-09-11 22:48:12.366 | INFO     | app.features.feature_pipeline:generate_features:38 - Calculating Price Features...
2026-09-11 22:48:12.376 | INFO     | app.features.feature_pipeline:generate_features:46 - Calculating RSI Divergence Features...
2026-09-11 22:48:12.378 | INFO     | app.features.feature_pipeline:generate_features:50 - Calculating VWAP Band Features...
2026-09-11 22:48:12.381 | INFO     | app.features.feature_pipeline:generate_features:54 - Calculating Volume Spike Features...
2026-09-11 22:48:12.412 | INFO     | app.features.feature_pipeline:generate_features:58 - Calculating Bollinger Band Features...
2026-09-11 22:48:12.421 | INFO     | app.features.feature_pipeline:generate_features:62 - Calculating Market Structure Features...
2026-09-11 22:48:12.457 | INFO     | app.features.feature_pipeline:generate_features:67 - Calculating Time Features...
2026-09-11 22:48:12.464 | INFO     | app.features.feature_pipeline:generate_features:78 - Feature pipeline complete. 55 features | Dropped 4 rows due to rolling window warm-up.
2026-09-11 22:48:12.469 | INFO     | app.ml.labeling:apply_3class_regime_labeling:128 - 3-Class Regime Labeling complete. Distribution: {'BULLISH': 6267, 'RANGE': 11160, 'BEARISH': 6259}
2026-09-11 22:48:12.470 | INFO     | __main__:run_walk_forward:254 -   Building TEST features & labels...
2026-09-11 22:48:12.473 | INFO     | app.features.feature_pipeline:generate_features:38 - Calculating Price Features...
2026-09-11 22:48:12.480 | INFO     | app.features.feature_pipeline:generate_features:46 - Calculating RSI Divergence Features...
2026-09-11 22:48:12.481 | INFO     | app.features.feature_pipeline:generate_features:50 - Calculating VWAP Band Features...
2026-09-11 22:48:12.483 | INFO     | app.features.feature_pipeline:generate_features:54 - Calculating Volume Spike Features...
2026-09-11 22:48:12.497 | INFO     | app.features.feature_pipeline:generate_features:58 - Calculating Bollinger Band Features...
2026-09-11 22:48:12.501 | INFO     | app.features.feature_pipeline:generate_features:62 - Calculating Market Structure Features...
2026-09-11 22:48:12.517 | INFO     | app.features.feature_pipeline:generate_features:67 - Calculating Time Features...
2026-09-11 22:48:12.520 | INFO     | app.features.feature_pipeline:generate_features:78 - Feature pipeline complete. 55 features | Dropped 4 rows due to rolling window warm-up.
2026-09-11 22:48:12.522 | INFO     | app.ml.labeling:apply_3class_regime_labeling:128 - 3-Class Regime Labeling complete. Distribution: {'BULLISH': 2148, 'RANGE': 3704, 'BEARISH': 2334}
2026-09-11 22:48:12.525 | INFO     | __main__:run_walk_forward:269 -   TRAIN labels (0-6): {0: 6267, 1: 11160, 2: 6259}
2026-09-11 22:48:12.525 | INFO     | __main__:run_walk_forward:270 -   TEST  labels (0-6): {0: 2148, 1: 3704, 2: 2334}
2026-09-11 22:48:12.525 | INFO     | __main__:run_walk_forward:272 -   Training XGBoost...
2026-09-11 22:48:14.400 | INFO     | __main__:evaluate:178 - [Fold_13__Train_2025-04-23_2025-07-23__Test_2025-07-23_2025-08-23]  Acc=0.4426  Prec=0.3998  Rec=0.3855  F1=0.3759  | BULL=0.265 RANGE=0.584 BEAR=0.279
2026-09-11 22:48:14.404 | INFO     | __main__:run_walk_forward:288 -   Model saved: models/walk_forward/Fold_13__Train_2025-04-23_2025-07-23__Test_2025-07-23_2025-08-23.joblib
2026-09-11 22:48:14.404 | INFO     | __main__:run_walk_forward:235 - 
========================================================================
2026-09-11 22:48:14.404 | INFO     | __main__:run_walk_forward:236 -   Fold_14__Train_2025-05-23_2025-08-23__Test_2025-08-23_2025-09-23
2026-09-11 22:48:14.404 | INFO     | __main__:run_walk_forward:237 - ========================================================================
2026-09-11 22:48:14.406 | INFO     | __main__:run_walk_forward:242 -   Train bars: 24,125  |  Test bars: 7,500
2026-09-11 22:48:14.406 | INFO     | __main__:run_walk_forward:248 -   Building TRAIN features & labels...
2026-09-11 22:48:14.410 | INFO     | app.features.feature_pipeline:generate_features:38 - Calculating Price Features...
2026-09-11 22:48:14.420 | INFO     | app.features.feature_pipeline:generate_features:46 - Calculating RSI Divergence Features...
2026-09-11 22:48:14.422 | INFO     | app.features.feature_pipeline:generate_features:50 - Calculating VWAP Band Features...
2026-09-11 22:48:14.424 | INFO     | app.features.feature_pipeline:generate_features:54 - Calculating Volume Spike Features...
2026-09-11 22:48:14.456 | INFO     | app.features.feature_pipeline:generate_features:58 - Calculating Bollinger Band Features...
2026-09-11 22:48:14.465 | INFO     | app.features.feature_pipeline:generate_features:62 - Calculating Market Structure Features...
2026-09-11 22:48:14.502 | INFO     | app.features.feature_pipeline:generate_features:67 - Calculating Time Features...
2026-09-11 22:48:14.507 | INFO     | app.features.feature_pipeline:generate_features:78 - Feature pipeline complete. 55 features | Dropped 4 rows due to rolling window warm-up.
2026-09-11 22:48:14.512 | INFO     | app.ml.labeling:apply_3class_regime_labeling:128 - 3-Class Regime Labeling complete. Distribution: {'BULLISH': 6258, 'RANGE': 11706, 'BEARISH': 6097}
2026-09-11 22:48:14.513 | INFO     | __main__:run_walk_forward:254 -   Building TEST features & labels...
2026-09-11 22:48:14.516 | INFO     | app.features.feature_pipeline:generate_features:38 - Calculating Price Features...
2026-09-11 22:48:14.522 | INFO     | app.features.feature_pipeline:generate_features:46 - Calculating RSI Divergence Features...
2026-09-11 22:48:14.523 | INFO     | app.features.feature_pipeline:generate_features:50 - Calculating VWAP Band Features...
2026-09-11 22:48:14.525 | INFO     | app.features.feature_pipeline:generate_features:54 - Calculating Volume Spike Features...
2026-09-11 22:48:14.536 | INFO     | app.features.feature_pipeline:generate_features:58 - Calculating Bollinger Band Features...
2026-09-11 22:48:14.540 | INFO     | app.features.feature_pipeline:generate_features:62 - Calculating Market Structure Features...
2026-09-11 22:48:14.555 | INFO     | app.features.feature_pipeline:generate_features:67 - Calculating Time Features...
2026-09-11 22:48:14.558 | INFO     | app.features.feature_pipeline:generate_features:78 - Feature pipeline complete. 55 features | Dropped 4 rows due to rolling window warm-up.
2026-09-11 22:48:14.560 | INFO     | app.ml.labeling:apply_3class_regime_labeling:128 - 3-Class Regime Labeling complete. Distribution: {'BULLISH': 1877, 'RANGE': 3977, 'BEARISH': 1582}
2026-09-11 22:48:14.562 | INFO     | __main__:run_walk_forward:269 -   TRAIN labels (0-6): {0: 6258, 1: 11706, 2: 6097}
2026-09-11 22:48:14.562 | INFO     | __main__:run_walk_forward:270 -   TEST  labels (0-6): {0: 1877, 1: 3977, 2: 1582}
2026-09-11 22:48:14.563 | INFO     | __main__:run_walk_forward:272 -   Training XGBoost...
2026-09-11 22:48:16.487 | INFO     | __main__:evaluate:178 - [Fold_14__Train_2025-05-23_2025-08-23__Test_2025-08-23_2025-09-23]  Acc=0.5047  Prec=0.4098  Rec=0.4133  F1=0.4096  | BULL=0.395 RANGE=0.662 BEAR=0.172
2026-09-11 22:48:16.492 | INFO     | __main__:run_walk_forward:288 -   Model saved: models/walk_forward/Fold_14__Train_2025-05-23_2025-08-23__Test_2025-08-23_2025-09-23.joblib
2026-09-11 22:48:16.492 | INFO     | __main__:run_walk_forward:235 - 
========================================================================
2026-09-11 22:48:16.492 | INFO     | __main__:run_walk_forward:236 -   Fold_15__Train_2025-06-23_2025-09-23__Test_2025-09-23_2025-10-23
2026-09-11 22:48:16.492 | INFO     | __main__:run_walk_forward:237 - ========================================================================
2026-09-11 22:48:16.494 | INFO     | __main__:run_walk_forward:242 -   Train bars: 24,000  |  Test bars: 7,197
2026-09-11 22:48:16.495 | INFO     | __main__:run_walk_forward:248 -   Building TRAIN features & labels...
2026-09-11 22:48:16.498 | INFO     | app.features.feature_pipeline:generate_features:38 - Calculating Price Features...
2026-09-11 22:48:16.509 | INFO     | app.features.feature_pipeline:generate_features:46 - Calculating RSI Divergence Features...
2026-09-11 22:48:16.511 | INFO     | app.features.feature_pipeline:generate_features:50 - Calculating VWAP Band Features...
2026-09-11 22:48:16.514 | INFO     | app.features.feature_pipeline:generate_features:54 - Calculating Volume Spike Features...
2026-09-11 22:48:16.550 | INFO     | app.features.feature_pipeline:generate_features:58 - Calculating Bollinger Band Features...
2026-09-11 22:48:16.560 | INFO     | app.features.feature_pipeline:generate_features:62 - Calculating Market Structure Features...
2026-09-11 22:48:16.599 | INFO     | app.features.feature_pipeline:generate_features:67 - Calculating Time Features...
2026-09-11 22:48:16.605 | INFO     | app.features.feature_pipeline:generate_features:78 - Feature pipeline complete. 55 features | Dropped 4 rows due to rolling window warm-up.
2026-09-11 22:48:16.610 | INFO     | app.ml.labeling:apply_3class_regime_labeling:128 - 3-Class Regime Labeling complete. Distribution: {'BULLISH': 6065, 'RANGE': 11989, 'BEARISH': 5882}
2026-09-11 22:48:16.611 | INFO     | __main__:run_walk_forward:254 -   Building TEST features & labels...
2026-09-11 22:48:16.614 | INFO     | app.features.feature_pipeline:generate_features:38 - Calculating Price Features...
2026-09-11 22:48:16.620 | INFO     | app.features.feature_pipeline:generate_features:46 - Calculating RSI Divergence Features...
2026-09-11 22:48:16.621 | INFO     | app.features.feature_pipeline:generate_features:50 - Calculating VWAP Band Features...
2026-09-11 22:48:16.624 | INFO     | app.features.feature_pipeline:generate_features:54 - Calculating Volume Spike Features...
2026-09-11 22:48:16.636 | INFO     | app.features.feature_pipeline:generate_features:58 - Calculating Bollinger Band Features...
2026-09-11 22:48:16.640 | INFO     | app.features.feature_pipeline:generate_features:62 - Calculating Market Structure Features...
2026-09-11 22:48:16.657 | INFO     | app.features.feature_pipeline:generate_features:67 - Calculating Time Features...
2026-09-11 22:48:16.660 | INFO     | app.features.feature_pipeline:generate_features:78 - Feature pipeline complete. 55 features | Dropped 4 rows due to rolling window warm-up.
2026-09-11 22:48:16.661 | INFO     | app.ml.labeling:apply_3class_regime_labeling:128 - 3-Class Regime Labeling complete. Distribution: {'BULLISH': 2495, 'RANGE': 2886, 'BEARISH': 1752}
2026-09-11 22:48:16.664 | INFO     | __main__:run_walk_forward:269 -   TRAIN labels (0-6): {0: 6065, 1: 11989, 2: 5882}
2026-09-11 22:48:16.664 | INFO     | __main__:run_walk_forward:270 -   TEST  labels (0-6): {0: 2495, 1: 2886, 2: 1752}
2026-09-11 22:48:16.664 | INFO     | __main__:run_walk_forward:272 -   Training XGBoost...
2026-09-11 22:48:18.623 | INFO     | __main__:evaluate:178 - [Fold_15__Train_2025-06-23_2025-09-23__Test_2025-09-23_2025-10-23]  Acc=0.3827  Prec=0.3676  Rec=0.3631  F1=0.3493  | BULL=0.266 RANGE=0.502 BEAR=0.281
2026-09-11 22:48:18.631 | INFO     | __main__:run_walk_forward:288 -   Model saved: models/walk_forward/Fold_15__Train_2025-06-23_2025-09-23__Test_2025-09-23_2025-10-23.joblib
2026-09-11 22:48:18.631 | INFO     | __main__:run_walk_forward:235 - 
========================================================================
2026-09-11 22:48:18.631 | INFO     | __main__:run_walk_forward:236 -   Fold_16__Train_2025-07-23_2025-10-23__Test_2025-10-23_2025-11-23
2026-09-11 22:48:18.631 | INFO     | __main__:run_walk_forward:237 - ========================================================================
2026-09-11 22:48:18.634 | INFO     | __main__:run_walk_forward:242 -   Train bars: 22,947  |  Test bars: 7,875
2026-09-11 22:48:18.634 | INFO     | __main__:run_walk_forward:248 -   Building TRAIN features & labels...
2026-09-11 22:48:18.641 | INFO     | app.features.feature_pipeline:generate_features:38 - Calculating Price Features...
2026-09-11 22:48:18.658 | INFO     | app.features.feature_pipeline:generate_features:46 - Calculating RSI Divergence Features...
2026-09-11 22:48:18.660 | INFO     | app.features.feature_pipeline:generate_features:50 - Calculating VWAP Band Features...
2026-09-11 22:48:18.666 | INFO     | app.features.feature_pipeline:generate_features:54 - Calculating Volume Spike Features...
2026-09-11 22:48:18.700 | INFO     | app.features.feature_pipeline:generate_features:58 - Calculating Bollinger Band Features...
2026-09-11 22:48:18.710 | INFO     | app.features.feature_pipeline:generate_features:62 - Calculating Market Structure Features...
2026-09-11 22:48:18.755 | INFO     | app.features.feature_pipeline:generate_features:67 - Calculating Time Features...
2026-09-11 22:48:18.762 | INFO     | app.features.feature_pipeline:generate_features:78 - Feature pipeline complete. 55 features | Dropped 4 rows due to rolling window warm-up.
2026-09-11 22:48:18.767 | INFO     | app.ml.labeling:apply_3class_regime_labeling:128 - 3-Class Regime Labeling complete. Distribution: {'BULLISH': 6581, 'RANGE': 10591, 'BEARISH': 5711}
2026-09-11 22:48:18.769 | INFO     | __main__:run_walk_forward:254 -   Building TEST features & labels...
2026-09-11 22:48:18.772 | INFO     | app.features.feature_pipeline:generate_features:38 - Calculating Price Features...
2026-09-11 22:48:18.779 | INFO     | app.features.feature_pipeline:generate_features:46 - Calculating RSI Divergence Features...
2026-09-11 22:48:18.780 | INFO     | app.features.feature_pipeline:generate_features:50 - Calculating VWAP Band Features...
2026-09-11 22:48:18.782 | INFO     | app.features.feature_pipeline:generate_features:54 - Calculating Volume Spike Features...
2026-09-11 22:48:18.796 | INFO     | app.features.feature_pipeline:generate_features:58 - Calculating Bollinger Band Features...
2026-09-11 22:48:18.800 | INFO     | app.features.feature_pipeline:generate_features:62 - Calculating Market Structure Features...
2026-09-11 22:48:18.817 | INFO     | app.features.feature_pipeline:generate_features:67 - Calculating Time Features...
2026-09-11 22:48:18.820 | INFO     | app.features.feature_pipeline:generate_features:78 - Feature pipeline complete. 55 features | Dropped 4 rows due to rolling window warm-up.
2026-09-11 22:48:18.822 | INFO     | app.ml.labeling:apply_3class_regime_labeling:128 - 3-Class Regime Labeling complete. Distribution: {'BULLISH': 2312, 'RANGE': 3300, 'BEARISH': 2199}
2026-09-11 22:48:18.829 | INFO     | __main__:run_walk_forward:269 -   TRAIN labels (0-6): {0: 6581, 1: 10591, 2: 5711}
2026-09-11 22:48:18.829 | INFO     | __main__:run_walk_forward:270 -   TEST  labels (0-6): {0: 2312, 1: 3300, 2: 2199}
2026-09-11 22:48:18.829 | INFO     | __main__:run_walk_forward:272 -   Training XGBoost...
2026-09-11 22:48:20.830 | INFO     | __main__:evaluate:178 - [Fold_16__Train_2025-07-23_2025-10-23__Test_2025-10-23_2025-11-23]  Acc=0.3782  Prec=0.3865  Rec=0.3904  F1=0.3752  | BULL=0.322 RANGE=0.381 BEAR=0.423
2026-09-11 22:48:20.834 | INFO     | __main__:run_walk_forward:288 -   Model saved: models/walk_forward/Fold_16__Train_2025-07-23_2025-10-23__Test_2025-10-23_2025-11-23.joblib
2026-09-11 22:48:20.834 | INFO     | __main__:run_walk_forward:235 - 
========================================================================
2026-09-11 22:48:20.834 | INFO     | __main__:run_walk_forward:236 -   Fold_17__Train_2025-08-23_2025-11-23__Test_2025-11-23_2025-12-23
2026-09-11 22:48:20.834 | INFO     | __main__:run_walk_forward:237 - ========================================================================
2026-09-11 22:48:20.836 | INFO     | __main__:run_walk_forward:242 -   Train bars: 22,572  |  Test bars: 7,625
2026-09-11 22:48:20.836 | INFO     | __main__:run_walk_forward:248 -   Building TRAIN features & labels...
2026-09-11 22:48:20.840 | INFO     | app.features.feature_pipeline:generate_features:38 - Calculating Price Features...
2026-09-11 22:48:20.850 | INFO     | app.features.feature_pipeline:generate_features:46 - Calculating RSI Divergence Features...
2026-09-11 22:48:20.851 | INFO     | app.features.feature_pipeline:generate_features:50 - Calculating VWAP Band Features...
2026-09-11 22:48:20.854 | INFO     | app.features.feature_pipeline:generate_features:54 - Calculating Volume Spike Features...
2026-09-11 22:48:20.884 | INFO     | app.features.feature_pipeline:generate_features:58 - Calculating Bollinger Band Features...
2026-09-11 22:48:20.893 | INFO     | app.features.feature_pipeline:generate_features:62 - Calculating Market Structure Features...
2026-09-11 22:48:20.928 | INFO     | app.features.feature_pipeline:generate_features:67 - Calculating Time Features...
2026-09-11 22:48:20.933 | INFO     | app.features.feature_pipeline:generate_features:78 - Feature pipeline complete. 55 features | Dropped 4 rows due to rolling window warm-up.
2026-09-11 22:48:20.937 | INFO     | app.ml.labeling:apply_3class_regime_labeling:128 - 3-Class Regime Labeling complete. Distribution: {'BULLISH': 6749, 'RANGE': 10186, 'BEARISH': 5573}
2026-09-11 22:48:20.939 | INFO     | __main__:run_walk_forward:254 -   Building TEST features & labels...
2026-09-11 22:48:20.941 | INFO     | app.features.feature_pipeline:generate_features:38 - Calculating Price Features...
2026-09-11 22:48:20.947 | INFO     | app.features.feature_pipeline:generate_features:46 - Calculating RSI Divergence Features...
2026-09-11 22:48:20.948 | INFO     | app.features.feature_pipeline:generate_features:50 - Calculating VWAP Band Features...
2026-09-11 22:48:20.950 | INFO     | app.features.feature_pipeline:generate_features:54 - Calculating Volume Spike Features...
2026-09-11 22:48:20.962 | INFO     | app.features.feature_pipeline:generate_features:58 - Calculating Bollinger Band Features...
2026-09-11 22:48:20.966 | INFO     | app.features.feature_pipeline:generate_features:62 - Calculating Market Structure Features...
2026-09-11 22:48:20.982 | INFO     | app.features.feature_pipeline:generate_features:67 - Calculating Time Features...
2026-09-11 22:48:20.984 | INFO     | app.features.feature_pipeline:generate_features:78 - Feature pipeline complete. 55 features | Dropped 4 rows due to rolling window warm-up.
2026-09-11 22:48:20.986 | INFO     | app.ml.labeling:apply_3class_regime_labeling:128 - 3-Class Regime Labeling complete. Distribution: {'BULLISH': 1930, 'RANGE': 3703, 'BEARISH': 1928}
2026-09-11 22:48:20.989 | INFO     | __main__:run_walk_forward:269 -   TRAIN labels (0-6): {0: 6749, 1: 10186, 2: 5573}
2026-09-11 22:48:20.989 | INFO     | __main__:run_walk_forward:270 -   TEST  labels (0-6): {0: 1930, 1: 3703, 2: 1928}
2026-09-11 22:48:20.989 | INFO     | __main__:run_walk_forward:272 -   Training XGBoost...
2026-09-11 22:48:22.980 | INFO     | __main__:evaluate:178 - [Fold_17__Train_2025-08-23_2025-11-23__Test_2025-11-23_2025-12-23]  Acc=0.3829  Prec=0.3558  Rec=0.3510  F1=0.3503  | BULL=0.234 RANGE=0.529 BEAR=0.288
2026-09-11 22:48:22.984 | INFO     | __main__:run_walk_forward:288 -   Model saved: models/walk_forward/Fold_17__Train_2025-08-23_2025-11-23__Test_2025-11-23_2025-12-23.joblib
2026-09-11 22:48:22.984 | INFO     | __main__:run_walk_forward:235 - 
========================================================================
2026-09-11 22:48:22.984 | INFO     | __main__:run_walk_forward:236 -   Fold_18__Train_2025-09-23_2025-12-23__Test_2025-12-23_2026-01-23
2026-09-11 22:48:22.985 | INFO     | __main__:run_walk_forward:237 - ========================================================================
2026-09-11 22:48:22.988 | INFO     | __main__:run_walk_forward:242 -   Train bars: 22,697  |  Test bars: 7,875
2026-09-11 22:48:22.988 | INFO     | __main__:run_walk_forward:248 -   Building TRAIN features & labels...
2026-09-11 22:48:22.991 | INFO     | app.features.feature_pipeline:generate_features:38 - Calculating Price Features...
2026-09-11 22:48:23.001 | INFO     | app.features.feature_pipeline:generate_features:46 - Calculating RSI Divergence Features...
2026-09-11 22:48:23.003 | INFO     | app.features.feature_pipeline:generate_features:50 - Calculating VWAP Band Features...
2026-09-11 22:48:23.006 | INFO     | app.features.feature_pipeline:generate_features:54 - Calculating Volume Spike Features...
2026-09-11 22:48:23.035 | INFO     | app.features.feature_pipeline:generate_features:58 - Calculating Bollinger Band Features...
2026-09-11 22:48:23.047 | INFO     | app.features.feature_pipeline:generate_features:62 - Calculating Market Structure Features...
2026-09-11 22:48:23.083 | INFO     | app.features.feature_pipeline:generate_features:67 - Calculating Time Features...
2026-09-11 22:48:23.088 | INFO     | app.features.feature_pipeline:generate_features:78 - Feature pipeline complete. 55 features | Dropped 4 rows due to rolling window warm-up.
2026-09-11 22:48:23.093 | INFO     | app.ml.labeling:apply_3class_regime_labeling:128 - 3-Class Regime Labeling complete. Distribution: {'BULLISH': 6818, 'RANGE': 9923, 'BEARISH': 5892}
2026-09-11 22:48:23.094 | INFO     | __main__:run_walk_forward:254 -   Building TEST features & labels...
2026-09-11 22:48:23.097 | INFO     | app.features.feature_pipeline:generate_features:38 - Calculating Price Features...
2026-09-11 22:48:23.103 | INFO     | app.features.feature_pipeline:generate_features:46 - Calculating RSI Divergence Features...
2026-09-11 22:48:23.104 | INFO     | app.features.feature_pipeline:generate_features:50 - Calculating VWAP Band Features...
2026-09-11 22:48:23.106 | INFO     | app.features.feature_pipeline:generate_features:54 - Calculating Volume Spike Features...
2026-09-11 22:48:23.118 | INFO     | app.features.feature_pipeline:generate_features:58 - Calculating Bollinger Band Features...
2026-09-11 22:48:23.122 | INFO     | app.features.feature_pipeline:generate_features:62 - Calculating Market Structure Features...
2026-09-11 22:48:23.138 | INFO     | app.features.feature_pipeline:generate_features:67 - Calculating Time Features...
2026-09-11 22:48:23.140 | INFO     | app.features.feature_pipeline:generate_features:78 - Feature pipeline complete. 55 features | Dropped 4 rows due to rolling window warm-up.
2026-09-11 22:48:23.142 | INFO     | app.ml.labeling:apply_3class_regime_labeling:128 - 3-Class Regime Labeling complete. Distribution: {'BULLISH': 1696, 'RANGE': 3486, 'BEARISH': 2629}
2026-09-11 22:48:23.145 | INFO     | __main__:run_walk_forward:269 -   TRAIN labels (0-6): {0: 6818, 1: 9923, 2: 5892}
2026-09-11 22:48:23.145 | INFO     | __main__:run_walk_forward:270 -   TEST  labels (0-6): {0: 1696, 1: 3486, 2: 2629}
2026-09-11 22:48:23.145 | INFO     | __main__:run_walk_forward:272 -   Training XGBoost...
2026-09-11 22:48:25.055 | INFO     | __main__:evaluate:178 - [Fold_18__Train_2025-09-23_2025-12-23__Test_2025-12-23_2026-01-23]  Acc=0.3674  Prec=0.3412  Rec=0.3520  F1=0.3425  | BULL=0.302 RANGE=0.489 BEAR=0.236
2026-09-11 22:48:25.059 | INFO     | __main__:run_walk_forward:288 -   Model saved: models/walk_forward/Fold_18__Train_2025-09-23_2025-12-23__Test_2025-12-23_2026-01-23.joblib
2026-09-11 22:48:25.059 | INFO     | __main__:run_walk_forward:235 - 
========================================================================
2026-09-11 22:48:25.059 | INFO     | __main__:run_walk_forward:236 -   Fold_19__Train_2025-10-23_2026-01-23__Test_2026-01-23_2026-02-23
2026-09-11 22:48:25.059 | INFO     | __main__:run_walk_forward:237 - ========================================================================
2026-09-11 22:48:25.061 | INFO     | __main__:run_walk_forward:242 -   Train bars: 23,375  |  Test bars: 7,875
2026-09-11 22:48:25.061 | INFO     | __main__:run_walk_forward:248 -   Building TRAIN features & labels...
2026-09-11 22:48:25.064 | INFO     | app.features.feature_pipeline:generate_features:38 - Calculating Price Features...
2026-09-11 22:48:25.074 | INFO     | app.features.feature_pipeline:generate_features:46 - Calculating RSI Divergence Features...
2026-09-11 22:48:25.076 | INFO     | app.features.feature_pipeline:generate_features:50 - Calculating VWAP Band Features...
2026-09-11 22:48:25.079 | INFO     | app.features.feature_pipeline:generate_features:54 - Calculating Volume Spike Features...
2026-09-11 22:48:25.109 | INFO     | app.features.feature_pipeline:generate_features:58 - Calculating Bollinger Band Features...
2026-09-11 22:48:25.118 | INFO     | app.features.feature_pipeline:generate_features:62 - Calculating Market Structure Features...
2026-09-11 22:48:25.154 | INFO     | app.features.feature_pipeline:generate_features:67 - Calculating Time Features...
2026-09-11 22:48:25.159 | INFO     | app.features.feature_pipeline:generate_features:78 - Feature pipeline complete. 55 features | Dropped 4 rows due to rolling window warm-up.
2026-09-11 22:48:25.164 | INFO     | app.ml.labeling:apply_3class_regime_labeling:128 - 3-Class Regime Labeling complete. Distribution: {'BULLISH': 5957, 'RANGE': 10574, 'BEARISH': 6780}
2026-09-11 22:48:25.165 | INFO     | __main__:run_walk_forward:254 -   Building TEST features & labels...
2026-09-11 22:48:25.171 | INFO     | app.features.feature_pipeline:generate_features:38 - Calculating Price Features...
2026-09-11 22:48:25.177 | INFO     | app.features.feature_pipeline:generate_features:46 - Calculating RSI Divergence Features...
2026-09-11 22:48:25.179 | INFO     | app.features.feature_pipeline:generate_features:50 - Calculating VWAP Band Features...
2026-09-11 22:48:25.181 | INFO     | app.features.feature_pipeline:generate_features:54 - Calculating Volume Spike Features...
2026-09-11 22:48:25.194 | INFO     | app.features.feature_pipeline:generate_features:58 - Calculating Bollinger Band Features...
2026-09-11 22:48:25.197 | INFO     | app.features.feature_pipeline:generate_features:62 - Calculating Market Structure Features...
2026-09-11 22:48:25.213 | INFO     | app.features.feature_pipeline:generate_features:67 - Calculating Time Features...
2026-09-11 22:48:25.216 | INFO     | app.features.feature_pipeline:generate_features:78 - Feature pipeline complete. 55 features | Dropped 4 rows due to rolling window warm-up.
2026-09-11 22:48:25.218 | INFO     | app.ml.labeling:apply_3class_regime_labeling:128 - 3-Class Regime Labeling complete. Distribution: {'BULLISH': 2465, 'RANGE': 2841, 'BEARISH': 2505}
2026-09-11 22:48:25.220 | INFO     | __main__:run_walk_forward:269 -   TRAIN labels (0-6): {0: 5957, 1: 10574, 2: 6780}
2026-09-11 22:48:25.220 | INFO     | __main__:run_walk_forward:270 -   TEST  labels (0-6): {0: 2465, 1: 2841, 2: 2505}
2026-09-11 22:48:25.220 | INFO     | __main__:run_walk_forward:272 -   Training XGBoost...
2026-09-11 22:48:27.152 | INFO     | __main__:evaluate:178 - [Fold_19__Train_2025-10-23_2026-01-23__Test_2026-01-23_2026-02-23]  Acc=0.4125  Prec=0.4149  Rec=0.4113  F1=0.4115  | BULL=0.359 RANGE=0.466 BEAR=0.409
2026-09-11 22:48:27.156 | INFO     | __main__:run_walk_forward:288 -   Model saved: models/walk_forward/Fold_19__Train_2025-10-23_2026-01-23__Test_2026-01-23_2026-02-23.joblib
2026-09-11 22:48:27.157 | INFO     | __main__:run_walk_forward:235 - 
========================================================================
2026-09-11 22:48:27.157 | INFO     | __main__:run_walk_forward:236 -   Fold_20__Train_2025-11-23_2026-02-23__Test_2026-02-23_2026-03-23
2026-09-11 22:48:27.157 | INFO     | __main__:run_walk_forward:237 - ========================================================================
2026-09-11 22:48:27.159 | INFO     | __main__:run_walk_forward:242 -   Train bars: 23,375  |  Test bars: 7,125
2026-09-11 22:48:27.159 | INFO     | __main__:run_walk_forward:248 -   Building TRAIN features & labels...
2026-09-11 22:48:27.165 | INFO     | app.features.feature_pipeline:generate_features:38 - Calculating Price Features...
2026-09-11 22:48:27.175 | INFO     | app.features.feature_pipeline:generate_features:46 - Calculating RSI Divergence Features...
2026-09-11 22:48:27.177 | INFO     | app.features.feature_pipeline:generate_features:50 - Calculating VWAP Band Features...
2026-09-11 22:48:27.179 | INFO     | app.features.feature_pipeline:generate_features:54 - Calculating Volume Spike Features...
2026-09-11 22:48:27.212 | INFO     | app.features.feature_pipeline:generate_features:58 - Calculating Bollinger Band Features...
2026-09-11 22:48:27.220 | INFO     | app.features.feature_pipeline:generate_features:62 - Calculating Market Structure Features...
2026-09-11 22:48:27.283 | INFO     | app.features.feature_pipeline:generate_features:67 - Calculating Time Features...
2026-09-11 22:48:27.289 | INFO     | app.features.feature_pipeline:generate_features:78 - Feature pipeline complete. 55 features | Dropped 4 rows due to rolling window warm-up.
2026-09-11 22:48:27.295 | INFO     | app.ml.labeling:apply_3class_regime_labeling:128 - 3-Class Regime Labeling complete. Distribution: {'BULLISH': 6109, 'RANGE': 10118, 'BEARISH': 7084}
2026-09-11 22:48:27.296 | INFO     | __main__:run_walk_forward:254 -   Building TEST features & labels...
2026-09-11 22:48:27.299 | INFO     | app.features.feature_pipeline:generate_features:38 - Calculating Price Features...
2026-09-11 22:48:27.305 | INFO     | app.features.feature_pipeline:generate_features:46 - Calculating RSI Divergence Features...
2026-09-11 22:48:27.306 | INFO     | app.features.feature_pipeline:generate_features:50 - Calculating VWAP Band Features...
2026-09-11 22:48:27.308 | INFO     | app.features.feature_pipeline:generate_features:54 - Calculating Volume Spike Features...
2026-09-11 22:48:27.319 | INFO     | app.features.feature_pipeline:generate_features:58 - Calculating Bollinger Band Features...
2026-09-11 22:48:27.322 | INFO     | app.features.feature_pipeline:generate_features:62 - Calculating Market Structure Features...
2026-09-11 22:48:27.337 | INFO     | app.features.feature_pipeline:generate_features:67 - Calculating Time Features...
2026-09-11 22:48:27.339 | INFO     | app.features.feature_pipeline:generate_features:78 - Feature pipeline complete. 55 features | Dropped 4 rows due to rolling window warm-up.
2026-09-11 22:48:27.341 | INFO     | app.ml.labeling:apply_3class_regime_labeling:128 - 3-Class Regime Labeling complete. Distribution: {'BULLISH': 2240, 'RANGE': 1961, 'BEARISH': 2860}
2026-09-11 22:48:27.343 | INFO     | __main__:run_walk_forward:269 -   TRAIN labels (0-6): {0: 6109, 1: 10118, 2: 7084}
2026-09-11 22:48:27.344 | INFO     | __main__:run_walk_forward:270 -   TEST  labels (0-6): {0: 2240, 1: 1961, 2: 2860}
2026-09-11 22:48:27.344 | INFO     | __main__:run_walk_forward:272 -   Training XGBoost...
2026-09-11 22:48:29.226 | INFO     | __main__:evaluate:178 - [Fold_20__Train_2025-11-23_2026-02-23__Test_2026-02-23_2026-03-23]  Acc=0.3526  Prec=0.3855  Rec=0.3629  F1=0.3142  | BULL=0.467 RANGE=0.257 BEAR=0.218
2026-09-11 22:48:29.230 | INFO     | __main__:run_walk_forward:288 -   Model saved: models/walk_forward/Fold_20__Train_2025-11-23_2026-02-23__Test_2026-02-23_2026-03-23.joblib
2026-09-11 22:48:29.230 | INFO     | __main__:run_walk_forward:235 - 
========================================================================
2026-09-11 22:48:29.230 | INFO     | __main__:run_walk_forward:236 -   Fold_21__Train_2025-12-23_2026-03-23__Test_2026-03-23_2026-04-23
2026-09-11 22:48:29.230 | INFO     | __main__:run_walk_forward:237 - ========================================================================
2026-09-11 22:48:29.232 | INFO     | __main__:run_walk_forward:242 -   Train bars: 22,875  |  Test bars: 7,125
2026-09-11 22:48:29.232 | INFO     | __main__:run_walk_forward:248 -   Building TRAIN features & labels...
2026-09-11 22:48:29.235 | INFO     | app.features.feature_pipeline:generate_features:38 - Calculating Price Features...
2026-09-11 22:48:29.245 | INFO     | app.features.feature_pipeline:generate_features:46 - Calculating RSI Divergence Features...
2026-09-11 22:48:29.247 | INFO     | app.features.feature_pipeline:generate_features:50 - Calculating VWAP Band Features...
2026-09-11 22:48:29.250 | INFO     | app.features.feature_pipeline:generate_features:54 - Calculating Volume Spike Features...
2026-09-11 22:48:29.280 | INFO     | app.features.feature_pipeline:generate_features:58 - Calculating Bollinger Band Features...
2026-09-11 22:48:29.289 | INFO     | app.features.feature_pipeline:generate_features:62 - Calculating Market Structure Features...
2026-09-11 22:48:29.326 | INFO     | app.features.feature_pipeline:generate_features:67 - Calculating Time Features...
2026-09-11 22:48:29.330 | INFO     | app.features.feature_pipeline:generate_features:78 - Feature pipeline complete. 55 features | Dropped 4 rows due to rolling window warm-up.
2026-09-11 22:48:29.335 | INFO     | app.ml.labeling:apply_3class_regime_labeling:128 - 3-Class Regime Labeling complete. Distribution: {'BULLISH': 6481, 'RANGE': 8325, 'BEARISH': 8005}
2026-09-11 22:48:29.337 | INFO     | __main__:run_walk_forward:254 -   Building TEST features & labels...
2026-09-11 22:48:29.340 | INFO     | app.features.feature_pipeline:generate_features:38 - Calculating Price Features...
2026-09-11 22:48:29.346 | INFO     | app.features.feature_pipeline:generate_features:46 - Calculating RSI Divergence Features...
2026-09-11 22:48:29.348 | INFO     | app.features.feature_pipeline:generate_features:50 - Calculating VWAP Band Features...
2026-09-11 22:48:29.350 | INFO     | app.features.feature_pipeline:generate_features:54 - Calculating Volume Spike Features...
2026-09-11 22:48:29.361 | INFO     | app.features.feature_pipeline:generate_features:58 - Calculating Bollinger Band Features...
2026-09-11 22:48:29.365 | INFO     | app.features.feature_pipeline:generate_features:62 - Calculating Market Structure Features...
2026-09-11 22:48:29.380 | INFO     | app.features.feature_pipeline:generate_features:67 - Calculating Time Features...
2026-09-11 22:48:29.383 | INFO     | app.features.feature_pipeline:generate_features:78 - Feature pipeline complete. 55 features | Dropped 4 rows due to rolling window warm-up.
2026-09-11 22:48:29.384 | INFO     | app.ml.labeling:apply_3class_regime_labeling:128 - 3-Class Regime Labeling complete. Distribution: {'BULLISH': 2826, 'RANGE': 2032, 'BEARISH': 2203}
2026-09-11 22:48:29.387 | INFO     | __main__:run_walk_forward:269 -   TRAIN labels (0-6): {0: 6481, 1: 8325, 2: 8005}
2026-09-11 22:48:29.387 | INFO     | __main__:run_walk_forward:270 -   TEST  labels (0-6): {0: 2826, 1: 2032, 2: 2203}
2026-09-11 22:48:29.387 | INFO     | __main__:run_walk_forward:272 -   Training XGBoost...
2026-09-11 22:48:31.280 | INFO     | __main__:evaluate:178 - [Fold_21__Train_2025-12-23_2026-03-23__Test_2026-03-23_2026-04-23]  Acc=0.4015  Prec=0.4008  Rec=0.3775  F1=0.3724  | BULL=0.516 RANGE=0.315 BEAR=0.287
2026-09-11 22:48:31.284 | INFO     | __main__:run_walk_forward:288 -   Model saved: models/walk_forward/Fold_21__Train_2025-12-23_2026-03-23__Test_2026-03-23_2026-04-23.joblib
2026-09-11 22:48:31.284 | INFO     | __main__:run_walk_forward:294 - 
========================================================================
2026-09-11 22:48:31.284 | INFO     | __main__:run_walk_forward:295 -   WALK-FORWARD COMPLETE
2026-09-11 22:48:31.284 | INFO     | __main__:run_walk_forward:296 - ========================================================================
2026-09-11 22:48:31.288 | INFO     | __main__:run_walk_forward:324 - Best model saved: models/walk_forward/best_model.joblib
2026-09-11 22:48:31.288 | INFO     | __main__:run_walk_forward:330 - Metrics JSON saved: data/walk_forward_results/walk_forward_metrics_20260911_224831.json
2026-09-11 22:48:31.291 | INFO     | __main__:run_walk_forward:338 - Summary CSV saved: data/walk_forward_results/walk_forward_summary_20260911_224831.csv
