2026-09-11 22:18:30.746 | INFO     | __main__:load_raw_data:87 - Loading raw data from: data/Nifty50_2Years_1Min.csv
2026-09-11 22:18:31.143 | INFO     | __main__:load_raw_data:117 - Loaded 184,373 1-min bars  |  2024-04-23 to 2026-04-23
2026-09-11 22:18:31.143 | INFO     | __main__:run_walk_forward:203 - Walk-Forward Config: TRAIN=2mo  TEST=1mo  STEP=1mo  |  Data: 2024-04-23 to 2026-04-23
2026-09-11 22:18:31.144 | INFO     | __main__:run_walk_forward:220 - Total folds planned: 22
2026-09-11 22:18:31.144 | INFO     | __main__:run_walk_forward:233 - 
========================================================================
2026-09-11 22:18:31.144 | INFO     | __main__:run_walk_forward:234 -   Fold_01__Train_2024-04-23_2024-06-23__Test_2024-06-23_2024-07-23
2026-09-11 22:18:31.144 | INFO     | __main__:run_walk_forward:235 - ========================================================================
2026-09-11 22:18:31.145 | INFO     | __main__:run_walk_forward:240 -   Train bars: 15,480  |  Test bars: 7,491
2026-09-11 22:18:31.145 | INFO     | __main__:run_walk_forward:246 -   Building TRAIN features & labels...
2026-09-11 22:18:31.148 | INFO     | app.features.feature_pipeline:generate_features:26 - Calculating Price Features...
2026-09-11 22:18:31.156 | INFO     | app.features.feature_pipeline:generate_features:33 - Calculating Market Structure Features...
2026-09-11 22:18:31.182 | INFO     | app.features.feature_pipeline:generate_features:37 - Calculating Time Features...
2026-09-11 22:18:31.184 | INFO     | app.features.feature_pipeline:generate_features:48 - Feature pipeline complete. Dropped 0 rows due to rolling window warm-up.
2026-09-11 22:18:31.188 | INFO     | app.ml.labeling:apply_3class_regime_labeling:128 - 3-Class Regime Labeling complete. Distribution: {'BULLISH': 5211, 'RANGE': 6068, 'BEARISH': 4141}
2026-09-11 22:18:31.189 | INFO     | __main__:run_walk_forward:252 -   Building TEST features & labels...
2026-09-11 22:18:31.191 | INFO     | app.features.feature_pipeline:generate_features:26 - Calculating Price Features...
2026-09-11 22:18:31.196 | INFO     | app.features.feature_pipeline:generate_features:33 - Calculating Market Structure Features...
2026-09-11 22:18:31.210 | INFO     | app.features.feature_pipeline:generate_features:37 - Calculating Time Features...
2026-09-11 22:18:31.211 | INFO     | app.features.feature_pipeline:generate_features:48 - Feature pipeline complete. Dropped 0 rows due to rolling window warm-up.
2026-09-11 22:18:31.213 | INFO     | app.ml.labeling:apply_3class_regime_labeling:128 - 3-Class Regime Labeling complete. Distribution: {'BULLISH': 2334, 'RANGE': 3538, 'BEARISH': 1559}
2026-09-11 22:18:31.215 | INFO     | __main__:run_walk_forward:267 -   TRAIN labels (0-6): {0: 5211, 1: 6068, 2: 4141}
2026-09-11 22:18:31.215 | INFO     | __main__:run_walk_forward:268 -   TEST  labels (0-6): {0: 2334, 1: 3538, 2: 1559}
2026-09-11 22:18:31.215 | INFO     | __main__:run_walk_forward:270 -   Training XGBoost...
2026-09-11 22:18:32.147 | INFO     | __main__:evaluate:176 - [Fold_01__Train_2024-04-23_2024-06-23__Test_2024-06-23_2024-07-23]  Acc=0.2381  Prec=0.5212  Rec=0.3536  F1=0.1587  | BULL=0.014 RANGE=0.102 BEAR=0.360
2026-09-11 22:18:32.150 | INFO     | __main__:run_walk_forward:286 -   Model saved: models/walk_forward/Fold_01__Train_2024-04-23_2024-06-23__Test_2024-06-23_2024-07-23.joblib
2026-09-11 22:18:32.150 | INFO     | __main__:run_walk_forward:233 - 
========================================================================
2026-09-11 22:18:32.150 | INFO     | __main__:run_walk_forward:234 -   Fold_02__Train_2024-05-23_2024-07-23__Test_2024-07-23_2024-08-23
2026-09-11 22:18:32.150 | INFO     | __main__:run_walk_forward:235 - ========================================================================
2026-09-11 22:18:32.152 | INFO     | __main__:run_walk_forward:240 -   Train bars: 15,366  |  Test bars: 8,250
2026-09-11 22:18:32.152 | INFO     | __main__:run_walk_forward:246 -   Building TRAIN features & labels...
2026-09-11 22:18:32.159 | INFO     | app.features.feature_pipeline:generate_features:26 - Calculating Price Features...
2026-09-11 22:18:32.172 | INFO     | app.features.feature_pipeline:generate_features:33 - Calculating Market Structure Features...
2026-09-11 22:18:32.196 | INFO     | app.features.feature_pipeline:generate_features:37 - Calculating Time Features...
2026-09-11 22:18:32.198 | INFO     | app.features.feature_pipeline:generate_features:48 - Feature pipeline complete. Dropped 0 rows due to rolling window warm-up.
2026-09-11 22:18:32.201 | INFO     | app.ml.labeling:apply_3class_regime_labeling:128 - 3-Class Regime Labeling complete. Distribution: {'BULLISH': 5062, 'RANGE': 6575, 'BEARISH': 3669}
2026-09-11 22:18:32.202 | INFO     | __main__:run_walk_forward:252 -   Building TEST features & labels...
2026-09-11 22:18:32.205 | INFO     | app.features.feature_pipeline:generate_features:26 - Calculating Price Features...
2026-09-11 22:18:32.211 | INFO     | app.features.feature_pipeline:generate_features:33 - Calculating Market Structure Features...
2026-09-11 22:18:32.226 | INFO     | app.features.feature_pipeline:generate_features:37 - Calculating Time Features...
2026-09-11 22:18:32.228 | INFO     | app.features.feature_pipeline:generate_features:48 - Feature pipeline complete. Dropped 0 rows due to rolling window warm-up.
2026-09-11 22:18:32.230 | INFO     | app.ml.labeling:apply_3class_regime_labeling:128 - 3-Class Regime Labeling complete. Distribution: {'BULLISH': 2566, 'RANGE': 3453, 'BEARISH': 2171}
2026-09-11 22:18:32.232 | INFO     | __main__:run_walk_forward:267 -   TRAIN labels (0-6): {0: 5062, 1: 6575, 2: 3669}
2026-09-11 22:18:32.232 | INFO     | __main__:run_walk_forward:268 -   TEST  labels (0-6): {0: 2566, 1: 3453, 2: 2171}
2026-09-11 22:18:32.232 | INFO     | __main__:run_walk_forward:270 -   Training XGBoost...
2026-09-11 22:18:33.086 | INFO     | __main__:evaluate:176 - [Fold_02__Train_2024-05-23_2024-07-23__Test_2024-07-23_2024-08-23]  Acc=0.3462  Prec=0.3562  Rec=0.3391  F1=0.3397  | BULL=0.314 RANGE=0.440 BEAR=0.265
2026-09-11 22:18:33.089 | INFO     | __main__:run_walk_forward:286 -   Model saved: models/walk_forward/Fold_02__Train_2024-05-23_2024-07-23__Test_2024-07-23_2024-08-23.joblib
2026-09-11 22:18:33.089 | INFO     | __main__:run_walk_forward:233 - 
========================================================================
2026-09-11 22:18:33.089 | INFO     | __main__:run_walk_forward:234 -   Fold_03__Train_2024-06-23_2024-08-23__Test_2024-08-23_2024-09-23
2026-09-11 22:18:33.089 | INFO     | __main__:run_walk_forward:235 - ========================================================================
2026-09-11 22:18:33.091 | INFO     | __main__:run_walk_forward:240 -   Train bars: 15,741  |  Test bars: 7,875
2026-09-11 22:18:33.091 | INFO     | __main__:run_walk_forward:246 -   Building TRAIN features & labels...
2026-09-11 22:18:33.094 | INFO     | app.features.feature_pipeline:generate_features:26 - Calculating Price Features...
2026-09-11 22:18:33.102 | INFO     | app.features.feature_pipeline:generate_features:33 - Calculating Market Structure Features...
2026-09-11 22:18:33.127 | INFO     | app.features.feature_pipeline:generate_features:37 - Calculating Time Features...
2026-09-11 22:18:33.130 | INFO     | app.features.feature_pipeline:generate_features:48 - Feature pipeline complete. Dropped 0 rows due to rolling window warm-up.
2026-09-11 22:18:33.133 | INFO     | app.ml.labeling:apply_3class_regime_labeling:128 - 3-Class Regime Labeling complete. Distribution: {'BULLISH': 4908, 'RANGE': 7027, 'BEARISH': 3746}
2026-09-11 22:18:33.134 | INFO     | __main__:run_walk_forward:252 -   Building TEST features & labels...
2026-09-11 22:18:33.137 | INFO     | app.features.feature_pipeline:generate_features:26 - Calculating Price Features...
2026-09-11 22:18:33.142 | INFO     | app.features.feature_pipeline:generate_features:33 - Calculating Market Structure Features...
2026-09-11 22:18:33.156 | INFO     | app.features.feature_pipeline:generate_features:37 - Calculating Time Features...
2026-09-11 22:18:33.158 | INFO     | app.features.feature_pipeline:generate_features:48 - Feature pipeline complete. Dropped 0 rows due to rolling window warm-up.
2026-09-11 22:18:33.160 | INFO     | app.ml.labeling:apply_3class_regime_labeling:128 - 3-Class Regime Labeling complete. Distribution: {'BULLISH': 2052, 'RANGE': 4326, 'BEARISH': 1437}
2026-09-11 22:18:33.162 | INFO     | __main__:run_walk_forward:267 -   TRAIN labels (0-6): {0: 4908, 1: 7027, 2: 3746}
2026-09-11 22:18:33.162 | INFO     | __main__:run_walk_forward:268 -   TEST  labels (0-6): {0: 2052, 1: 4326, 2: 1437}
2026-09-11 22:18:33.162 | INFO     | __main__:run_walk_forward:270 -   Training XGBoost...
2026-09-11 22:18:34.022 | INFO     | __main__:evaluate:176 - [Fold_03__Train_2024-06-23_2024-08-23__Test_2024-08-23_2024-09-23]  Acc=0.3465  Prec=0.3932  Rec=0.3690  F1=0.2934  | BULL=0.111 RANGE=0.460 BEAR=0.310
2026-09-11 22:18:34.024 | INFO     | __main__:run_walk_forward:286 -   Model saved: models/walk_forward/Fold_03__Train_2024-06-23_2024-08-23__Test_2024-08-23_2024-09-23.joblib
2026-09-11 22:18:34.024 | INFO     | __main__:run_walk_forward:233 - 
========================================================================
2026-09-11 22:18:34.024 | INFO     | __main__:run_walk_forward:234 -   Fold_04__Train_2024-07-23_2024-09-23__Test_2024-09-23_2024-10-23
2026-09-11 22:18:34.024 | INFO     | __main__:run_walk_forward:235 - ========================================================================
2026-09-11 22:18:34.026 | INFO     | __main__:run_walk_forward:240 -   Train bars: 16,125  |  Test bars: 7,875
2026-09-11 22:18:34.026 | INFO     | __main__:run_walk_forward:246 -   Building TRAIN features & labels...
2026-09-11 22:18:34.029 | INFO     | app.features.feature_pipeline:generate_features:26 - Calculating Price Features...
2026-09-11 22:18:34.038 | INFO     | app.features.feature_pipeline:generate_features:33 - Calculating Market Structure Features...
2026-09-11 22:18:34.061 | INFO     | app.features.feature_pipeline:generate_features:37 - Calculating Time Features...
2026-09-11 22:18:34.064 | INFO     | app.features.feature_pipeline:generate_features:48 - Feature pipeline complete. Dropped 0 rows due to rolling window warm-up.
2026-09-11 22:18:34.067 | INFO     | app.ml.labeling:apply_3class_regime_labeling:128 - 3-Class Regime Labeling complete. Distribution: {'BULLISH': 4623, 'RANGE': 7829, 'BEARISH': 3613}
2026-09-11 22:18:34.068 | INFO     | __main__:run_walk_forward:252 -   Building TEST features & labels...
2026-09-11 22:18:34.071 | INFO     | app.features.feature_pipeline:generate_features:26 - Calculating Price Features...
2026-09-11 22:18:34.076 | INFO     | app.features.feature_pipeline:generate_features:33 - Calculating Market Structure Features...
2026-09-11 22:18:34.090 | INFO     | app.features.feature_pipeline:generate_features:37 - Calculating Time Features...
2026-09-11 22:18:34.092 | INFO     | app.features.feature_pipeline:generate_features:48 - Feature pipeline complete. Dropped 0 rows due to rolling window warm-up.
2026-09-11 22:18:34.094 | INFO     | app.ml.labeling:apply_3class_regime_labeling:128 - 3-Class Regime Labeling complete. Distribution: {'BULLISH': 1994, 'RANGE': 3106, 'BEARISH': 2715}
2026-09-11 22:18:34.096 | INFO     | __main__:run_walk_forward:267 -   TRAIN labels (0-6): {0: 4623, 1: 7829, 2: 3613}
2026-09-11 22:18:34.096 | INFO     | __main__:run_walk_forward:268 -   TEST  labels (0-6): {0: 1994, 1: 3106, 2: 2715}
2026-09-11 22:18:34.096 | INFO     | __main__:run_walk_forward:270 -   Training XGBoost...
2026-09-11 22:18:34.967 | INFO     | __main__:evaluate:176 - [Fold_04__Train_2024-07-23_2024-09-23__Test_2024-09-23_2024-10-23]  Acc=0.2889  Prec=0.2858  Rec=0.2913  F1=0.2829  | BULL=0.278 RANGE=0.354 BEAR=0.217
2026-09-11 22:18:34.969 | INFO     | __main__:run_walk_forward:286 -   Model saved: models/walk_forward/Fold_04__Train_2024-07-23_2024-09-23__Test_2024-09-23_2024-10-23.joblib
2026-09-11 22:18:34.969 | INFO     | __main__:run_walk_forward:233 - 
========================================================================
2026-09-11 22:18:34.969 | INFO     | __main__:run_walk_forward:234 -   Fold_05__Train_2024-08-23_2024-10-23__Test_2024-10-23_2024-11-23
2026-09-11 22:18:34.969 | INFO     | __main__:run_walk_forward:235 - ========================================================================
2026-09-11 22:18:34.971 | INFO     | __main__:run_walk_forward:240 -   Train bars: 15,750  |  Test bars: 7,500
2026-09-11 22:18:34.971 | INFO     | __main__:run_walk_forward:246 -   Building TRAIN features & labels...
2026-09-11 22:18:34.974 | INFO     | app.features.feature_pipeline:generate_features:26 - Calculating Price Features...
2026-09-11 22:18:34.982 | INFO     | app.features.feature_pipeline:generate_features:33 - Calculating Market Structure Features...
2026-09-11 22:18:35.006 | INFO     | app.features.feature_pipeline:generate_features:37 - Calculating Time Features...
2026-09-11 22:18:35.008 | INFO     | app.features.feature_pipeline:generate_features:48 - Feature pipeline complete. Dropped 0 rows due to rolling window warm-up.
2026-09-11 22:18:35.012 | INFO     | app.ml.labeling:apply_3class_regime_labeling:128 - 3-Class Regime Labeling complete. Distribution: {'BULLISH': 4106, 'RANGE': 7432, 'BEARISH': 4152}
2026-09-11 22:18:35.012 | INFO     | __main__:run_walk_forward:252 -   Building TEST features & labels...
2026-09-11 22:18:35.015 | INFO     | app.features.feature_pipeline:generate_features:26 - Calculating Price Features...
2026-09-11 22:18:35.020 | INFO     | app.features.feature_pipeline:generate_features:33 - Calculating Market Structure Features...
2026-09-11 22:18:35.034 | INFO     | app.features.feature_pipeline:generate_features:37 - Calculating Time Features...
2026-09-11 22:18:35.036 | INFO     | app.features.feature_pipeline:generate_features:48 - Feature pipeline complete. Dropped 0 rows due to rolling window warm-up.
2026-09-11 22:18:35.037 | INFO     | app.ml.labeling:apply_3class_regime_labeling:128 - 3-Class Regime Labeling complete. Distribution: {'BULLISH': 2110, 'RANGE': 2800, 'BEARISH': 2530}
2026-09-11 22:18:35.039 | INFO     | __main__:run_walk_forward:267 -   TRAIN labels (0-6): {0: 4106, 1: 7432, 2: 4152}
2026-09-11 22:18:35.039 | INFO     | __main__:run_walk_forward:268 -   TEST  labels (0-6): {0: 2110, 1: 2800, 2: 2530}
2026-09-11 22:18:35.039 | INFO     | __main__:run_walk_forward:270 -   Training XGBoost...
2026-09-11 22:18:35.904 | INFO     | __main__:evaluate:176 - [Fold_05__Train_2024-08-23_2024-10-23__Test_2024-10-23_2024-11-23]  Acc=0.3309  Prec=0.2691  Rec=0.3292  F1=0.2087  | BULL=0.138 RANGE=0.002 BEAR=0.486
2026-09-11 22:18:35.907 | INFO     | __main__:run_walk_forward:286 -   Model saved: models/walk_forward/Fold_05__Train_2024-08-23_2024-10-23__Test_2024-10-23_2024-11-23.joblib
2026-09-11 22:18:35.907 | INFO     | __main__:run_walk_forward:233 - 
========================================================================
2026-09-11 22:18:35.907 | INFO     | __main__:run_walk_forward:234 -   Fold_06__Train_2024-09-23_2024-11-23__Test_2024-11-23_2024-12-23
2026-09-11 22:18:35.907 | INFO     | __main__:run_walk_forward:235 - ========================================================================
2026-09-11 22:18:35.908 | INFO     | __main__:run_walk_forward:240 -   Train bars: 15,375  |  Test bars: 7,500
2026-09-11 22:18:35.908 | INFO     | __main__:run_walk_forward:246 -   Building TRAIN features & labels...
2026-09-11 22:18:35.912 | INFO     | app.features.feature_pipeline:generate_features:26 - Calculating Price Features...
2026-09-11 22:18:35.919 | INFO     | app.features.feature_pipeline:generate_features:33 - Calculating Market Structure Features...
2026-09-11 22:18:35.943 | INFO     | app.features.feature_pipeline:generate_features:37 - Calculating Time Features...
2026-09-11 22:18:35.946 | INFO     | app.features.feature_pipeline:generate_features:48 - Feature pipeline complete. Dropped 0 rows due to rolling window warm-up.
2026-09-11 22:18:35.949 | INFO     | app.ml.labeling:apply_3class_regime_labeling:128 - 3-Class Regime Labeling complete. Distribution: {'BULLISH': 4126, 'RANGE': 5911, 'BEARISH': 5278}
2026-09-11 22:18:35.950 | INFO     | __main__:run_walk_forward:252 -   Building TEST features & labels...
2026-09-11 22:18:35.952 | INFO     | app.features.feature_pipeline:generate_features:26 - Calculating Price Features...
2026-09-11 22:18:35.958 | INFO     | app.features.feature_pipeline:generate_features:33 - Calculating Market Structure Features...
2026-09-11 22:18:35.972 | INFO     | app.features.feature_pipeline:generate_features:37 - Calculating Time Features...
2026-09-11 22:18:35.973 | INFO     | app.features.feature_pipeline:generate_features:48 - Feature pipeline complete. Dropped 0 rows due to rolling window warm-up.
2026-09-11 22:18:35.975 | INFO     | app.ml.labeling:apply_3class_regime_labeling:128 - 3-Class Regime Labeling complete. Distribution: {'BULLISH': 1897, 'RANGE': 3171, 'BEARISH': 2372}
2026-09-11 22:18:35.977 | INFO     | __main__:run_walk_forward:267 -   TRAIN labels (0-6): {0: 4126, 1: 5911, 2: 5278}
2026-09-11 22:18:35.977 | INFO     | __main__:run_walk_forward:268 -   TEST  labels (0-6): {0: 1897, 1: 3171, 2: 2372}
2026-09-11 22:18:35.977 | INFO     | __main__:run_walk_forward:270 -   Training XGBoost...
2026-09-11 22:18:36.868 | INFO     | __main__:evaluate:176 - [Fold_06__Train_2024-09-23_2024-11-23__Test_2024-11-23_2024-12-23]  Acc=0.3711  Prec=0.3760  Rec=0.3605  F1=0.3515  | BULL=0.232 RANGE=0.431 BEAR=0.392
2026-09-11 22:18:36.870 | INFO     | __main__:run_walk_forward:286 -   Model saved: models/walk_forward/Fold_06__Train_2024-09-23_2024-11-23__Test_2024-11-23_2024-12-23.joblib
2026-09-11 22:18:36.871 | INFO     | __main__:run_walk_forward:233 - 
========================================================================
2026-09-11 22:18:36.871 | INFO     | __main__:run_walk_forward:234 -   Fold_07__Train_2024-10-23_2024-12-23__Test_2024-12-23_2025-01-23
2026-09-11 22:18:36.871 | INFO     | __main__:run_walk_forward:235 - ========================================================================
2026-09-11 22:18:36.872 | INFO     | __main__:run_walk_forward:240 -   Train bars: 15,000  |  Test bars: 8,000
2026-09-11 22:18:36.872 | INFO     | __main__:run_walk_forward:246 -   Building TRAIN features & labels...
2026-09-11 22:18:36.876 | INFO     | app.features.feature_pipeline:generate_features:26 - Calculating Price Features...
2026-09-11 22:18:36.884 | INFO     | app.features.feature_pipeline:generate_features:33 - Calculating Market Structure Features...
2026-09-11 22:18:36.906 | INFO     | app.features.feature_pipeline:generate_features:37 - Calculating Time Features...
2026-09-11 22:18:36.908 | INFO     | app.features.feature_pipeline:generate_features:48 - Feature pipeline complete. Dropped 0 rows due to rolling window warm-up.
2026-09-11 22:18:36.911 | INFO     | app.ml.labeling:apply_3class_regime_labeling:128 - 3-Class Regime Labeling complete. Distribution: {'BULLISH': 4067, 'RANGE': 5971, 'BEARISH': 4902}
2026-09-11 22:18:36.912 | INFO     | __main__:run_walk_forward:252 -   Building TEST features & labels...
2026-09-11 22:18:36.915 | INFO     | app.features.feature_pipeline:generate_features:26 - Calculating Price Features...
2026-09-11 22:18:36.921 | INFO     | app.features.feature_pipeline:generate_features:33 - Calculating Market Structure Features...
2026-09-11 22:18:36.935 | INFO     | app.features.feature_pipeline:generate_features:37 - Calculating Time Features...
2026-09-11 22:18:36.937 | INFO     | app.features.feature_pipeline:generate_features:48 - Feature pipeline complete. Dropped 0 rows due to rolling window warm-up.
2026-09-11 22:18:36.939 | INFO     | app.ml.labeling:apply_3class_regime_labeling:128 - 3-Class Regime Labeling complete. Distribution: {'BULLISH': 2340, 'RANGE': 2785, 'BEARISH': 2815}
2026-09-11 22:18:36.940 | INFO     | __main__:run_walk_forward:267 -   TRAIN labels (0-6): {0: 4067, 1: 5971, 2: 4902}
2026-09-11 22:18:36.941 | INFO     | __main__:run_walk_forward:268 -   TEST  labels (0-6): {0: 2340, 1: 2785, 2: 2815}
2026-09-11 22:18:36.941 | INFO     | __main__:run_walk_forward:270 -   Training XGBoost...
2026-09-11 22:18:37.794 | INFO     | __main__:evaluate:176 - [Fold_07__Train_2024-10-23_2024-12-23__Test_2024-12-23_2025-01-23]  Acc=0.3581  Prec=0.3760  Rec=0.3643  F1=0.3573  | BULL=0.367 RANGE=0.350 BEAR=0.355
2026-09-11 22:18:37.796 | INFO     | __main__:run_walk_forward:286 -   Model saved: models/walk_forward/Fold_07__Train_2024-10-23_2024-12-23__Test_2024-12-23_2025-01-23.joblib
2026-09-11 22:18:37.796 | INFO     | __main__:run_walk_forward:233 - 
========================================================================
2026-09-11 22:18:37.796 | INFO     | __main__:run_walk_forward:234 -   Fold_08__Train_2024-11-23_2025-01-23__Test_2025-01-23_2025-02-23
2026-09-11 22:18:37.796 | INFO     | __main__:run_walk_forward:235 - ========================================================================
2026-09-11 22:18:37.798 | INFO     | __main__:run_walk_forward:240 -   Train bars: 15,500  |  Test bars: 8,375
2026-09-11 22:18:37.798 | INFO     | __main__:run_walk_forward:246 -   Building TRAIN features & labels...
2026-09-11 22:18:37.801 | INFO     | app.features.feature_pipeline:generate_features:26 - Calculating Price Features...
2026-09-11 22:18:37.809 | INFO     | app.features.feature_pipeline:generate_features:33 - Calculating Market Structure Features...
2026-09-11 22:18:37.833 | INFO     | app.features.feature_pipeline:generate_features:37 - Calculating Time Features...
2026-09-11 22:18:37.835 | INFO     | app.features.feature_pipeline:generate_features:48 - Feature pipeline complete. Dropped 0 rows due to rolling window warm-up.
2026-09-11 22:18:37.839 | INFO     | app.ml.labeling:apply_3class_regime_labeling:128 - 3-Class Regime Labeling complete. Distribution: {'BULLISH': 4297, 'RANGE': 5956, 'BEARISH': 5187}
2026-09-11 22:18:37.840 | INFO     | __main__:run_walk_forward:252 -   Building TEST features & labels...
2026-09-11 22:18:37.842 | INFO     | app.features.feature_pipeline:generate_features:26 - Calculating Price Features...
2026-09-11 22:18:37.848 | INFO     | app.features.feature_pipeline:generate_features:33 - Calculating Market Structure Features...
2026-09-11 22:18:37.863 | INFO     | app.features.feature_pipeline:generate_features:37 - Calculating Time Features...
2026-09-11 22:18:37.865 | INFO     | app.features.feature_pipeline:generate_features:48 - Feature pipeline complete. Dropped 0 rows due to rolling window warm-up.
2026-09-11 22:18:37.867 | INFO     | app.ml.labeling:apply_3class_regime_labeling:128 - 3-Class Regime Labeling complete. Distribution: {'BULLISH': 2708, 'RANGE': 2834, 'BEARISH': 2773}
2026-09-11 22:18:37.869 | INFO     | __main__:run_walk_forward:267 -   TRAIN labels (0-6): {0: 4297, 1: 5956, 2: 5187}
2026-09-11 22:18:37.869 | INFO     | __main__:run_walk_forward:268 -   TEST  labels (0-6): {0: 2708, 1: 2834, 2: 2773}
2026-09-11 22:18:37.869 | INFO     | __main__:run_walk_forward:270 -   Training XGBoost...
2026-09-11 22:18:38.725 | INFO     | __main__:evaluate:176 - [Fold_08__Train_2024-11-23_2025-01-23__Test_2025-01-23_2025-02-23]  Acc=0.3485  Prec=0.3577  Rec=0.3516  F1=0.3300  | BULL=0.448 RANGE=0.264 BEAR=0.279
2026-09-11 22:18:38.728 | INFO     | __main__:run_walk_forward:286 -   Model saved: models/walk_forward/Fold_08__Train_2024-11-23_2025-01-23__Test_2025-01-23_2025-02-23.joblib
2026-09-11 22:18:38.728 | INFO     | __main__:run_walk_forward:233 - 
========================================================================
2026-09-11 22:18:38.728 | INFO     | __main__:run_walk_forward:234 -   Fold_09__Train_2024-12-23_2025-02-23__Test_2025-02-23_2025-03-23
2026-09-11 22:18:38.728 | INFO     | __main__:run_walk_forward:235 - ========================================================================
2026-09-11 22:18:38.730 | INFO     | __main__:run_walk_forward:240 -   Train bars: 16,375  |  Test bars: 6,750
2026-09-11 22:18:38.730 | INFO     | __main__:run_walk_forward:246 -   Building TRAIN features & labels...
2026-09-11 22:18:38.733 | INFO     | app.features.feature_pipeline:generate_features:26 - Calculating Price Features...
2026-09-11 22:18:38.741 | INFO     | app.features.feature_pipeline:generate_features:33 - Calculating Market Structure Features...
2026-09-11 22:18:38.766 | INFO     | app.features.feature_pipeline:generate_features:37 - Calculating Time Features...
2026-09-11 22:18:38.768 | INFO     | app.features.feature_pipeline:generate_features:48 - Feature pipeline complete. Dropped 0 rows due to rolling window warm-up.
2026-09-11 22:18:38.772 | INFO     | app.ml.labeling:apply_3class_regime_labeling:128 - 3-Class Regime Labeling complete. Distribution: {'BULLISH': 5088, 'RANGE': 5639, 'BEARISH': 5588}
2026-09-11 22:18:38.773 | INFO     | __main__:run_walk_forward:252 -   Building TEST features & labels...
2026-09-11 22:18:38.775 | INFO     | app.features.feature_pipeline:generate_features:26 - Calculating Price Features...
2026-09-11 22:18:38.780 | INFO     | app.features.feature_pipeline:generate_features:33 - Calculating Market Structure Features...
2026-09-11 22:18:38.793 | INFO     | app.features.feature_pipeline:generate_features:37 - Calculating Time Features...
2026-09-11 22:18:38.795 | INFO     | app.features.feature_pipeline:generate_features:48 - Feature pipeline complete. Dropped 0 rows due to rolling window warm-up.
2026-09-11 22:18:38.796 | INFO     | app.ml.labeling:apply_3class_regime_labeling:128 - 3-Class Regime Labeling complete. Distribution: {'BULLISH': 2253, 'RANGE': 2907, 'BEARISH': 1530}
2026-09-11 22:18:38.798 | INFO     | __main__:run_walk_forward:267 -   TRAIN labels (0-6): {0: 5088, 1: 5639, 2: 5588}
2026-09-11 22:18:38.798 | INFO     | __main__:run_walk_forward:268 -   TEST  labels (0-6): {0: 2253, 1: 2907, 2: 1530}
2026-09-11 22:18:38.798 | INFO     | __main__:run_walk_forward:270 -   Training XGBoost...
2026-09-11 22:18:39.671 | INFO     | __main__:evaluate:176 - [Fold_09__Train_2024-12-23_2025-02-23__Test_2025-02-23_2025-03-23]  Acc=0.2907  Prec=0.2602  Rec=0.2813  F1=0.2164  | BULL=0.422 RANGE=0.173 BEAR=0.054
2026-09-11 22:18:39.673 | INFO     | __main__:run_walk_forward:286 -   Model saved: models/walk_forward/Fold_09__Train_2024-12-23_2025-02-23__Test_2025-02-23_2025-03-23.joblib
2026-09-11 22:18:39.673 | INFO     | __main__:run_walk_forward:233 - 
========================================================================
2026-09-11 22:18:39.673 | INFO     | __main__:run_walk_forward:234 -   Fold_10__Train_2025-01-23_2025-03-23__Test_2025-03-23_2025-04-23
2026-09-11 22:18:39.673 | INFO     | __main__:run_walk_forward:235 - ========================================================================
2026-09-11 22:18:39.675 | INFO     | __main__:run_walk_forward:240 -   Train bars: 15,125  |  Test bars: 6,750
2026-09-11 22:18:39.675 | INFO     | __main__:run_walk_forward:246 -   Building TRAIN features & labels...
2026-09-11 22:18:39.678 | INFO     | app.features.feature_pipeline:generate_features:26 - Calculating Price Features...
2026-09-11 22:18:39.686 | INFO     | app.features.feature_pipeline:generate_features:33 - Calculating Market Structure Features...
2026-09-11 22:18:39.710 | INFO     | app.features.feature_pipeline:generate_features:37 - Calculating Time Features...
2026-09-11 22:18:39.712 | INFO     | app.features.feature_pipeline:generate_features:48 - Feature pipeline complete. Dropped 0 rows due to rolling window warm-up.
2026-09-11 22:18:39.716 | INFO     | app.ml.labeling:apply_3class_regime_labeling:128 - 3-Class Regime Labeling complete. Distribution: {'BULLISH': 4961, 'RANGE': 5741, 'BEARISH': 4363}
2026-09-11 22:18:39.716 | INFO     | __main__:run_walk_forward:252 -   Building TEST features & labels...
2026-09-11 22:18:39.719 | INFO     | app.features.feature_pipeline:generate_features:26 - Calculating Price Features...
2026-09-11 22:18:39.724 | INFO     | app.features.feature_pipeline:generate_features:33 - Calculating Market Structure Features...
2026-09-11 22:18:39.739 | INFO     | app.features.feature_pipeline:generate_features:37 - Calculating Time Features...
2026-09-11 22:18:39.740 | INFO     | app.features.feature_pipeline:generate_features:48 - Feature pipeline complete. Dropped 0 rows due to rolling window warm-up.
2026-09-11 22:18:39.742 | INFO     | app.ml.labeling:apply_3class_regime_labeling:128 - 3-Class Regime Labeling complete. Distribution: {'BULLISH': 2307, 'RANGE': 2469, 'BEARISH': 1914}
2026-09-11 22:18:39.744 | INFO     | __main__:run_walk_forward:267 -   TRAIN labels (0-6): {0: 4961, 1: 5741, 2: 4363}
2026-09-11 22:18:39.744 | INFO     | __main__:run_walk_forward:268 -   TEST  labels (0-6): {0: 2307, 1: 2469, 2: 1914}
2026-09-11 22:18:39.744 | INFO     | __main__:run_walk_forward:270 -   Training XGBoost...
2026-09-11 22:18:40.636 | INFO     | __main__:evaluate:176 - [Fold_10__Train_2025-01-23_2025-03-23__Test_2025-03-23_2025-04-23]  Acc=0.3744  Prec=0.3948  Rec=0.3798  F1=0.3725  | BULL=0.426 RANGE=0.347 BEAR=0.344
2026-09-11 22:18:40.639 | INFO     | __main__:run_walk_forward:286 -   Model saved: models/walk_forward/Fold_10__Train_2025-01-23_2025-03-23__Test_2025-03-23_2025-04-23.joblib
2026-09-11 22:18:40.640 | INFO     | __main__:run_walk_forward:233 - 
========================================================================
2026-09-11 22:18:40.640 | INFO     | __main__:run_walk_forward:234 -   Fold_11__Train_2025-02-23_2025-04-23__Test_2025-04-23_2025-05-23
2026-09-11 22:18:40.640 | INFO     | __main__:run_walk_forward:235 - ========================================================================
2026-09-11 22:18:40.641 | INFO     | __main__:run_walk_forward:240 -   Train bars: 13,500  |  Test bars: 7,875
2026-09-11 22:18:40.641 | INFO     | __main__:run_walk_forward:246 -   Building TRAIN features & labels...
2026-09-11 22:18:40.645 | INFO     | app.features.feature_pipeline:generate_features:26 - Calculating Price Features...
2026-09-11 22:18:40.652 | INFO     | app.features.feature_pipeline:generate_features:33 - Calculating Market Structure Features...
2026-09-11 22:18:40.674 | INFO     | app.features.feature_pipeline:generate_features:37 - Calculating Time Features...
2026-09-11 22:18:40.676 | INFO     | app.features.feature_pipeline:generate_features:48 - Feature pipeline complete. Dropped 0 rows due to rolling window warm-up.
2026-09-11 22:18:40.679 | INFO     | app.ml.labeling:apply_3class_regime_labeling:128 - 3-Class Regime Labeling complete. Distribution: {'BULLISH': 4620, 'RANGE': 5376, 'BEARISH': 3444}
2026-09-11 22:18:40.680 | INFO     | __main__:run_walk_forward:252 -   Building TEST features & labels...
2026-09-11 22:18:40.682 | INFO     | app.features.feature_pipeline:generate_features:26 - Calculating Price Features...
2026-09-11 22:18:40.688 | INFO     | app.features.feature_pipeline:generate_features:33 - Calculating Market Structure Features...
2026-09-11 22:18:40.702 | INFO     | app.features.feature_pipeline:generate_features:37 - Calculating Time Features...
2026-09-11 22:18:40.704 | INFO     | app.features.feature_pipeline:generate_features:48 - Feature pipeline complete. Dropped 0 rows due to rolling window warm-up.
2026-09-11 22:18:40.706 | INFO     | app.ml.labeling:apply_3class_regime_labeling:128 - 3-Class Regime Labeling complete. Distribution: {'BULLISH': 2153, 'RANGE': 3160, 'BEARISH': 2502}
2026-09-11 22:18:40.708 | INFO     | __main__:run_walk_forward:267 -   TRAIN labels (0-6): {0: 4620, 1: 5376, 2: 3444}
2026-09-11 22:18:40.708 | INFO     | __main__:run_walk_forward:268 -   TEST  labels (0-6): {0: 2153, 1: 3160, 2: 2502}
2026-09-11 22:18:40.708 | INFO     | __main__:run_walk_forward:270 -   Training XGBoost...
2026-09-11 22:18:41.553 | INFO     | __main__:evaluate:176 - [Fold_11__Train_2025-02-23_2025-04-23__Test_2025-04-23_2025-05-23]  Acc=0.4146  Prec=0.3764  Rec=0.3794  F1=0.3383  | BULL=0.071 RANGE=0.543 BEAR=0.400
2026-09-11 22:18:41.555 | INFO     | __main__:run_walk_forward:286 -   Model saved: models/walk_forward/Fold_11__Train_2025-02-23_2025-04-23__Test_2025-04-23_2025-05-23.joblib
2026-09-11 22:18:41.555 | INFO     | __main__:run_walk_forward:233 - 
========================================================================
2026-09-11 22:18:41.555 | INFO     | __main__:run_walk_forward:234 -   Fold_12__Train_2025-03-23_2025-05-23__Test_2025-05-23_2025-06-23
2026-09-11 22:18:41.555 | INFO     | __main__:run_walk_forward:235 - ========================================================================
2026-09-11 22:18:41.557 | INFO     | __main__:run_walk_forward:240 -   Train bars: 14,625  |  Test bars: 7,625
2026-09-11 22:18:41.557 | INFO     | __main__:run_walk_forward:246 -   Building TRAIN features & labels...
2026-09-11 22:18:41.560 | INFO     | app.features.feature_pipeline:generate_features:26 - Calculating Price Features...
2026-09-11 22:18:41.568 | INFO     | app.features.feature_pipeline:generate_features:33 - Calculating Market Structure Features...
2026-09-11 22:18:41.591 | INFO     | app.features.feature_pipeline:generate_features:37 - Calculating Time Features...
2026-09-11 22:18:41.593 | INFO     | app.features.feature_pipeline:generate_features:48 - Feature pipeline complete. Dropped 0 rows due to rolling window warm-up.
2026-09-11 22:18:41.596 | INFO     | app.ml.labeling:apply_3class_regime_labeling:128 - 3-Class Regime Labeling complete. Distribution: {'BULLISH': 4520, 'RANGE': 5629, 'BEARISH': 4416}
2026-09-11 22:18:41.597 | INFO     | __main__:run_walk_forward:252 -   Building TEST features & labels...
2026-09-11 22:18:41.599 | INFO     | app.features.feature_pipeline:generate_features:26 - Calculating Price Features...
2026-09-11 22:18:41.605 | INFO     | app.features.feature_pipeline:generate_features:33 - Calculating Market Structure Features...
2026-09-11 22:18:41.620 | INFO     | app.features.feature_pipeline:generate_features:37 - Calculating Time Features...
2026-09-11 22:18:41.621 | INFO     | app.features.feature_pipeline:generate_features:48 - Feature pipeline complete. Dropped 0 rows due to rolling window warm-up.
2026-09-11 22:18:41.623 | INFO     | app.ml.labeling:apply_3class_regime_labeling:128 - 3-Class Regime Labeling complete. Distribution: {'BULLISH': 2134, 'RANGE': 3695, 'BEARISH': 1736}
2026-09-11 22:18:41.625 | INFO     | __main__:run_walk_forward:267 -   TRAIN labels (0-6): {0: 4520, 1: 5629, 2: 4416}
2026-09-11 22:18:41.625 | INFO     | __main__:run_walk_forward:268 -   TEST  labels (0-6): {0: 2134, 1: 3695, 2: 1736}
2026-09-11 22:18:41.625 | INFO     | __main__:run_walk_forward:270 -   Training XGBoost...
2026-09-11 22:18:42.509 | INFO     | __main__:evaluate:176 - [Fold_12__Train_2025-03-23_2025-05-23__Test_2025-05-23_2025-06-23]  Acc=0.2855  Prec=0.3730  Rec=0.3483  F1=0.2634  | BULL=0.211 RANGE=0.225 BEAR=0.353
2026-09-11 22:18:42.511 | INFO     | __main__:run_walk_forward:286 -   Model saved: models/walk_forward/Fold_12__Train_2025-03-23_2025-05-23__Test_2025-05-23_2025-06-23.joblib
2026-09-11 22:18:42.511 | INFO     | __main__:run_walk_forward:233 - 
========================================================================
2026-09-11 22:18:42.511 | INFO     | __main__:run_walk_forward:234 -   Fold_13__Train_2025-04-23_2025-06-23__Test_2025-06-23_2025-07-23
2026-09-11 22:18:42.511 | INFO     | __main__:run_walk_forward:235 - ========================================================================
2026-09-11 22:18:42.513 | INFO     | __main__:run_walk_forward:240 -   Train bars: 15,500  |  Test bars: 8,250
2026-09-11 22:18:42.513 | INFO     | __main__:run_walk_forward:246 -   Building TRAIN features & labels...
2026-09-11 22:18:42.516 | INFO     | app.features.feature_pipeline:generate_features:26 - Calculating Price Features...
2026-09-11 22:18:42.525 | INFO     | app.features.feature_pipeline:generate_features:33 - Calculating Market Structure Features...
2026-09-11 22:18:42.548 | INFO     | app.features.feature_pipeline:generate_features:37 - Calculating Time Features...
2026-09-11 22:18:42.551 | INFO     | app.features.feature_pipeline:generate_features:48 - Feature pipeline complete. Dropped 0 rows due to rolling window warm-up.
2026-09-11 22:18:42.554 | INFO     | app.ml.labeling:apply_3class_regime_labeling:128 - 3-Class Regime Labeling complete. Distribution: {'BULLISH': 4347, 'RANGE': 6855, 'BEARISH': 4238}
2026-09-11 22:18:42.555 | INFO     | __main__:run_walk_forward:252 -   Building TEST features & labels...
2026-09-11 22:18:42.558 | INFO     | app.features.feature_pipeline:generate_features:26 - Calculating Price Features...
2026-09-11 22:18:42.564 | INFO     | app.features.feature_pipeline:generate_features:33 - Calculating Market Structure Features...
2026-09-11 22:18:42.579 | INFO     | app.features.feature_pipeline:generate_features:37 - Calculating Time Features...
2026-09-11 22:18:42.580 | INFO     | app.features.feature_pipeline:generate_features:48 - Feature pipeline complete. Dropped 0 rows due to rolling window warm-up.
2026-09-11 22:18:42.582 | INFO     | app.ml.labeling:apply_3class_regime_labeling:128 - 3-Class Regime Labeling complete. Distribution: {'BULLISH': 1920, 'RANGE': 4305, 'BEARISH': 1965}
2026-09-11 22:18:42.584 | INFO     | __main__:run_walk_forward:267 -   TRAIN labels (0-6): {0: 4347, 1: 6855, 2: 4238}
2026-09-11 22:18:42.584 | INFO     | __main__:run_walk_forward:268 -   TEST  labels (0-6): {0: 1920, 1: 4305, 2: 1965}
2026-09-11 22:18:42.584 | INFO     | __main__:run_walk_forward:270 -   Training XGBoost...
2026-09-11 22:18:43.490 | INFO     | __main__:evaluate:176 - [Fold_13__Train_2025-04-23_2025-06-23__Test_2025-06-23_2025-07-23]  Acc=0.3386  Prec=0.4598  Rec=0.3795  F1=0.2751  | BULL=0.087 RANGE=0.329 BEAR=0.409
2026-09-11 22:18:43.493 | INFO     | __main__:run_walk_forward:286 -   Model saved: models/walk_forward/Fold_13__Train_2025-04-23_2025-06-23__Test_2025-06-23_2025-07-23.joblib
2026-09-11 22:18:43.493 | INFO     | __main__:run_walk_forward:233 - 
========================================================================
2026-09-11 22:18:43.493 | INFO     | __main__:run_walk_forward:234 -   Fold_14__Train_2025-05-23_2025-07-23__Test_2025-07-23_2025-08-23
2026-09-11 22:18:43.493 | INFO     | __main__:run_walk_forward:235 - ========================================================================
2026-09-11 22:18:43.495 | INFO     | __main__:run_walk_forward:240 -   Train bars: 15,875  |  Test bars: 8,250
2026-09-11 22:18:43.495 | INFO     | __main__:run_walk_forward:246 -   Building TRAIN features & labels...
2026-09-11 22:18:43.498 | INFO     | app.features.feature_pipeline:generate_features:26 - Calculating Price Features...
2026-09-11 22:18:43.506 | INFO     | app.features.feature_pipeline:generate_features:33 - Calculating Market Structure Features...
2026-09-11 22:18:43.530 | INFO     | app.features.feature_pipeline:generate_features:37 - Calculating Time Features...
2026-09-11 22:18:43.533 | INFO     | app.features.feature_pipeline:generate_features:48 - Feature pipeline complete. Dropped 0 rows due to rolling window warm-up.
2026-09-11 22:18:43.536 | INFO     | app.ml.labeling:apply_3class_regime_labeling:128 - 3-Class Regime Labeling complete. Distribution: {'BULLISH': 4054, 'RANGE': 8000, 'BEARISH': 3761}
2026-09-11 22:18:43.537 | INFO     | __main__:run_walk_forward:252 -   Building TEST features & labels...
2026-09-11 22:18:43.541 | INFO     | app.features.feature_pipeline:generate_features:26 - Calculating Price Features...
2026-09-11 22:18:43.547 | INFO     | app.features.feature_pipeline:generate_features:33 - Calculating Market Structure Features...
2026-09-11 22:18:43.563 | INFO     | app.features.feature_pipeline:generate_features:37 - Calculating Time Features...
2026-09-11 22:18:43.564 | INFO     | app.features.feature_pipeline:generate_features:48 - Feature pipeline complete. Dropped 0 rows due to rolling window warm-up.
2026-09-11 22:18:43.566 | INFO     | app.ml.labeling:apply_3class_regime_labeling:128 - 3-Class Regime Labeling complete. Distribution: {'BULLISH': 2148, 'RANGE': 3706, 'BEARISH': 2336}
2026-09-11 22:18:43.569 | INFO     | __main__:run_walk_forward:267 -   TRAIN labels (0-6): {0: 4054, 1: 8000, 2: 3761}
2026-09-11 22:18:43.569 | INFO     | __main__:run_walk_forward:268 -   TEST  labels (0-6): {0: 2148, 1: 3706, 2: 2336}
2026-09-11 22:18:43.569 | INFO     | __main__:run_walk_forward:270 -   Training XGBoost...
2026-09-11 22:18:44.439 | INFO     | __main__:evaluate:176 - [Fold_14__Train_2025-05-23_2025-07-23__Test_2025-07-23_2025-08-23]  Acc=0.4147  Prec=0.4291  Rec=0.3876  F1=0.3652  | BULL=0.361 RANGE=0.534 BEAR=0.200
2026-09-11 22:18:44.442 | INFO     | __main__:run_walk_forward:286 -   Model saved: models/walk_forward/Fold_14__Train_2025-05-23_2025-07-23__Test_2025-07-23_2025-08-23.joblib
2026-09-11 22:18:44.442 | INFO     | __main__:run_walk_forward:233 - 
========================================================================
2026-09-11 22:18:44.443 | INFO     | __main__:run_walk_forward:234 -   Fold_15__Train_2025-06-23_2025-08-23__Test_2025-08-23_2025-09-23
2026-09-11 22:18:44.443 | INFO     | __main__:run_walk_forward:235 - ========================================================================
2026-09-11 22:18:44.444 | INFO     | __main__:run_walk_forward:240 -   Train bars: 16,500  |  Test bars: 7,500
2026-09-11 22:18:44.444 | INFO     | __main__:run_walk_forward:246 -   Building TRAIN features & labels...
2026-09-11 22:18:44.448 | INFO     | app.features.feature_pipeline:generate_features:26 - Calculating Price Features...
2026-09-11 22:18:44.457 | INFO     | app.features.feature_pipeline:generate_features:33 - Calculating Market Structure Features...
2026-09-11 22:18:44.483 | INFO     | app.features.feature_pipeline:generate_features:37 - Calculating Time Features...
2026-09-11 22:18:44.486 | INFO     | app.features.feature_pipeline:generate_features:48 - Feature pipeline complete. Dropped 0 rows due to rolling window warm-up.
2026-09-11 22:18:44.489 | INFO     | app.ml.labeling:apply_3class_regime_labeling:128 - 3-Class Regime Labeling complete. Distribution: {'BULLISH': 4128, 'RANGE': 8011, 'BEARISH': 4301}
2026-09-11 22:18:44.490 | INFO     | __main__:run_walk_forward:252 -   Building TEST features & labels...
2026-09-11 22:18:44.501 | INFO     | app.features.feature_pipeline:generate_features:26 - Calculating Price Features...
2026-09-11 22:18:44.508 | INFO     | app.features.feature_pipeline:generate_features:33 - Calculating Market Structure Features...
2026-09-11 22:18:44.522 | INFO     | app.features.feature_pipeline:generate_features:37 - Calculating Time Features...
2026-09-11 22:18:44.524 | INFO     | app.features.feature_pipeline:generate_features:48 - Feature pipeline complete. Dropped 0 rows due to rolling window warm-up.
2026-09-11 22:18:44.526 | INFO     | app.ml.labeling:apply_3class_regime_labeling:128 - 3-Class Regime Labeling complete. Distribution: {'BULLISH': 1877, 'RANGE': 3978, 'BEARISH': 1585}
2026-09-11 22:18:44.528 | INFO     | __main__:run_walk_forward:267 -   TRAIN labels (0-6): {0: 4128, 1: 8011, 2: 4301}
2026-09-11 22:18:44.528 | INFO     | __main__:run_walk_forward:268 -   TEST  labels (0-6): {0: 1877, 1: 3978, 2: 1585}
2026-09-11 22:18:44.528 | INFO     | __main__:run_walk_forward:270 -   Training XGBoost...
2026-09-11 22:18:45.412 | INFO     | __main__:evaluate:176 - [Fold_15__Train_2025-06-23_2025-08-23__Test_2025-08-23_2025-09-23]  Acc=0.4269  Prec=0.3915  Rec=0.3932  F1=0.3888  | BULL=0.336 RANGE=0.549 BEAR=0.281
2026-09-11 22:18:45.413 | INFO     | __main__:run_walk_forward:286 -   Model saved: models/walk_forward/Fold_15__Train_2025-06-23_2025-08-23__Test_2025-08-23_2025-09-23.joblib
2026-09-11 22:18:45.414 | INFO     | __main__:run_walk_forward:233 - 
========================================================================
2026-09-11 22:18:45.414 | INFO     | __main__:run_walk_forward:234 -   Fold_16__Train_2025-07-23_2025-09-23__Test_2025-09-23_2025-10-23
2026-09-11 22:18:45.414 | INFO     | __main__:run_walk_forward:235 - ========================================================================
2026-09-11 22:18:45.416 | INFO     | __main__:run_walk_forward:240 -   Train bars: 15,750  |  Test bars: 7,197
2026-09-11 22:18:45.416 | INFO     | __main__:run_walk_forward:246 -   Building TRAIN features & labels...
2026-09-11 22:18:45.419 | INFO     | app.features.feature_pipeline:generate_features:26 - Calculating Price Features...
2026-09-11 22:18:45.427 | INFO     | app.features.feature_pipeline:generate_features:33 - Calculating Market Structure Features...
2026-09-11 22:18:45.453 | INFO     | app.features.feature_pipeline:generate_features:37 - Calculating Time Features...
2026-09-11 22:18:45.455 | INFO     | app.features.feature_pipeline:generate_features:48 - Feature pipeline complete. Dropped 0 rows due to rolling window warm-up.
2026-09-11 22:18:45.459 | INFO     | app.ml.labeling:apply_3class_regime_labeling:128 - 3-Class Regime Labeling complete. Distribution: {'BULLISH': 4085, 'RANGE': 7684, 'BEARISH': 3921}
2026-09-11 22:18:45.460 | INFO     | __main__:run_walk_forward:252 -   Building TEST features & labels...
2026-09-11 22:18:45.462 | INFO     | app.features.feature_pipeline:generate_features:26 - Calculating Price Features...
2026-09-11 22:18:45.468 | INFO     | app.features.feature_pipeline:generate_features:33 - Calculating Market Structure Features...
2026-09-11 22:18:45.481 | INFO     | app.features.feature_pipeline:generate_features:37 - Calculating Time Features...
2026-09-11 22:18:45.483 | INFO     | app.features.feature_pipeline:generate_features:48 - Feature pipeline complete. Dropped 0 rows due to rolling window warm-up.
2026-09-11 22:18:45.485 | INFO     | app.ml.labeling:apply_3class_regime_labeling:128 - 3-Class Regime Labeling complete. Distribution: {'BULLISH': 2495, 'RANGE': 2886, 'BEARISH': 1756}
2026-09-11 22:18:45.487 | INFO     | __main__:run_walk_forward:267 -   TRAIN labels (0-6): {0: 4085, 1: 7684, 2: 3921}
2026-09-11 22:18:45.487 | INFO     | __main__:run_walk_forward:268 -   TEST  labels (0-6): {0: 2495, 1: 2886, 2: 1756}
2026-09-11 22:18:45.487 | INFO     | __main__:run_walk_forward:270 -   Training XGBoost...
2026-09-11 22:18:46.360 | INFO     | __main__:evaluate:176 - [Fold_16__Train_2025-07-23_2025-09-23__Test_2025-09-23_2025-10-23]  Acc=0.3785  Prec=0.3318  Rec=0.3575  F1=0.3190  | BULL=0.127 RANGE=0.543 BEAR=0.287
2026-09-11 22:18:46.363 | INFO     | __main__:run_walk_forward:286 -   Model saved: models/walk_forward/Fold_16__Train_2025-07-23_2025-09-23__Test_2025-09-23_2025-10-23.joblib
2026-09-11 22:18:46.363 | INFO     | __main__:run_walk_forward:233 - 
========================================================================
2026-09-11 22:18:46.363 | INFO     | __main__:run_walk_forward:234 -   Fold_17__Train_2025-08-23_2025-10-23__Test_2025-10-23_2025-11-23
2026-09-11 22:18:46.363 | INFO     | __main__:run_walk_forward:235 - ========================================================================
2026-09-11 22:18:46.365 | INFO     | __main__:run_walk_forward:240 -   Train bars: 14,697  |  Test bars: 7,875
2026-09-11 22:18:46.365 | INFO     | __main__:run_walk_forward:246 -   Building TRAIN features & labels...
2026-09-11 22:18:46.368 | INFO     | app.features.feature_pipeline:generate_features:26 - Calculating Price Features...
2026-09-11 22:18:46.376 | INFO     | app.features.feature_pipeline:generate_features:33 - Calculating Market Structure Features...
2026-09-11 22:18:46.402 | INFO     | app.features.feature_pipeline:generate_features:37 - Calculating Time Features...
2026-09-11 22:18:46.404 | INFO     | app.features.feature_pipeline:generate_features:48 - Feature pipeline complete. Dropped 0 rows due to rolling window warm-up.
2026-09-11 22:18:46.407 | INFO     | app.ml.labeling:apply_3class_regime_labeling:128 - 3-Class Regime Labeling complete. Distribution: {'BULLISH': 4373, 'RANGE': 6887, 'BEARISH': 3377}
2026-09-11 22:18:46.408 | INFO     | __main__:run_walk_forward:252 -   Building TEST features & labels...
2026-09-11 22:18:46.411 | INFO     | app.features.feature_pipeline:generate_features:26 - Calculating Price Features...
2026-09-11 22:18:46.417 | INFO     | app.features.feature_pipeline:generate_features:33 - Calculating Market Structure Features...
2026-09-11 22:18:46.434 | INFO     | app.features.feature_pipeline:generate_features:37 - Calculating Time Features...
2026-09-11 22:18:46.436 | INFO     | app.features.feature_pipeline:generate_features:48 - Feature pipeline complete. Dropped 0 rows due to rolling window warm-up.
2026-09-11 22:18:46.438 | INFO     | app.ml.labeling:apply_3class_regime_labeling:128 - 3-Class Regime Labeling complete. Distribution: {'BULLISH': 2316, 'RANGE': 3300, 'BEARISH': 2199}
2026-09-11 22:18:46.440 | INFO     | __main__:run_walk_forward:267 -   TRAIN labels (0-6): {0: 4373, 1: 6887, 2: 3377}
2026-09-11 22:18:46.441 | INFO     | __main__:run_walk_forward:268 -   TEST  labels (0-6): {0: 2316, 1: 3300, 2: 2199}
2026-09-11 22:18:46.441 | INFO     | __main__:run_walk_forward:270 -   Training XGBoost...
2026-09-11 22:18:47.295 | INFO     | __main__:evaluate:176 - [Fold_17__Train_2025-08-23_2025-10-23__Test_2025-10-23_2025-11-23]  Acc=0.3871  Prec=0.3956  Rec=0.4043  F1=0.3822  | BULL=0.336 RANGE=0.361 BEAR=0.450
2026-09-11 22:18:47.298 | INFO     | __main__:run_walk_forward:286 -   Model saved: models/walk_forward/Fold_17__Train_2025-08-23_2025-10-23__Test_2025-10-23_2025-11-23.joblib
2026-09-11 22:18:47.298 | INFO     | __main__:run_walk_forward:233 - 
========================================================================
2026-09-11 22:18:47.298 | INFO     | __main__:run_walk_forward:234 -   Fold_18__Train_2025-09-23_2025-11-23__Test_2025-11-23_2025-12-23
2026-09-11 22:18:47.298 | INFO     | __main__:run_walk_forward:235 - ========================================================================
2026-09-11 22:18:47.300 | INFO     | __main__:run_walk_forward:240 -   Train bars: 15,072  |  Test bars: 7,625
2026-09-11 22:18:47.300 | INFO     | __main__:run_walk_forward:246 -   Building TRAIN features & labels...
2026-09-11 22:18:47.303 | INFO     | app.features.feature_pipeline:generate_features:26 - Calculating Price Features...
2026-09-11 22:18:47.311 | INFO     | app.features.feature_pipeline:generate_features:33 - Calculating Market Structure Features...
2026-09-11 22:18:47.334 | INFO     | app.features.feature_pipeline:generate_features:37 - Calculating Time Features...
2026-09-11 22:18:47.337 | INFO     | app.features.feature_pipeline:generate_features:48 - Feature pipeline complete. Dropped 0 rows due to rolling window warm-up.
2026-09-11 22:18:47.340 | INFO     | app.ml.labeling:apply_3class_regime_labeling:128 - 3-Class Regime Labeling complete. Distribution: {'BULLISH': 4871, 'RANGE': 6186, 'BEARISH': 3955}
2026-09-11 22:18:47.341 | INFO     | __main__:run_walk_forward:252 -   Building TEST features & labels...
2026-09-11 22:18:47.343 | INFO     | app.features.feature_pipeline:generate_features:26 - Calculating Price Features...
2026-09-11 22:18:47.349 | INFO     | app.features.feature_pipeline:generate_features:33 - Calculating Market Structure Features...
2026-09-11 22:18:47.365 | INFO     | app.features.feature_pipeline:generate_features:37 - Calculating Time Features...
2026-09-11 22:18:47.366 | INFO     | app.features.feature_pipeline:generate_features:48 - Feature pipeline complete. Dropped 0 rows due to rolling window warm-up.
2026-09-11 22:18:47.368 | INFO     | app.ml.labeling:apply_3class_regime_labeling:128 - 3-Class Regime Labeling complete. Distribution: {'BULLISH': 1931, 'RANGE': 3706, 'BEARISH': 1928}
2026-09-11 22:18:47.370 | INFO     | __main__:run_walk_forward:267 -   TRAIN labels (0-6): {0: 4871, 1: 6186, 2: 3955}
2026-09-11 22:18:47.370 | INFO     | __main__:run_walk_forward:268 -   TEST  labels (0-6): {0: 1931, 1: 3706, 2: 1928}
2026-09-11 22:18:47.370 | INFO     | __main__:run_walk_forward:270 -   Training XGBoost...
2026-09-11 22:18:48.221 | INFO     | __main__:evaluate:176 - [Fold_18__Train_2025-09-23_2025-11-23__Test_2025-11-23_2025-12-23]  Acc=0.3707  Prec=0.3396  Rec=0.3380  F1=0.3337  | BULL=0.179 RANGE=0.520 BEAR=0.302
2026-09-11 22:18:48.223 | INFO     | __main__:run_walk_forward:286 -   Model saved: models/walk_forward/Fold_18__Train_2025-09-23_2025-11-23__Test_2025-11-23_2025-12-23.joblib
2026-09-11 22:18:48.223 | INFO     | __main__:run_walk_forward:233 - 
========================================================================
2026-09-11 22:18:48.223 | INFO     | __main__:run_walk_forward:234 -   Fold_19__Train_2025-10-23_2025-12-23__Test_2025-12-23_2026-01-23
2026-09-11 22:18:48.223 | INFO     | __main__:run_walk_forward:235 - ========================================================================
2026-09-11 22:18:48.225 | INFO     | __main__:run_walk_forward:240 -   Train bars: 15,500  |  Test bars: 7,875
2026-09-11 22:18:48.225 | INFO     | __main__:run_walk_forward:246 -   Building TRAIN features & labels...
2026-09-11 22:18:48.228 | INFO     | app.features.feature_pipeline:generate_features:26 - Calculating Price Features...
2026-09-11 22:18:48.236 | INFO     | app.features.feature_pipeline:generate_features:33 - Calculating Market Structure Features...
2026-09-11 22:18:48.261 | INFO     | app.features.feature_pipeline:generate_features:37 - Calculating Time Features...
2026-09-11 22:18:48.264 | INFO     | app.features.feature_pipeline:generate_features:48 - Feature pipeline complete. Dropped 0 rows due to rolling window warm-up.
2026-09-11 22:18:48.267 | INFO     | app.ml.labeling:apply_3class_regime_labeling:128 - 3-Class Regime Labeling complete. Distribution: {'BULLISH': 4263, 'RANGE': 7037, 'BEARISH': 4140}
2026-09-11 22:18:48.268 | INFO     | __main__:run_walk_forward:252 -   Building TEST features & labels...
2026-09-11 22:18:48.271 | INFO     | app.features.feature_pipeline:generate_features:26 - Calculating Price Features...
2026-09-11 22:18:48.277 | INFO     | app.features.feature_pipeline:generate_features:33 - Calculating Market Structure Features...
2026-09-11 22:18:48.291 | INFO     | app.features.feature_pipeline:generate_features:37 - Calculating Time Features...
2026-09-11 22:18:48.293 | INFO     | app.features.feature_pipeline:generate_features:48 - Feature pipeline complete. Dropped 0 rows due to rolling window warm-up.
2026-09-11 22:18:48.295 | INFO     | app.ml.labeling:apply_3class_regime_labeling:128 - 3-Class Regime Labeling complete. Distribution: {'BULLISH': 1698, 'RANGE': 3488, 'BEARISH': 2629}
2026-09-11 22:18:48.297 | INFO     | __main__:run_walk_forward:267 -   TRAIN labels (0-6): {0: 4263, 1: 7037, 2: 4140}
2026-09-11 22:18:48.297 | INFO     | __main__:run_walk_forward:268 -   TEST  labels (0-6): {0: 1698, 1: 3488, 2: 2629}
2026-09-11 22:18:48.297 | INFO     | __main__:run_walk_forward:270 -   Training XGBoost...
2026-09-11 22:18:49.151 | INFO     | __main__:evaluate:176 - [Fold_19__Train_2025-10-23_2025-12-23__Test_2025-12-23_2026-01-23]  Acc=0.3750  Prec=0.3516  Rec=0.3571  F1=0.3520  | BULL=0.288 RANGE=0.498 BEAR=0.270
2026-09-11 22:18:49.154 | INFO     | __main__:run_walk_forward:286 -   Model saved: models/walk_forward/Fold_19__Train_2025-10-23_2025-12-23__Test_2025-12-23_2026-01-23.joblib
2026-09-11 22:18:49.154 | INFO     | __main__:run_walk_forward:233 - 
========================================================================
2026-09-11 22:18:49.154 | INFO     | __main__:run_walk_forward:234 -   Fold_20__Train_2025-11-23_2026-01-23__Test_2026-01-23_2026-02-23
2026-09-11 22:18:49.154 | INFO     | __main__:run_walk_forward:235 - ========================================================================
2026-09-11 22:18:49.156 | INFO     | __main__:run_walk_forward:240 -   Train bars: 15,500  |  Test bars: 7,875
2026-09-11 22:18:49.156 | INFO     | __main__:run_walk_forward:246 -   Building TRAIN features & labels...
2026-09-11 22:18:49.159 | INFO     | app.features.feature_pipeline:generate_features:26 - Calculating Price Features...
2026-09-11 22:18:49.167 | INFO     | app.features.feature_pipeline:generate_features:33 - Calculating Market Structure Features...
2026-09-11 22:18:49.222 | INFO     | app.features.feature_pipeline:generate_features:37 - Calculating Time Features...
2026-09-11 22:18:49.225 | INFO     | app.features.feature_pipeline:generate_features:48 - Feature pipeline complete. Dropped 0 rows due to rolling window warm-up.
2026-09-11 22:18:49.229 | INFO     | app.ml.labeling:apply_3class_regime_labeling:128 - 3-Class Regime Labeling complete. Distribution: {'BULLISH': 3629, 'RANGE': 7243, 'BEARISH': 4568}
2026-09-11 22:18:49.232 | INFO     | __main__:run_walk_forward:252 -   Building TEST features & labels...
2026-09-11 22:18:49.238 | INFO     | app.features.feature_pipeline:generate_features:26 - Calculating Price Features...
2026-09-11 22:18:49.246 | INFO     | app.features.feature_pipeline:generate_features:33 - Calculating Market Structure Features...
2026-09-11 22:18:49.261 | INFO     | app.features.feature_pipeline:generate_features:37 - Calculating Time Features...
2026-09-11 22:18:49.263 | INFO     | app.features.feature_pipeline:generate_features:48 - Feature pipeline complete. Dropped 0 rows due to rolling window warm-up.
2026-09-11 22:18:49.264 | INFO     | app.ml.labeling:apply_3class_regime_labeling:128 - 3-Class Regime Labeling complete. Distribution: {'BULLISH': 2465, 'RANGE': 2845, 'BEARISH': 2505}
2026-09-11 22:18:49.266 | INFO     | __main__:run_walk_forward:267 -   TRAIN labels (0-6): {0: 3629, 1: 7243, 2: 4568}
2026-09-11 22:18:49.267 | INFO     | __main__:run_walk_forward:268 -   TEST  labels (0-6): {0: 2465, 1: 2845, 2: 2505}
2026-09-11 22:18:49.267 | INFO     | __main__:run_walk_forward:270 -   Training XGBoost...
2026-09-11 22:18:50.124 | INFO     | __main__:evaluate:176 - [Fold_20__Train_2025-11-23_2026-01-23__Test_2026-01-23_2026-02-23]  Acc=0.3364  Prec=0.3754  Rec=0.3414  F1=0.3297  | BULL=0.315 RANGE=0.306 BEAR=0.369
2026-09-11 22:18:50.127 | INFO     | __main__:run_walk_forward:286 -   Model saved: models/walk_forward/Fold_20__Train_2025-11-23_2026-01-23__Test_2026-01-23_2026-02-23.joblib
2026-09-11 22:18:50.127 | INFO     | __main__:run_walk_forward:233 - 
========================================================================
2026-09-11 22:18:50.127 | INFO     | __main__:run_walk_forward:234 -   Fold_21__Train_2025-12-23_2026-02-23__Test_2026-02-23_2026-03-23
2026-09-11 22:18:50.127 | INFO     | __main__:run_walk_forward:235 - ========================================================================
2026-09-11 22:18:50.128 | INFO     | __main__:run_walk_forward:240 -   Train bars: 15,750  |  Test bars: 7,125
2026-09-11 22:18:50.129 | INFO     | __main__:run_walk_forward:246 -   Building TRAIN features & labels...
2026-09-11 22:18:50.132 | INFO     | app.features.feature_pipeline:generate_features:26 - Calculating Price Features...
2026-09-11 22:18:50.140 | INFO     | app.features.feature_pipeline:generate_features:33 - Calculating Market Structure Features...
2026-09-11 22:18:50.164 | INFO     | app.features.feature_pipeline:generate_features:37 - Calculating Time Features...
2026-09-11 22:18:50.166 | INFO     | app.features.feature_pipeline:generate_features:48 - Feature pipeline complete. Dropped 0 rows due to rolling window warm-up.
2026-09-11 22:18:50.170 | INFO     | app.ml.labeling:apply_3class_regime_labeling:128 - 3-Class Regime Labeling complete. Distribution: {'BULLISH': 4179, 'RANGE': 6366, 'BEARISH': 5145}
2026-09-11 22:18:50.170 | INFO     | __main__:run_walk_forward:252 -   Building TEST features & labels...
2026-09-11 22:18:50.173 | INFO     | app.features.feature_pipeline:generate_features:26 - Calculating Price Features...
2026-09-11 22:18:50.178 | INFO     | app.features.feature_pipeline:generate_features:33 - Calculating Market Structure Features...
2026-09-11 22:18:50.193 | INFO     | app.features.feature_pipeline:generate_features:37 - Calculating Time Features...
2026-09-11 22:18:50.194 | INFO     | app.features.feature_pipeline:generate_features:48 - Feature pipeline complete. Dropped 0 rows due to rolling window warm-up.
2026-09-11 22:18:50.196 | INFO     | app.ml.labeling:apply_3class_regime_labeling:128 - 3-Class Regime Labeling complete. Distribution: {'BULLISH': 2244, 'RANGE': 1961, 'BEARISH': 2860}
2026-09-11 22:18:50.198 | INFO     | __main__:run_walk_forward:267 -   TRAIN labels (0-6): {0: 4179, 1: 6366, 2: 5145}
2026-09-11 22:18:50.198 | INFO     | __main__:run_walk_forward:268 -   TEST  labels (0-6): {0: 2244, 1: 1961, 2: 2860}
2026-09-11 22:18:50.198 | INFO     | __main__:run_walk_forward:270 -   Training XGBoost...
2026-09-11 22:18:51.065 | INFO     | __main__:evaluate:176 - [Fold_21__Train_2025-12-23_2026-02-23__Test_2026-02-23_2026-03-23]  Acc=0.3445  Prec=0.3767  Rec=0.3602  F1=0.3017  | BULL=0.461 RANGE=0.285 BEAR=0.159
2026-09-11 22:18:51.067 | INFO     | __main__:run_walk_forward:286 -   Model saved: models/walk_forward/Fold_21__Train_2025-12-23_2026-02-23__Test_2026-02-23_2026-03-23.joblib
2026-09-11 22:18:51.067 | INFO     | __main__:run_walk_forward:233 - 
========================================================================
2026-09-11 22:18:51.067 | INFO     | __main__:run_walk_forward:234 -   Fold_22__Train_2026-01-23_2026-03-23__Test_2026-03-23_2026-04-23
2026-09-11 22:18:51.067 | INFO     | __main__:run_walk_forward:235 - ========================================================================
2026-09-11 22:18:51.069 | INFO     | __main__:run_walk_forward:240 -   Train bars: 15,000  |  Test bars: 7,125
2026-09-11 22:18:51.069 | INFO     | __main__:run_walk_forward:246 -   Building TRAIN features & labels...
2026-09-11 22:18:51.072 | INFO     | app.features.feature_pipeline:generate_features:26 - Calculating Price Features...
2026-09-11 22:18:51.080 | INFO     | app.features.feature_pipeline:generate_features:33 - Calculating Market Structure Features...
2026-09-11 22:18:51.103 | INFO     | app.features.feature_pipeline:generate_features:37 - Calculating Time Features...
2026-09-11 22:18:51.105 | INFO     | app.features.feature_pipeline:generate_features:48 - Feature pipeline complete. Dropped 0 rows due to rolling window warm-up.
2026-09-11 22:18:51.108 | INFO     | app.ml.labeling:apply_3class_regime_labeling:128 - 3-Class Regime Labeling complete. Distribution: {'BULLISH': 4769, 'RANGE': 4806, 'BEARISH': 5365}
2026-09-11 22:18:51.109 | INFO     | __main__:run_walk_forward:252 -   Building TEST features & labels...
2026-09-11 22:18:51.113 | INFO     | app.features.feature_pipeline:generate_features:26 - Calculating Price Features...
2026-09-11 22:18:51.119 | INFO     | app.features.feature_pipeline:generate_features:33 - Calculating Market Structure Features...
2026-09-11 22:18:51.133 | INFO     | app.features.feature_pipeline:generate_features:37 - Calculating Time Features...
2026-09-11 22:18:51.134 | INFO     | app.features.feature_pipeline:generate_features:48 - Feature pipeline complete. Dropped 0 rows due to rolling window warm-up.
2026-09-11 22:18:51.136 | INFO     | app.ml.labeling:apply_3class_regime_labeling:128 - 3-Class Regime Labeling complete. Distribution: {'BULLISH': 2826, 'RANGE': 2032, 'BEARISH': 2207}
2026-09-11 22:18:51.138 | INFO     | __main__:run_walk_forward:267 -   TRAIN labels (0-6): {0: 4769, 1: 4806, 2: 5365}
2026-09-11 22:18:51.138 | INFO     | __main__:run_walk_forward:268 -   TEST  labels (0-6): {0: 2826, 1: 2032, 2: 2207}
2026-09-11 22:18:51.138 | INFO     | __main__:run_walk_forward:270 -   Training XGBoost...
2026-09-11 22:18:51.989 | INFO     | __main__:evaluate:176 - [Fold_22__Train_2026-01-23_2026-03-23__Test_2026-03-23_2026-04-23]  Acc=0.3921  Prec=0.4153  Rec=0.3613  F1=0.3430  | BULL=0.515 RANGE=0.220 BEAR=0.295
2026-09-11 22:18:51.992 | INFO     | __main__:run_walk_forward:286 -   Model saved: models/walk_forward/Fold_22__Train_2026-01-23_2026-03-23__Test_2026-03-23_2026-04-23.joblib
2026-09-11 22:18:51.992 | INFO     | __main__:run_walk_forward:292 - 
========================================================================
2026-09-11 22:18:51.992 | INFO     | __main__:run_walk_forward:293 -   WALK-FORWARD COMPLETE
2026-09-11 22:18:51.992 | INFO     | __main__:run_walk_forward:294 - ========================================================================
2026-09-11 22:18:51.995 | INFO     | __main__:run_walk_forward:322 - Best model saved: models/walk_forward/best_model.joblib
2026-09-11 22:18:51.995 | INFO     | __main__:run_walk_forward:328 - Metrics JSON saved: data/walk_forward_results/walk_forward_metrics_20260911_221851.json
2026-09-11 22:18:51.997 | INFO     | __main__:run_walk_forward:336 - Summary CSV saved: data/walk_forward_results/walk_forward_summary_20260911_221851.csv
