2026-09-11 22:47:07.895 | INFO     | __main__:load_raw_data:89 - Loading raw data from: data/Nifty50_2Years_1Min.csv
2026-09-11 22:47:08.293 | INFO     | __main__:load_raw_data:119 - Loaded 184,373 1-min bars  |  2024-04-23 to 2026-04-23
2026-09-11 22:47:08.293 | INFO     | __main__:run_walk_forward:205 - Walk-Forward Config: TRAIN=3mo  TEST=1mo  STEP=1mo  |  Data: 2024-04-23 to 2026-04-23
2026-09-11 22:47:08.294 | INFO     | __main__:run_walk_forward:222 - Total folds planned: 21
2026-09-11 22:47:08.294 | INFO     | __main__:run_walk_forward:235 - 
========================================================================
2026-09-11 22:47:08.294 | INFO     | __main__:run_walk_forward:236 -   Fold_01__Train_2024-04-23_2024-07-23__Test_2024-07-23_2024-08-23
2026-09-11 22:47:08.294 | INFO     | __main__:run_walk_forward:237 - ========================================================================
2026-09-11 22:47:08.296 | INFO     | __main__:run_walk_forward:242 -   Train bars: 22,971  |  Test bars: 8,250
2026-09-11 22:47:08.296 | INFO     | __main__:run_walk_forward:248 -   Building TRAIN features & labels...
2026-09-11 22:47:08.302 | INFO     | app.features.feature_pipeline:generate_features:38 - Calculating Price Features...
2026-09-11 22:47:08.315 | INFO     | app.features.feature_pipeline:generate_features:46 - Calculating RSI Divergence Features...
2026-09-11 22:47:08.317 | INFO     | app.features.feature_pipeline:generate_features:50 - Calculating VWAP Band Features...
2026-09-11 22:47:08.320 | INFO     | app.features.feature_pipeline:generate_features:54 - Calculating Volume Spike Features...
2026-09-11 22:47:08.325 | WARNING  | __main__:build_features_and_labels:142 - Feature/label pipeline failed: 'Column not found: None'
2026-09-11 22:47:08.326 | WARNING  | __main__:run_walk_forward:251 -   TRAIN features empty — skipping.
2026-09-11 22:47:08.326 | INFO     | __main__:run_walk_forward:235 - 
========================================================================
2026-09-11 22:47:08.326 | INFO     | __main__:run_walk_forward:236 -   Fold_02__Train_2024-05-23_2024-08-23__Test_2024-08-23_2024-09-23
2026-09-11 22:47:08.326 | INFO     | __main__:run_walk_forward:237 - ========================================================================
2026-09-11 22:47:08.328 | INFO     | __main__:run_walk_forward:242 -   Train bars: 23,616  |  Test bars: 7,875
2026-09-11 22:47:08.328 | INFO     | __main__:run_walk_forward:248 -   Building TRAIN features & labels...
2026-09-11 22:47:08.331 | INFO     | app.features.feature_pipeline:generate_features:38 - Calculating Price Features...
2026-09-11 22:47:08.341 | INFO     | app.features.feature_pipeline:generate_features:46 - Calculating RSI Divergence Features...
2026-09-11 22:47:08.343 | INFO     | app.features.feature_pipeline:generate_features:50 - Calculating VWAP Band Features...
2026-09-11 22:47:08.346 | INFO     | app.features.feature_pipeline:generate_features:54 - Calculating Volume Spike Features...
2026-09-11 22:47:08.350 | WARNING  | __main__:build_features_and_labels:142 - Feature/label pipeline failed: 'Column not found: None'
2026-09-11 22:47:08.350 | WARNING  | __main__:run_walk_forward:251 -   TRAIN features empty — skipping.
2026-09-11 22:47:08.350 | INFO     | __main__:run_walk_forward:235 - 
========================================================================
2026-09-11 22:47:08.350 | INFO     | __main__:run_walk_forward:236 -   Fold_03__Train_2024-06-23_2024-09-23__Test_2024-09-23_2024-10-23
2026-09-11 22:47:08.350 | INFO     | __main__:run_walk_forward:237 - ========================================================================
2026-09-11 22:47:08.351 | INFO     | __main__:run_walk_forward:242 -   Train bars: 23,616  |  Test bars: 7,875
2026-09-11 22:47:08.351 | INFO     | __main__:run_walk_forward:248 -   Building TRAIN features & labels...
2026-09-11 22:47:08.355 | INFO     | app.features.feature_pipeline:generate_features:38 - Calculating Price Features...
2026-09-11 22:47:08.365 | INFO     | app.features.feature_pipeline:generate_features:46 - Calculating RSI Divergence Features...
2026-09-11 22:47:08.366 | INFO     | app.features.feature_pipeline:generate_features:50 - Calculating VWAP Band Features...
2026-09-11 22:47:08.370 | INFO     | app.features.feature_pipeline:generate_features:54 - Calculating Volume Spike Features...
2026-09-11 22:47:08.374 | WARNING  | __main__:build_features_and_labels:142 - Feature/label pipeline failed: 'Column not found: None'
2026-09-11 22:47:08.374 | WARNING  | __main__:run_walk_forward:251 -   TRAIN features empty — skipping.
2026-09-11 22:47:08.374 | INFO     | __main__:run_walk_forward:235 - 
========================================================================
2026-09-11 22:47:08.374 | INFO     | __main__:run_walk_forward:236 -   Fold_04__Train_2024-07-23_2024-10-23__Test_2024-10-23_2024-11-23
2026-09-11 22:47:08.374 | INFO     | __main__:run_walk_forward:237 - ========================================================================
2026-09-11 22:47:08.376 | INFO     | __main__:run_walk_forward:242 -   Train bars: 24,000  |  Test bars: 7,500
2026-09-11 22:47:08.376 | INFO     | __main__:run_walk_forward:248 -   Building TRAIN features & labels...
2026-09-11 22:47:08.379 | INFO     | app.features.feature_pipeline:generate_features:38 - Calculating Price Features...
2026-09-11 22:47:08.389 | INFO     | app.features.feature_pipeline:generate_features:46 - Calculating RSI Divergence Features...
2026-09-11 22:47:08.391 | INFO     | app.features.feature_pipeline:generate_features:50 - Calculating VWAP Band Features...
2026-09-11 22:47:08.394 | INFO     | app.features.feature_pipeline:generate_features:54 - Calculating Volume Spike Features...
2026-09-11 22:47:08.398 | WARNING  | __main__:build_features_and_labels:142 - Feature/label pipeline failed: 'Column not found: None'
2026-09-11 22:47:08.398 | WARNING  | __main__:run_walk_forward:251 -   TRAIN features empty — skipping.
2026-09-11 22:47:08.398 | INFO     | __main__:run_walk_forward:235 - 
========================================================================
2026-09-11 22:47:08.398 | INFO     | __main__:run_walk_forward:236 -   Fold_05__Train_2024-08-23_2024-11-23__Test_2024-11-23_2024-12-23
2026-09-11 22:47:08.398 | INFO     | __main__:run_walk_forward:237 - ========================================================================
2026-09-11 22:47:08.400 | INFO     | __main__:run_walk_forward:242 -   Train bars: 23,250  |  Test bars: 7,500
2026-09-11 22:47:08.400 | INFO     | __main__:run_walk_forward:248 -   Building TRAIN features & labels...
2026-09-11 22:47:08.403 | INFO     | app.features.feature_pipeline:generate_features:38 - Calculating Price Features...
2026-09-11 22:47:08.413 | INFO     | app.features.feature_pipeline:generate_features:46 - Calculating RSI Divergence Features...
2026-09-11 22:47:08.414 | INFO     | app.features.feature_pipeline:generate_features:50 - Calculating VWAP Band Features...
2026-09-11 22:47:08.417 | INFO     | app.features.feature_pipeline:generate_features:54 - Calculating Volume Spike Features...
2026-09-11 22:47:08.421 | WARNING  | __main__:build_features_and_labels:142 - Feature/label pipeline failed: 'Column not found: None'
2026-09-11 22:47:08.421 | WARNING  | __main__:run_walk_forward:251 -   TRAIN features empty — skipping.
2026-09-11 22:47:08.421 | INFO     | __main__:run_walk_forward:235 - 
========================================================================
2026-09-11 22:47:08.421 | INFO     | __main__:run_walk_forward:236 -   Fold_06__Train_2024-09-23_2024-12-23__Test_2024-12-23_2025-01-23
2026-09-11 22:47:08.421 | INFO     | __main__:run_walk_forward:237 - ========================================================================
2026-09-11 22:47:08.423 | INFO     | __main__:run_walk_forward:242 -   Train bars: 22,875  |  Test bars: 8,000
2026-09-11 22:47:08.423 | INFO     | __main__:run_walk_forward:248 -   Building TRAIN features & labels...
2026-09-11 22:47:08.426 | INFO     | app.features.feature_pipeline:generate_features:38 - Calculating Price Features...
2026-09-11 22:47:08.438 | INFO     | app.features.feature_pipeline:generate_features:46 - Calculating RSI Divergence Features...
2026-09-11 22:47:08.439 | INFO     | app.features.feature_pipeline:generate_features:50 - Calculating VWAP Band Features...
2026-09-11 22:47:08.441 | INFO     | app.features.feature_pipeline:generate_features:54 - Calculating Volume Spike Features...
2026-09-11 22:47:08.445 | WARNING  | __main__:build_features_and_labels:142 - Feature/label pipeline failed: 'Column not found: None'
2026-09-11 22:47:08.446 | WARNING  | __main__:run_walk_forward:251 -   TRAIN features empty — skipping.
2026-09-11 22:47:08.446 | INFO     | __main__:run_walk_forward:235 - 
========================================================================
2026-09-11 22:47:08.446 | INFO     | __main__:run_walk_forward:236 -   Fold_07__Train_2024-10-23_2025-01-23__Test_2025-01-23_2025-02-23
2026-09-11 22:47:08.446 | INFO     | __main__:run_walk_forward:237 - ========================================================================
2026-09-11 22:47:08.447 | INFO     | __main__:run_walk_forward:242 -   Train bars: 23,000  |  Test bars: 8,375
2026-09-11 22:47:08.447 | INFO     | __main__:run_walk_forward:248 -   Building TRAIN features & labels...
2026-09-11 22:47:08.451 | INFO     | app.features.feature_pipeline:generate_features:38 - Calculating Price Features...
2026-09-11 22:47:08.460 | INFO     | app.features.feature_pipeline:generate_features:46 - Calculating RSI Divergence Features...
2026-09-11 22:47:08.462 | INFO     | app.features.feature_pipeline:generate_features:50 - Calculating VWAP Band Features...
2026-09-11 22:47:08.464 | INFO     | app.features.feature_pipeline:generate_features:54 - Calculating Volume Spike Features...
2026-09-11 22:47:08.468 | WARNING  | __main__:build_features_and_labels:142 - Feature/label pipeline failed: 'Column not found: None'
2026-09-11 22:47:08.468 | WARNING  | __main__:run_walk_forward:251 -   TRAIN features empty — skipping.
2026-09-11 22:47:08.468 | INFO     | __main__:run_walk_forward:235 - 
========================================================================
2026-09-11 22:47:08.468 | INFO     | __main__:run_walk_forward:236 -   Fold_08__Train_2024-11-23_2025-02-23__Test_2025-02-23_2025-03-23
2026-09-11 22:47:08.468 | INFO     | __main__:run_walk_forward:237 - ========================================================================
2026-09-11 22:47:08.470 | INFO     | __main__:run_walk_forward:242 -   Train bars: 23,875  |  Test bars: 6,750
2026-09-11 22:47:08.470 | INFO     | __main__:run_walk_forward:248 -   Building TRAIN features & labels...
2026-09-11 22:47:08.473 | INFO     | app.features.feature_pipeline:generate_features:38 - Calculating Price Features...
2026-09-11 22:47:08.483 | INFO     | app.features.feature_pipeline:generate_features:46 - Calculating RSI Divergence Features...
2026-09-11 22:47:08.484 | INFO     | app.features.feature_pipeline:generate_features:50 - Calculating VWAP Band Features...
2026-09-11 22:47:08.488 | INFO     | app.features.feature_pipeline:generate_features:54 - Calculating Volume Spike Features...
2026-09-11 22:47:08.492 | WARNING  | __main__:build_features_and_labels:142 - Feature/label pipeline failed: 'Column not found: None'
2026-09-11 22:47:08.493 | WARNING  | __main__:run_walk_forward:251 -   TRAIN features empty — skipping.
2026-09-11 22:47:08.493 | INFO     | __main__:run_walk_forward:235 - 
========================================================================
2026-09-11 22:47:08.493 | INFO     | __main__:run_walk_forward:236 -   Fold_09__Train_2024-12-23_2025-03-23__Test_2025-03-23_2025-04-23
2026-09-11 22:47:08.493 | INFO     | __main__:run_walk_forward:237 - ========================================================================
2026-09-11 22:47:08.494 | INFO     | __main__:run_walk_forward:242 -   Train bars: 23,125  |  Test bars: 6,750
2026-09-11 22:47:08.494 | INFO     | __main__:run_walk_forward:248 -   Building TRAIN features & labels...
2026-09-11 22:47:08.498 | INFO     | app.features.feature_pipeline:generate_features:38 - Calculating Price Features...
2026-09-11 22:47:08.508 | INFO     | app.features.feature_pipeline:generate_features:46 - Calculating RSI Divergence Features...
2026-09-11 22:47:08.509 | INFO     | app.features.feature_pipeline:generate_features:50 - Calculating VWAP Band Features...
2026-09-11 22:47:08.512 | INFO     | app.features.feature_pipeline:generate_features:54 - Calculating Volume Spike Features...
2026-09-11 22:47:08.516 | WARNING  | __main__:build_features_and_labels:142 - Feature/label pipeline failed: 'Column not found: None'
2026-09-11 22:47:08.516 | WARNING  | __main__:run_walk_forward:251 -   TRAIN features empty — skipping.
2026-09-11 22:47:08.516 | INFO     | __main__:run_walk_forward:235 - 
========================================================================
2026-09-11 22:47:08.516 | INFO     | __main__:run_walk_forward:236 -   Fold_10__Train_2025-01-23_2025-04-23__Test_2025-04-23_2025-05-23
2026-09-11 22:47:08.516 | INFO     | __main__:run_walk_forward:237 - ========================================================================
2026-09-11 22:47:08.517 | INFO     | __main__:run_walk_forward:242 -   Train bars: 21,875  |  Test bars: 7,875
2026-09-11 22:47:08.518 | INFO     | __main__:run_walk_forward:248 -   Building TRAIN features & labels...
2026-09-11 22:47:08.521 | INFO     | app.features.feature_pipeline:generate_features:38 - Calculating Price Features...
2026-09-11 22:47:08.530 | INFO     | app.features.feature_pipeline:generate_features:46 - Calculating RSI Divergence Features...
2026-09-11 22:47:08.532 | INFO     | app.features.feature_pipeline:generate_features:50 - Calculating VWAP Band Features...
2026-09-11 22:47:08.534 | INFO     | app.features.feature_pipeline:generate_features:54 - Calculating Volume Spike Features...
2026-09-11 22:47:08.538 | WARNING  | __main__:build_features_and_labels:142 - Feature/label pipeline failed: 'Column not found: None'
2026-09-11 22:47:08.538 | WARNING  | __main__:run_walk_forward:251 -   TRAIN features empty — skipping.
2026-09-11 22:47:08.538 | INFO     | __main__:run_walk_forward:235 - 
========================================================================
2026-09-11 22:47:08.538 | INFO     | __main__:run_walk_forward:236 -   Fold_11__Train_2025-02-23_2025-05-23__Test_2025-05-23_2025-06-23
2026-09-11 22:47:08.538 | INFO     | __main__:run_walk_forward:237 - ========================================================================
2026-09-11 22:47:08.540 | INFO     | __main__:run_walk_forward:242 -   Train bars: 21,375  |  Test bars: 7,625
2026-09-11 22:47:08.540 | INFO     | __main__:run_walk_forward:248 -   Building TRAIN features & labels...
2026-09-11 22:47:08.544 | INFO     | app.features.feature_pipeline:generate_features:38 - Calculating Price Features...
2026-09-11 22:47:08.554 | INFO     | app.features.feature_pipeline:generate_features:46 - Calculating RSI Divergence Features...
2026-09-11 22:47:08.555 | INFO     | app.features.feature_pipeline:generate_features:50 - Calculating VWAP Band Features...
2026-09-11 22:47:08.558 | INFO     | app.features.feature_pipeline:generate_features:54 - Calculating Volume Spike Features...
2026-09-11 22:47:08.561 | WARNING  | __main__:build_features_and_labels:142 - Feature/label pipeline failed: 'Column not found: None'
2026-09-11 22:47:08.562 | WARNING  | __main__:run_walk_forward:251 -   TRAIN features empty — skipping.
2026-09-11 22:47:08.562 | INFO     | __main__:run_walk_forward:235 - 
========================================================================
2026-09-11 22:47:08.562 | INFO     | __main__:run_walk_forward:236 -   Fold_12__Train_2025-03-23_2025-06-23__Test_2025-06-23_2025-07-23
2026-09-11 22:47:08.562 | INFO     | __main__:run_walk_forward:237 - ========================================================================
2026-09-11 22:47:08.563 | INFO     | __main__:run_walk_forward:242 -   Train bars: 22,250  |  Test bars: 8,250
2026-09-11 22:47:08.563 | INFO     | __main__:run_walk_forward:248 -   Building TRAIN features & labels...
2026-09-11 22:47:08.567 | INFO     | app.features.feature_pipeline:generate_features:38 - Calculating Price Features...
2026-09-11 22:47:08.576 | INFO     | app.features.feature_pipeline:generate_features:46 - Calculating RSI Divergence Features...
2026-09-11 22:47:08.578 | INFO     | app.features.feature_pipeline:generate_features:50 - Calculating VWAP Band Features...
2026-09-11 22:47:08.580 | INFO     | app.features.feature_pipeline:generate_features:54 - Calculating Volume Spike Features...
2026-09-11 22:47:08.584 | WARNING  | __main__:build_features_and_labels:142 - Feature/label pipeline failed: 'Column not found: None'
2026-09-11 22:47:08.584 | WARNING  | __main__:run_walk_forward:251 -   TRAIN features empty — skipping.
2026-09-11 22:47:08.584 | INFO     | __main__:run_walk_forward:235 - 
========================================================================
2026-09-11 22:47:08.584 | INFO     | __main__:run_walk_forward:236 -   Fold_13__Train_2025-04-23_2025-07-23__Test_2025-07-23_2025-08-23
2026-09-11 22:47:08.584 | INFO     | __main__:run_walk_forward:237 - ========================================================================
2026-09-11 22:47:08.586 | INFO     | __main__:run_walk_forward:242 -   Train bars: 23,750  |  Test bars: 8,250
2026-09-11 22:47:08.586 | INFO     | __main__:run_walk_forward:248 -   Building TRAIN features & labels...
2026-09-11 22:47:08.589 | INFO     | app.features.feature_pipeline:generate_features:38 - Calculating Price Features...
2026-09-11 22:47:08.599 | INFO     | app.features.feature_pipeline:generate_features:46 - Calculating RSI Divergence Features...
2026-09-11 22:47:08.601 | INFO     | app.features.feature_pipeline:generate_features:50 - Calculating VWAP Band Features...
2026-09-11 22:47:08.605 | INFO     | app.features.feature_pipeline:generate_features:54 - Calculating Volume Spike Features...
2026-09-11 22:47:08.609 | WARNING  | __main__:build_features_and_labels:142 - Feature/label pipeline failed: 'Column not found: None'
2026-09-11 22:47:08.609 | WARNING  | __main__:run_walk_forward:251 -   TRAIN features empty — skipping.
2026-09-11 22:47:08.609 | INFO     | __main__:run_walk_forward:235 - 
========================================================================
2026-09-11 22:47:08.609 | INFO     | __main__:run_walk_forward:236 -   Fold_14__Train_2025-05-23_2025-08-23__Test_2025-08-23_2025-09-23
2026-09-11 22:47:08.609 | INFO     | __main__:run_walk_forward:237 - ========================================================================
2026-09-11 22:47:08.611 | INFO     | __main__:run_walk_forward:242 -   Train bars: 24,125  |  Test bars: 7,500
2026-09-11 22:47:08.611 | INFO     | __main__:run_walk_forward:248 -   Building TRAIN features & labels...
2026-09-11 22:47:08.614 | INFO     | app.features.feature_pipeline:generate_features:38 - Calculating Price Features...
2026-09-11 22:47:08.623 | INFO     | app.features.feature_pipeline:generate_features:46 - Calculating RSI Divergence Features...
2026-09-11 22:47:08.625 | INFO     | app.features.feature_pipeline:generate_features:50 - Calculating VWAP Band Features...
2026-09-11 22:47:08.627 | INFO     | app.features.feature_pipeline:generate_features:54 - Calculating Volume Spike Features...
2026-09-11 22:47:08.631 | WARNING  | __main__:build_features_and_labels:142 - Feature/label pipeline failed: 'Column not found: None'
2026-09-11 22:47:08.632 | WARNING  | __main__:run_walk_forward:251 -   TRAIN features empty — skipping.
2026-09-11 22:47:08.632 | INFO     | __main__:run_walk_forward:235 - 
========================================================================
2026-09-11 22:47:08.632 | INFO     | __main__:run_walk_forward:236 -   Fold_15__Train_2025-06-23_2025-09-23__Test_2025-09-23_2025-10-23
2026-09-11 22:47:08.632 | INFO     | __main__:run_walk_forward:237 - ========================================================================
2026-09-11 22:47:08.633 | INFO     | __main__:run_walk_forward:242 -   Train bars: 24,000  |  Test bars: 7,197
2026-09-11 22:47:08.633 | INFO     | __main__:run_walk_forward:248 -   Building TRAIN features & labels...
2026-09-11 22:47:08.636 | INFO     | app.features.feature_pipeline:generate_features:38 - Calculating Price Features...
2026-09-11 22:47:08.646 | INFO     | app.features.feature_pipeline:generate_features:46 - Calculating RSI Divergence Features...
2026-09-11 22:47:08.648 | INFO     | app.features.feature_pipeline:generate_features:50 - Calculating VWAP Band Features...
2026-09-11 22:47:08.650 | INFO     | app.features.feature_pipeline:generate_features:54 - Calculating Volume Spike Features...
2026-09-11 22:47:08.654 | WARNING  | __main__:build_features_and_labels:142 - Feature/label pipeline failed: 'Column not found: None'
2026-09-11 22:47:08.654 | WARNING  | __main__:run_walk_forward:251 -   TRAIN features empty — skipping.
2026-09-11 22:47:08.654 | INFO     | __main__:run_walk_forward:235 - 
========================================================================
2026-09-11 22:47:08.654 | INFO     | __main__:run_walk_forward:236 -   Fold_16__Train_2025-07-23_2025-10-23__Test_2025-10-23_2025-11-23
2026-09-11 22:47:08.654 | INFO     | __main__:run_walk_forward:237 - ========================================================================
2026-09-11 22:47:08.656 | INFO     | __main__:run_walk_forward:242 -   Train bars: 22,947  |  Test bars: 7,875
2026-09-11 22:47:08.656 | INFO     | __main__:run_walk_forward:248 -   Building TRAIN features & labels...
2026-09-11 22:47:08.661 | INFO     | app.features.feature_pipeline:generate_features:38 - Calculating Price Features...
2026-09-11 22:47:08.671 | INFO     | app.features.feature_pipeline:generate_features:46 - Calculating RSI Divergence Features...
2026-09-11 22:47:08.673 | INFO     | app.features.feature_pipeline:generate_features:50 - Calculating VWAP Band Features...
2026-09-11 22:47:08.675 | INFO     | app.features.feature_pipeline:generate_features:54 - Calculating Volume Spike Features...
2026-09-11 22:47:08.679 | WARNING  | __main__:build_features_and_labels:142 - Feature/label pipeline failed: 'Column not found: None'
2026-09-11 22:47:08.679 | WARNING  | __main__:run_walk_forward:251 -   TRAIN features empty — skipping.
2026-09-11 22:47:08.679 | INFO     | __main__:run_walk_forward:235 - 
========================================================================
2026-09-11 22:47:08.679 | INFO     | __main__:run_walk_forward:236 -   Fold_17__Train_2025-08-23_2025-11-23__Test_2025-11-23_2025-12-23
2026-09-11 22:47:08.679 | INFO     | __main__:run_walk_forward:237 - ========================================================================
2026-09-11 22:47:08.681 | INFO     | __main__:run_walk_forward:242 -   Train bars: 22,572  |  Test bars: 7,625
2026-09-11 22:47:08.681 | INFO     | __main__:run_walk_forward:248 -   Building TRAIN features & labels...
2026-09-11 22:47:08.684 | INFO     | app.features.feature_pipeline:generate_features:38 - Calculating Price Features...
2026-09-11 22:47:08.694 | INFO     | app.features.feature_pipeline:generate_features:46 - Calculating RSI Divergence Features...
2026-09-11 22:47:08.695 | INFO     | app.features.feature_pipeline:generate_features:50 - Calculating VWAP Band Features...
2026-09-11 22:47:08.698 | INFO     | app.features.feature_pipeline:generate_features:54 - Calculating Volume Spike Features...
2026-09-11 22:47:08.702 | WARNING  | __main__:build_features_and_labels:142 - Feature/label pipeline failed: 'Column not found: None'
2026-09-11 22:47:08.702 | WARNING  | __main__:run_walk_forward:251 -   TRAIN features empty — skipping.
2026-09-11 22:47:08.702 | INFO     | __main__:run_walk_forward:235 - 
========================================================================
2026-09-11 22:47:08.702 | INFO     | __main__:run_walk_forward:236 -   Fold_18__Train_2025-09-23_2025-12-23__Test_2025-12-23_2026-01-23
2026-09-11 22:47:08.702 | INFO     | __main__:run_walk_forward:237 - ========================================================================
2026-09-11 22:47:08.704 | INFO     | __main__:run_walk_forward:242 -   Train bars: 22,697  |  Test bars: 7,875
2026-09-11 22:47:08.704 | INFO     | __main__:run_walk_forward:248 -   Building TRAIN features & labels...
2026-09-11 22:47:08.707 | INFO     | app.features.feature_pipeline:generate_features:38 - Calculating Price Features...
2026-09-11 22:47:08.717 | INFO     | app.features.feature_pipeline:generate_features:46 - Calculating RSI Divergence Features...
2026-09-11 22:47:08.720 | INFO     | app.features.feature_pipeline:generate_features:50 - Calculating VWAP Band Features...
2026-09-11 22:47:08.723 | INFO     | app.features.feature_pipeline:generate_features:54 - Calculating Volume Spike Features...
2026-09-11 22:47:08.726 | WARNING  | __main__:build_features_and_labels:142 - Feature/label pipeline failed: 'Column not found: None'
2026-09-11 22:47:08.727 | WARNING  | __main__:run_walk_forward:251 -   TRAIN features empty — skipping.
2026-09-11 22:47:08.727 | INFO     | __main__:run_walk_forward:235 - 
========================================================================
2026-09-11 22:47:08.727 | INFO     | __main__:run_walk_forward:236 -   Fold_19__Train_2025-10-23_2026-01-23__Test_2026-01-23_2026-02-23
2026-09-11 22:47:08.727 | INFO     | __main__:run_walk_forward:237 - ========================================================================
2026-09-11 22:47:08.728 | INFO     | __main__:run_walk_forward:242 -   Train bars: 23,375  |  Test bars: 7,875
2026-09-11 22:47:08.729 | INFO     | __main__:run_walk_forward:248 -   Building TRAIN features & labels...
2026-09-11 22:47:08.732 | INFO     | app.features.feature_pipeline:generate_features:38 - Calculating Price Features...
2026-09-11 22:47:08.742 | INFO     | app.features.feature_pipeline:generate_features:46 - Calculating RSI Divergence Features...
2026-09-11 22:47:08.743 | INFO     | app.features.feature_pipeline:generate_features:50 - Calculating VWAP Band Features...
2026-09-11 22:47:08.746 | INFO     | app.features.feature_pipeline:generate_features:54 - Calculating Volume Spike Features...
2026-09-11 22:47:08.749 | WARNING  | __main__:build_features_and_labels:142 - Feature/label pipeline failed: 'Column not found: None'
2026-09-11 22:47:08.750 | WARNING  | __main__:run_walk_forward:251 -   TRAIN features empty — skipping.
2026-09-11 22:47:08.750 | INFO     | __main__:run_walk_forward:235 - 
========================================================================
2026-09-11 22:47:08.750 | INFO     | __main__:run_walk_forward:236 -   Fold_20__Train_2025-11-23_2026-02-23__Test_2026-02-23_2026-03-23
2026-09-11 22:47:08.750 | INFO     | __main__:run_walk_forward:237 - ========================================================================
2026-09-11 22:47:08.751 | INFO     | __main__:run_walk_forward:242 -   Train bars: 23,375  |  Test bars: 7,125
2026-09-11 22:47:08.751 | INFO     | __main__:run_walk_forward:248 -   Building TRAIN features & labels...
2026-09-11 22:47:08.755 | INFO     | app.features.feature_pipeline:generate_features:38 - Calculating Price Features...
2026-09-11 22:47:08.764 | INFO     | app.features.feature_pipeline:generate_features:46 - Calculating RSI Divergence Features...
2026-09-11 22:47:08.766 | INFO     | app.features.feature_pipeline:generate_features:50 - Calculating VWAP Band Features...
2026-09-11 22:47:08.768 | INFO     | app.features.feature_pipeline:generate_features:54 - Calculating Volume Spike Features...
2026-09-11 22:47:08.772 | WARNING  | __main__:build_features_and_labels:142 - Feature/label pipeline failed: 'Column not found: None'
2026-09-11 22:47:08.772 | WARNING  | __main__:run_walk_forward:251 -   TRAIN features empty — skipping.
2026-09-11 22:47:08.772 | INFO     | __main__:run_walk_forward:235 - 
========================================================================
2026-09-11 22:47:08.772 | INFO     | __main__:run_walk_forward:236 -   Fold_21__Train_2025-12-23_2026-03-23__Test_2026-03-23_2026-04-23
2026-09-11 22:47:08.772 | INFO     | __main__:run_walk_forward:237 - ========================================================================
2026-09-11 22:47:08.775 | INFO     | __main__:run_walk_forward:242 -   Train bars: 22,875  |  Test bars: 7,125
2026-09-11 22:47:08.775 | INFO     | __main__:run_walk_forward:248 -   Building TRAIN features & labels...
2026-09-11 22:47:08.779 | INFO     | app.features.feature_pipeline:generate_features:38 - Calculating Price Features...
2026-09-11 22:47:08.789 | INFO     | app.features.feature_pipeline:generate_features:46 - Calculating RSI Divergence Features...
2026-09-11 22:47:08.791 | INFO     | app.features.feature_pipeline:generate_features:50 - Calculating VWAP Band Features...
2026-09-11 22:47:08.793 | INFO     | app.features.feature_pipeline:generate_features:54 - Calculating Volume Spike Features...
2026-09-11 22:47:08.798 | WARNING  | __main__:build_features_and_labels:142 - Feature/label pipeline failed: 'Column not found: None'
2026-09-11 22:47:08.798 | WARNING  | __main__:run_walk_forward:251 -   TRAIN features empty — skipping.
2026-09-11 22:47:08.798 | INFO     | __main__:run_walk_forward:294 - 
========================================================================
2026-09-11 22:47:08.798 | INFO     | __main__:run_walk_forward:295 -   WALK-FORWARD COMPLETE
2026-09-11 22:47:08.798 | INFO     | __main__:run_walk_forward:296 - ========================================================================
2026-09-11 22:47:08.798 | ERROR    | __main__:run_walk_forward:299 - No folds completed. Check your data file path and format.
